[0.043s] Invoking command in '/home/pharanguren/TFG/mrpt_ws/build/mrpt_ekf_slam_3d': CMAKE_PREFIX_PATH=${CMAKE_PREFIX_PATH}:/opt/ros/jazzy DEBUGINFOD_URLS=https://debuginfod.ubuntu.com /usr/bin/cmake /home/pharanguren/TFG/mrpt_ws/src/mrpt_slam/mrpt_ekf_slam_3d -DAMENT_CMAKE_SYMLINK_INSTALL=1 -DCMAKE_INSTALL_PREFIX=/home/pharanguren/TFG/mrpt_ws/install/mrpt_ekf_slam_3d
[0.169s] -- The C compiler identification is GNU 13.3.0
[0.300s] -- The CXX compiler identification is GNU 13.3.0
[0.339s] -- Detecting C compiler ABI info
[0.514s] -- Detecting C compiler ABI info - done
[0.534s] -- Check for working C compiler: /usr/bin/cc - skipped
[0.534s] -- Detecting C compile features
[0.535s] -- Detecting C compile features - done
[0.553s] -- Detecting CXX compiler ABI info
[0.742s] -- Detecting CXX compiler ABI info - done
[0.760s] -- Check for working CXX compiler: /usr/bin/c++ - skipped
[0.761s] -- Detecting CXX compile features
[0.762s] -- Detecting CXX compile features - done
[0.771s] -- Found ament_cmake: 2.5.6 (/opt/ros/jazzy/share/ament_cmake/cmake)
[1.116s] -- Found Python3: /usr/bin/python3 (found version "3.12.3") found components: Interpreter 
[1.256s] -- Override CMake install command with custom implementation using symlinks instead of copying resources
[1.361s] -- Found rclcpp: 28.1.21 (/opt/ros/jazzy/share/rclcpp/cmake)
[1.457s] -- Found rosidl_generator_c: 4.6.9 (/opt/ros/jazzy/share/rosidl_generator_c/cmake)
[1.490s] -- Found rosidl_generator_cpp: 4.6.9 (/opt/ros/jazzy/share/rosidl_generator_cpp/cmake)
[1.528s] -- Using all available rosidl_typesupport_c: rosidl_typesupport_fastrtps_c;rosidl_typesupport_introspection_c
[1.569s] -- Using all available rosidl_typesupport_cpp: rosidl_typesupport_fastrtps_cpp;rosidl_typesupport_introspection_cpp
[1.745s] -- Found rmw_implementation_cmake: 7.3.3 (/opt/ros/jazzy/share/rmw_implementation_cmake/cmake)
[1.757s] -- Found rmw_fastrtps_cpp: 8.4.4 (/opt/ros/jazzy/share/rmw_fastrtps_cpp/cmake)
[1.958s] -- Found OpenSSL: /usr/lib/x86_64-linux-gnu/libcrypto.so (found version "3.0.13")  
[2.003s] -- Found FastRTPS: /opt/ros/jazzy/include (Required is at least version "2.13") 
[2.048s] -- Using RMW implementation 'rmw_fastrtps_cpp' as default
[2.258s] -- Found rclcpp_components: 28.1.21 (/opt/ros/jazzy/share/rclcpp_components/cmake)
[2.338s] -- Found tf2: 0.36.21 (/opt/ros/jazzy/share/tf2/cmake)
[2.417s] -- Found tf2_ros: 0.36.21 (/opt/ros/jazzy/share/tf2_ros/cmake)
[2.631s] -- Found tf2_geometry_msgs: 0.36.21 (/opt/ros/jazzy/share/tf2_geometry_msgs/cmake)
[2.671s] -- Found eigen3_cmake_module: 0.3.1 (/opt/ros/jazzy/share/eigen3_cmake_module/cmake)
[2.672s] -- Found Eigen3: TRUE (found version "3.4.0") 
[2.673s] -- Ensuring Eigen3 include directory is part of orocos-kdl CMake target
[2.681s] -- Found nav_msgs: 5.3.8 (/opt/ros/jazzy/share/nav_msgs/cmake)
[2.741s] -- Found sensor_msgs: 5.3.8 (/opt/ros/jazzy/share/sensor_msgs/cmake)
[2.793s] -- Found visualization_msgs: 5.3.8 (/opt/ros/jazzy/share/visualization_msgs/cmake)
[2.876s] -- Found mrpt_msgs: 0.6.0 (/opt/ros/jazzy/share/mrpt_msgs/cmake)
[2.929s] -- Found mrpt_libros_bridge: 3.5.3 (/opt/ros/jazzy/share/mrpt_libros_bridge/cmake)
[3.349s] -- Setting yaml-cpp_DIR to: '/opt/ros/jazzy/share/yaml_cpp_vendor/cmake/../../../opt/yaml_cpp_vendor/share/cmake/yaml-cpp'
[3.636s] -- Found mrpt_msgs_bridge: 2.5.0 (/opt/ros/jazzy/share/mrpt_msgs_bridge/cmake)
[3.669s] -- Found ament_lint_auto: 0.17.5 (/opt/ros/jazzy/share/ament_lint_auto/cmake)
[3.683s] -- Found ament_cmake_pytest: 2.5.6 (/opt/ros/jazzy/share/ament_cmake_pytest/cmake)
[3.725s] -- Found ament_cmake_gtest: 2.5.6 (/opt/ros/jazzy/share/ament_cmake_gtest/cmake)
[7.360s] -- Found gtest sources under '/opt/ros/jazzy/src/gtest_vendor': C++ tests using 'Google Test' will be built
[7.367s] -- Found Threads: TRUE  
[7.384s] -- Added test 'copyright' to check source files copyright and LICENSE
[7.387s] -- Added test 'cppcheck' to perform static code analysis on C / C++ code
[7.388s] -- Configured cppcheck include dirs: /home/pharanguren/TFG/mrpt_ws/src/mrpt_slam/mrpt_ekf_slam_3d/include
[7.388s] -- Configured cppcheck exclude dirs and/or files: 
[7.407s] -- Added test 'cpplint' to check C / C++ code against the Google style
[7.408s] -- Configured cpplint exclude dirs and/or files: 
[7.410s] -- Added test 'flake8' to check Python code syntax and style conventions
[7.411s] -- Configured 'flake8' exclude dirs and/or files: 
[7.413s] -- Added test 'lint_cmake' to check CMake code style
[7.415s] -- Added test 'pep257' to check Python code against some of the docstring style conventions in PEP 257
[7.418s] -- Added test 'xmllint' to check XML markup files
[7.423s] -- Configuring done (7.4s)
[7.488s] -- Generating done (0.0s)
[7.559s] -- Build files have been written to: /home/pharanguren/TFG/mrpt_ws/build/mrpt_ekf_slam_3d
[7.595s] Invoked command in '/home/pharanguren/TFG/mrpt_ws/build/mrpt_ekf_slam_3d' returned '0': CMAKE_PREFIX_PATH=${CMAKE_PREFIX_PATH}:/opt/ros/jazzy DEBUGINFOD_URLS=https://debuginfod.ubuntu.com /usr/bin/cmake /home/pharanguren/TFG/mrpt_ws/src/mrpt_slam/mrpt_ekf_slam_3d -DAMENT_CMAKE_SYMLINK_INSTALL=1 -DCMAKE_INSTALL_PREFIX=/home/pharanguren/TFG/mrpt_ws/install/mrpt_ekf_slam_3d
[7.598s] Invoking command in '/home/pharanguren/TFG/mrpt_ws/build/mrpt_ekf_slam_3d': CMAKE_PREFIX_PATH=${CMAKE_PREFIX_PATH}:/opt/ros/jazzy DEBUGINFOD_URLS=https://debuginfod.ubuntu.com /usr/bin/cmake --build /home/pharanguren/TFG/mrpt_ws/build/mrpt_ekf_slam_3d -- -j12 -l12
[7.714s] [ 20%] [32mBuilding CXX object gtest/CMakeFiles/gtest.dir/src/gtest-all.cc.o[0m
[7.714s] [ 20%] [32mBuilding CXX object gtest/CMakeFiles/gtest_main.dir/src/gtest_main.cc.o[0m
[7.715s] [ 30%] [32mBuilding CXX object CMakeFiles/mrpt_ekf_slam_3d.dir/src/mrpt_ekf_slam_3d.cpp.o[0m
[7.730s] [ 50%] [32mBuilding CXX object CMakeFiles/mrpt_ekf_slam_3d.dir/src/mrpt_ekf_slam_3d_app.cpp.o[0m
[7.730s] [ 50%] [32mBuilding CXX object CMakeFiles/mrpt_ekf_slam_3d.dir/src/mrpt_ekf_slam_3d_wrapper.cpp.o[0m
[11.446s] [ 60%] [32m[1mLinking CXX static library libgtest_main.a[0m
[11.641s] [ 60%] Built target gtest_main
