[ 10%] [32mBuilding CXX object gtest/CMakeFiles/gtest.dir/src/gtest-all.cc.o[0m
[ 20%] [32mBuilding CXX object CMakeFiles/mrpt_ekf_slam_3d.dir/src/mrpt_ekf_slam_3d_wrapper.cpp.o[0m
[ 30%] [32mBuilding CXX object CMakeFiles/mrpt_ekf_slam_3d.dir/src/mrpt_ekf_slam_3d.cpp.o[0m
[ 50%] Built target gtest_main
[ 60%] [32mBuilding CXX object CMakeFiles/mrpt_ekf_slam_3d.dir/src/mrpt_ekf_slam_3d_app.cpp.o[0m
[ 70%] [32m[1mLinking CXX static library libgtest.a[0m
[ 70%] Built target gtest
[ 80%] [32m[1mLinking CXX executable mrpt_ekf_slam_3d[0m
[ 80%] Built target mrpt_ekf_slam_3d
[ 90%] [32mBuilding CXX object CMakeFiles/test_ekf_slam_3d_core.dir/test/test_ekf_slam_3d_core.cpp.o[0m
[100%] [32m[1mLinking CXX executable test_ekf_slam_3d_core[0m
[100%] Built target test_ekf_slam_3d_core
-- Install configuration: ""
-- Execute custom install script
-- Symlinking: /home/pharanguren/TFG/mrpt_ws/install/mrpt_ekf_slam_3d/lib/mrpt_ekf_slam_3d/mrpt_ekf_slam_3d
-- Symlinking: /home/pharanguren/TFG/mrpt_ws/install/mrpt_ekf_slam_3d/share/mrpt_ekf_slam_3d/launch/ekf_slam_3d.launch.py
-- Symlinking: /home/pharanguren/TFG/mrpt_ws/install/mrpt_ekf_slam_3d/share/mrpt_ekf_slam_3d/launch/ekf_slam_3d_rawlog.launch.py
-- Symlinking: /home/pharanguren/TFG/mrpt_ws/install/mrpt_ekf_slam_3d/share/mrpt_ekf_slam_3d/launch/ekf_slam_3d_wheeled_robot.launch.py
-- Symlinking: /home/pharanguren/TFG/mrpt_ws/install/mrpt_ekf_slam_3d/share/mrpt_ekf_slam_3d/tutorial/kf-slam_6D_demo.ini
-- Symlinking: /home/pharanguren/TFG/mrpt_ws/install/mrpt_ekf_slam_3d/share/mrpt_ekf_slam_3d/tutorial/kf-slam_6D_demo.rawlog
-- Symlinking: /home/pharanguren/TFG/mrpt_ws/install/mrpt_ekf_slam_3d/share/mrpt_ekf_slam_3d/rviz/rviz_conf_ekf_3d.rviz
-- Symlinking: /home/pharanguren/TFG/mrpt_ws/install/mrpt_ekf_slam_3d/share/ament_index/resource_index/package_run_dependencies/mrpt_ekf_slam_3d
-- Symlinking: /home/pharanguren/TFG/mrpt_ws/install/mrpt_ekf_slam_3d/share/ament_index/resource_index/parent_prefix_path/mrpt_ekf_slam_3d
-- Symlinking: /home/pharanguren/TFG/mrpt_ws/install/mrpt_ekf_slam_3d/share/mrpt_ekf_slam_3d/environment/ament_prefix_path.sh
-- Symlinking: /home/pharanguren/TFG/mrpt_ws/install/mrpt_ekf_slam_3d/share/mrpt_ekf_slam_3d/environment/ament_prefix_path.dsv
-- Symlinking: /home/pharanguren/TFG/mrpt_ws/install/mrpt_ekf_slam_3d/share/mrpt_ekf_slam_3d/environment/path.sh
-- Symlinking: /home/pharanguren/TFG/mrpt_ws/install/mrpt_ekf_slam_3d/share/mrpt_ekf_slam_3d/environment/path.dsv
-- Symlinking: /home/pharanguren/TFG/mrpt_ws/install/mrpt_ekf_slam_3d/share/mrpt_ekf_slam_3d/local_setup.bash
-- Symlinking: /home/pharanguren/TFG/mrpt_ws/install/mrpt_ekf_slam_3d/share/mrpt_ekf_slam_3d/local_setup.sh
-- Symlinking: /home/pharanguren/TFG/mrpt_ws/install/mrpt_ekf_slam_3d/share/mrpt_ekf_slam_3d/local_setup.zsh
-- Symlinking: /home/pharanguren/TFG/mrpt_ws/install/mrpt_ekf_slam_3d/share/mrpt_ekf_slam_3d/local_setup.dsv
-- Symlinking: /home/pharanguren/TFG/mrpt_ws/install/mrpt_ekf_slam_3d/share/mrpt_ekf_slam_3d/package.dsv
-- Symlinking: /home/pharanguren/TFG/mrpt_ws/install/mrpt_ekf_slam_3d/share/ament_index/resource_index/packages/mrpt_ekf_slam_3d
-- Symlinking: /home/pharanguren/TFG/mrpt_ws/install/mrpt_ekf_slam_3d/share/mrpt_ekf_slam_3d/cmake/mrpt_ekf_slam_3dConfig.cmake
-- Symlinking: /home/pharanguren/TFG/mrpt_ws/install/mrpt_ekf_slam_3d/share/mrpt_ekf_slam_3d/cmake/mrpt_ekf_slam_3dConfig-version.cmake
-- Symlinking: /home/pharanguren/TFG/mrpt_ws/install/mrpt_ekf_slam_3d/share/mrpt_ekf_slam_3d/package.xml
