[0.125s] DEBUG:colcon:Command line arguments: ['/usr/bin/colcon', 'build', '--symlink-install']
[0.125s] DEBUG:colcon:Parsed command line arguments: Namespace(log_base=None, log_level=None, verb_name='build', build_base='build', install_base='install', merge_install=False, symlink_install=True, test_result_base=None, continue_on_error=False, executor='parallel', parallel_workers=12, event_handlers=None, ignore_user_meta=False, metas=['./colcon.meta'], base_paths=['.'], packages_ignore=None, packages_ignore_regex=None, paths=None, packages_up_to=None, packages_up_to_regex=None, packages_above=None, packages_above_and_dependencies=None, packages_above_depth=None, packages_select_by_dep=None, packages_skip_by_dep=None, packages_skip_up_to=None, packages_select_build_failed=False, packages_skip_build_finished=False, packages_select_test_failures=False, packages_skip_test_passed=False, packages_select=None, packages_skip=None, packages_select_regex=None, packages_skip_regex=None, packages_start=None, packages_end=None, allow_overriding=[], cmake_args=None, cmake_target=None, cmake_target_skip_unavailable=False, cmake_clean_cache=False, cmake_clean_first=False, cmake_force_configure=False, ament_cmake_args=None, catkin_cmake_args=None, catkin_skip_building_tests=False, mixin_files=None, mixin=None, verb_parser=<colcon_mixin.mixin.mixin_argument.MixinArgumentDecorator object at 0x74bb6d2a22d0>, verb_extension=<colcon_core.verb.build.BuildVerb object at 0x74bb6d2481d0>, main=<bound method BuildVerb.main of <colcon_core.verb.build.BuildVerb object at 0x74bb6d2481d0>>, mixin_verb=('build',))
[0.165s] Level 1:colcon.colcon_core.package_discovery:discover_packages(colcon_meta) check parameters
[0.165s] Level 1:colcon.colcon_core.package_discovery:discover_packages(recursive) check parameters
[0.165s] Level 1:colcon.colcon_core.package_discovery:discover_packages(ignore) check parameters
[0.165s] Level 1:colcon.colcon_core.package_discovery:discover_packages(path) check parameters
[0.165s] Level 1:colcon.colcon_core.package_discovery:discover_packages(colcon_meta) discover
[0.165s] Level 1:colcon.colcon_core.package_discovery:discover_packages(recursive) discover
[0.165s] INFO:colcon.colcon_core.package_discovery:Crawling recursively for packages in '/home/pharanguren/TFG/lama_ws'
[0.165s] Level 1:colcon.colcon_core.package_identification:_identify(.) by extensions ['ignore', 'ignore_ament_install']
[0.165s] Level 1:colcon.colcon_core.package_identification:_identify(.) by extension 'ignore'
[0.166s] Level 1:colcon.colcon_core.package_identification:_identify(.) by extension 'ignore_ament_install'
[0.166s] Level 1:colcon.colcon_core.package_identification:_identify(.) by extensions ['colcon_pkg']
[0.166s] Level 1:colcon.colcon_core.package_identification:_identify(.) by extension 'colcon_pkg'
[0.166s] Level 1:colcon.colcon_core.package_identification:_identify(.) by extensions ['colcon_meta']
[0.166s] Level 1:colcon.colcon_core.package_identification:_identify(.) by extension 'colcon_meta'
[0.166s] Level 1:colcon.colcon_core.package_identification:_identify(.) by extensions ['ros']
[0.166s] Level 1:colcon.colcon_core.package_identification:_identify(.) by extension 'ros'
[0.193s] Level 1:colcon.colcon_core.package_identification:_identify(.) by extensions ['cmake', 'python']
[0.193s] Level 1:colcon.colcon_core.package_identification:_identify(.) by extension 'cmake'
[0.193s] Level 1:colcon.colcon_core.package_identification:_identify(.) by extension 'python'
[0.193s] Level 1:colcon.colcon_core.package_identification:_identify(.) by extensions ['python_setup_py']
[0.193s] Level 1:colcon.colcon_core.package_identification:_identify(.) by extension 'python_setup_py'
[0.193s] Level 1:colcon.colcon_core.package_identification:_identify(build) by extensions ['ignore', 'ignore_ament_install']
[0.193s] Level 1:colcon.colcon_core.package_identification:_identify(build) by extension 'ignore'
[0.193s] Level 1:colcon.colcon_core.package_identification:_identify(build) ignored
[0.193s] Level 1:colcon.colcon_core.package_identification:_identify(install) by extensions ['ignore', 'ignore_ament_install']
[0.193s] Level 1:colcon.colcon_core.package_identification:_identify(install) by extension 'ignore'
[0.193s] Level 1:colcon.colcon_core.package_identification:_identify(install) ignored
[0.194s] Level 1:colcon.colcon_core.package_identification:_identify(log) by extensions ['ignore', 'ignore_ament_install']
[0.194s] Level 1:colcon.colcon_core.package_identification:_identify(log) by extension 'ignore'
[0.194s] Level 1:colcon.colcon_core.package_identification:_identify(log) ignored
[0.194s] Level 1:colcon.colcon_core.package_identification:_identify(src) by extensions ['ignore', 'ignore_ament_install']
[0.194s] Level 1:colcon.colcon_core.package_identification:_identify(src) by extension 'ignore'
[0.194s] Level 1:colcon.colcon_core.package_identification:_identify(src) by extension 'ignore_ament_install'
[0.194s] Level 1:colcon.colcon_core.package_identification:_identify(src) by extensions ['colcon_pkg']
[0.194s] Level 1:colcon.colcon_core.package_identification:_identify(src) by extension 'colcon_pkg'
[0.194s] Level 1:colcon.colcon_core.package_identification:_identify(src) by extensions ['colcon_meta']
[0.194s] Level 1:colcon.colcon_core.package_identification:_identify(src) by extension 'colcon_meta'
[0.194s] Level 1:colcon.colcon_core.package_identification:_identify(src) by extensions ['ros']
[0.194s] Level 1:colcon.colcon_core.package_identification:_identify(src) by extension 'ros'
[0.194s] Level 1:colcon.colcon_core.package_identification:_identify(src) by extensions ['cmake', 'python']
[0.194s] Level 1:colcon.colcon_core.package_identification:_identify(src) by extension 'cmake'
[0.194s] Level 1:colcon.colcon_core.package_identification:_identify(src) by extension 'python'
[0.194s] Level 1:colcon.colcon_core.package_identification:_identify(src) by extensions ['python_setup_py']
[0.194s] Level 1:colcon.colcon_core.package_identification:_identify(src) by extension 'python_setup_py'
[0.194s] Level 1:colcon.colcon_core.package_identification:_identify(src/iris_lama) by extensions ['ignore', 'ignore_ament_install']
[0.195s] Level 1:colcon.colcon_core.package_identification:_identify(src/iris_lama) by extension 'ignore'
[0.195s] Level 1:colcon.colcon_core.package_identification:_identify(src/iris_lama) by extension 'ignore_ament_install'
[0.195s] Level 1:colcon.colcon_core.package_identification:_identify(src/iris_lama) by extensions ['colcon_pkg']
[0.195s] Level 1:colcon.colcon_core.package_identification:_identify(src/iris_lama) by extension 'colcon_pkg'
[0.195s] Level 1:colcon.colcon_core.package_identification:_identify(src/iris_lama) by extensions ['colcon_meta']
[0.195s] Level 1:colcon.colcon_core.package_identification:_identify(src/iris_lama) by extension 'colcon_meta'
[0.195s] Level 1:colcon.colcon_core.package_identification:_identify(src/iris_lama) by extensions ['ros']
[0.195s] Level 1:colcon.colcon_core.package_identification:_identify(src/iris_lama) by extension 'ros'
[0.197s] DEBUG:colcon.colcon_core.package_identification:Package 'src/iris_lama' with type 'ros.cmake' and name 'iris_lama'
[0.197s] Level 1:colcon.colcon_core.package_identification:_identify(src/iris_lama_ros) by extensions ['ignore', 'ignore_ament_install']
[0.197s] Level 1:colcon.colcon_core.package_identification:_identify(src/iris_lama_ros) by extension 'ignore'
[0.197s] Level 1:colcon.colcon_core.package_identification:_identify(src/iris_lama_ros) by extension 'ignore_ament_install'
[0.197s] Level 1:colcon.colcon_core.package_identification:_identify(src/iris_lama_ros) by extensions ['colcon_pkg']
[0.198s] Level 1:colcon.colcon_core.package_identification:_identify(src/iris_lama_ros) by extension 'colcon_pkg'
[0.198s] Level 1:colcon.colcon_core.package_identification:_identify(src/iris_lama_ros) by extensions ['colcon_meta']
[0.198s] Level 1:colcon.colcon_core.package_identification:_identify(src/iris_lama_ros) by extension 'colcon_meta'
[0.198s] Level 1:colcon.colcon_core.package_identification:_identify(src/iris_lama_ros) by extensions ['ros']
[0.198s] Level 1:colcon.colcon_core.package_identification:_identify(src/iris_lama_ros) by extension 'ros'
[0.198s] DEBUG:colcon.colcon_core.package_identification:Package 'src/iris_lama_ros' with type 'ros.ament_cmake' and name 'iris_lama_ros2'
[0.198s] Level 1:colcon.colcon_core.package_discovery:discover_packages(recursive) using defaults
[0.198s] Level 1:colcon.colcon_core.package_discovery:discover_packages(ignore) discover
[0.198s] Level 1:colcon.colcon_core.package_discovery:discover_packages(ignore) using defaults
[0.198s] Level 1:colcon.colcon_core.package_discovery:discover_packages(path) discover
[0.198s] Level 1:colcon.colcon_core.package_discovery:discover_packages(path) using defaults
[0.224s] Level 1:colcon.colcon_core.package_discovery:discover_packages(prefix_path) check parameters
[0.224s] Level 1:colcon.colcon_core.package_discovery:discover_packages(prefix_path) discover
[0.226s] DEBUG:colcon.colcon_installed_package_information.package_discovery:Found 8 installed packages in /home/pharanguren/turtlebot4_ws/install
[0.228s] DEBUG:colcon.colcon_installed_package_information.package_discovery:Found 479 installed packages in /opt/ros/jazzy
[0.231s] Level 1:colcon.colcon_core.package_discovery:discover_packages(prefix_path) using defaults
[0.298s] Level 5:colcon.colcon_core.verb:set package 'iris_lama' build argument 'cmake_args' from command line to 'None'
[0.298s] Level 5:colcon.colcon_core.verb:set package 'iris_lama' build argument 'cmake_target' from command line to 'None'
[0.298s] Level 5:colcon.colcon_core.verb:set package 'iris_lama' build argument 'cmake_target_skip_unavailable' from command line to 'False'
[0.298s] Level 5:colcon.colcon_core.verb:set package 'iris_lama' build argument 'cmake_clean_cache' from command line to 'False'
[0.298s] Level 5:colcon.colcon_core.verb:set package 'iris_lama' build argument 'cmake_clean_first' from command line to 'False'
[0.299s] Level 5:colcon.colcon_core.verb:set package 'iris_lama' build argument 'cmake_force_configure' from command line to 'False'
[0.299s] Level 5:colcon.colcon_core.verb:set package 'iris_lama' build argument 'ament_cmake_args' from command line to 'None'
[0.299s] Level 5:colcon.colcon_core.verb:set package 'iris_lama' build argument 'catkin_cmake_args' from command line to 'None'
[0.299s] Level 5:colcon.colcon_core.verb:set package 'iris_lama' build argument 'catkin_skip_building_tests' from command line to 'False'
[0.299s] DEBUG:colcon.colcon_core.verb:Building package 'iris_lama' with the following arguments: {'ament_cmake_args': None, 'build_base': '/home/pharanguren/TFG/lama_ws/build/iris_lama', 'catkin_cmake_args': None, 'catkin_skip_building_tests': False, 'cmake_args': None, 'cmake_clean_cache': False, 'cmake_clean_first': False, 'cmake_force_configure': False, 'cmake_target': None, 'cmake_target_skip_unavailable': False, 'install_base': '/home/pharanguren/TFG/lama_ws/install/iris_lama', 'merge_install': False, 'path': '/home/pharanguren/TFG/lama_ws/src/iris_lama', 'symlink_install': True, 'test_result_base': None}
[0.299s] Level 5:colcon.colcon_core.verb:set package 'iris_lama_ros2' build argument 'cmake_args' from command line to 'None'
[0.299s] Level 5:colcon.colcon_core.verb:set package 'iris_lama_ros2' build argument 'cmake_target' from command line to 'None'
[0.299s] Level 5:colcon.colcon_core.verb:set package 'iris_lama_ros2' build argument 'cmake_target_skip_unavailable' from command line to 'False'
[0.299s] Level 5:colcon.colcon_core.verb:set package 'iris_lama_ros2' build argument 'cmake_clean_cache' from command line to 'False'
[0.299s] Level 5:colcon.colcon_core.verb:set package 'iris_lama_ros2' build argument 'cmake_clean_first' from command line to 'False'
[0.299s] Level 5:colcon.colcon_core.verb:set package 'iris_lama_ros2' build argument 'cmake_force_configure' from command line to 'False'
[0.299s] Level 5:colcon.colcon_core.verb:set package 'iris_lama_ros2' build argument 'ament_cmake_args' from command line to 'None'
[0.299s] Level 5:colcon.colcon_core.verb:set package 'iris_lama_ros2' build argument 'catkin_cmake_args' from command line to 'None'
[0.299s] Level 5:colcon.colcon_core.verb:set package 'iris_lama_ros2' build argument 'catkin_skip_building_tests' from command line to 'False'
[0.300s] DEBUG:colcon.colcon_core.verb:Building package 'iris_lama_ros2' with the following arguments: {'ament_cmake_args': None, 'build_base': '/home/pharanguren/TFG/lama_ws/build/iris_lama_ros2', 'catkin_cmake_args': None, 'catkin_skip_building_tests': False, 'cmake_args': None, 'cmake_clean_cache': False, 'cmake_clean_first': False, 'cmake_force_configure': False, 'cmake_target': None, 'cmake_target_skip_unavailable': False, 'install_base': '/home/pharanguren/TFG/lama_ws/install/iris_lama_ros2', 'merge_install': False, 'path': '/home/pharanguren/TFG/lama_ws/src/iris_lama_ros', 'symlink_install': True, 'test_result_base': None}
[0.300s] INFO:colcon.colcon_core.executor:Executing jobs using 'parallel' executor
[0.301s] DEBUG:colcon.colcon_parallel_executor.executor.parallel:run_until_complete
[0.301s] INFO:colcon.colcon_ros.task.cmake.build:Building ROS package in '/home/pharanguren/TFG/lama_ws/src/iris_lama' with build type 'cmake'
[0.301s] INFO:colcon.colcon_cmake.task.cmake.build:Building CMake package in '/home/pharanguren/TFG/lama_ws/src/iris_lama'
[0.303s] INFO:colcon.colcon_core.plugin_system:Skipping extension 'colcon_core.shell.bat': Not used on non-Windows systems
[0.304s] INFO:colcon.colcon_core.shell:Skip shell extension 'powershell' for command environment: Not usable outside of PowerShell
[0.304s] DEBUG:colcon.colcon_core.shell:Skip shell extension 'dsv' for command environment
[0.319s] DEBUG:colcon.colcon_core.event_handler.log_command:Invoking command in '/home/pharanguren/TFG/lama_ws/build/iris_lama': CMAKE_PREFIX_PATH=${CMAKE_PREFIX_PATH}:/opt/ros/jazzy DEBUGINFOD_URLS=https://debuginfod.ubuntu.com /usr/bin/cmake --build /home/pharanguren/TFG/lama_ws/build/iris_lama -- -j12 -l12
[0.524s] DEBUG:colcon.colcon_core.event_handler.log_command:Invoked command in '/home/pharanguren/TFG/lama_ws/build/iris_lama' returned '0': CMAKE_PREFIX_PATH=${CMAKE_PREFIX_PATH}:/opt/ros/jazzy DEBUGINFOD_URLS=https://debuginfod.ubuntu.com /usr/bin/cmake --build /home/pharanguren/TFG/lama_ws/build/iris_lama -- -j12 -l12
[0.537s] DEBUG:colcon.colcon_core.event_handler.log_command:Invoking command in '/home/pharanguren/TFG/lama_ws/build/iris_lama': CMAKE_PREFIX_PATH=${CMAKE_PREFIX_PATH}:/opt/ros/jazzy DEBUGINFOD_URLS=https://debuginfod.ubuntu.com /usr/bin/cmake --install /home/pharanguren/TFG/lama_ws/build/iris_lama
[0.552s] Level 1:colcon.colcon_core.shell:create_environment_hook('iris_lama', 'pkg_config_path')
[0.553s] INFO:colcon.colcon_core.shell:Creating environment hook '/home/pharanguren/TFG/lama_ws/install/iris_lama/share/iris_lama/hook/pkg_config_path.ps1'
[0.554s] DEBUG:colcon.colcon_core.event_handler.log_command:Invoked command in '/home/pharanguren/TFG/lama_ws/build/iris_lama' returned '0': CMAKE_PREFIX_PATH=${CMAKE_PREFIX_PATH}:/opt/ros/jazzy DEBUGINFOD_URLS=https://debuginfod.ubuntu.com /usr/bin/cmake --install /home/pharanguren/TFG/lama_ws/build/iris_lama
[0.554s] INFO:colcon.colcon_core.shell:Creating environment descriptor '/home/pharanguren/TFG/lama_ws/install/iris_lama/share/iris_lama/hook/pkg_config_path.dsv'
[0.555s] INFO:colcon.colcon_core.shell:Creating environment hook '/home/pharanguren/TFG/lama_ws/install/iris_lama/share/iris_lama/hook/pkg_config_path.sh'
[0.557s] Level 1:colcon.colcon_core.shell:create_environment_hook('iris_lama', 'pkg_config_path_multiarch')
[0.558s] INFO:colcon.colcon_core.shell:Creating environment hook '/home/pharanguren/TFG/lama_ws/install/iris_lama/share/iris_lama/hook/pkg_config_path_multiarch.ps1'
[0.558s] INFO:colcon.colcon_core.shell:Creating environment descriptor '/home/pharanguren/TFG/lama_ws/install/iris_lama/share/iris_lama/hook/pkg_config_path_multiarch.dsv'
[0.559s] INFO:colcon.colcon_core.shell:Creating environment hook '/home/pharanguren/TFG/lama_ws/install/iris_lama/share/iris_lama/hook/pkg_config_path_multiarch.sh'
[0.559s] Level 1:colcon.colcon_core.environment:create_environment_scripts_only(iris_lama)
[0.563s] Level 1:colcon.colcon_core.environment:checking '/home/pharanguren/TFG/lama_ws/install/iris_lama' for CMake module files
[0.563s] Level 1:colcon.colcon_core.environment:checking '/home/pharanguren/TFG/lama_ws/install/iris_lama' for CMake config files
[0.564s] Level 1:colcon.colcon_core.shell:create_environment_hook('iris_lama', 'cmake_prefix_path')
[0.564s] INFO:colcon.colcon_core.shell:Creating environment hook '/home/pharanguren/TFG/lama_ws/install/iris_lama/share/iris_lama/hook/cmake_prefix_path.ps1'
[0.565s] INFO:colcon.colcon_core.shell:Creating environment descriptor '/home/pharanguren/TFG/lama_ws/install/iris_lama/share/iris_lama/hook/cmake_prefix_path.dsv'
[0.565s] INFO:colcon.colcon_core.shell:Creating environment hook '/home/pharanguren/TFG/lama_ws/install/iris_lama/share/iris_lama/hook/cmake_prefix_path.sh'
[0.566s] Level 1:colcon.colcon_core.environment:checking '/home/pharanguren/TFG/lama_ws/install/iris_lama/lib'
[0.566s] Level 1:colcon.colcon_core.environment:checking '/home/pharanguren/TFG/lama_ws/install/iris_lama/bin'
[0.566s] Level 1:colcon.colcon_core.environment:checking '/home/pharanguren/TFG/lama_ws/install/iris_lama/lib/pkgconfig/iris_lama.pc'
[0.567s] Level 1:colcon.colcon_core.environment:checking '/home/pharanguren/TFG/lama_ws/install/iris_lama/lib/python3.12/site-packages'
[0.567s] Level 1:colcon.colcon_core.environment:checking '/home/pharanguren/TFG/lama_ws/install/iris_lama/bin'
[0.568s] INFO:colcon.colcon_core.shell:Creating package script '/home/pharanguren/TFG/lama_ws/install/iris_lama/share/iris_lama/package.ps1'
[0.569s] INFO:colcon.colcon_core.shell:Creating package descriptor '/home/pharanguren/TFG/lama_ws/install/iris_lama/share/iris_lama/package.dsv'
[0.570s] INFO:colcon.colcon_core.shell:Creating package script '/home/pharanguren/TFG/lama_ws/install/iris_lama/share/iris_lama/package.sh'
[0.571s] INFO:colcon.colcon_core.shell:Creating package script '/home/pharanguren/TFG/lama_ws/install/iris_lama/share/iris_lama/package.bash'
[0.572s] INFO:colcon.colcon_core.shell:Creating package script '/home/pharanguren/TFG/lama_ws/install/iris_lama/share/iris_lama/package.zsh'
[0.573s] Level 1:colcon.colcon_core.environment:create_file_with_runtime_dependencies(/home/pharanguren/TFG/lama_ws/install/iris_lama/share/colcon-core/packages/iris_lama)
[0.573s] INFO:colcon.colcon_ros.task.ament_cmake.build:Building ROS package in '/home/pharanguren/TFG/lama_ws/src/iris_lama_ros' with build type 'ament_cmake'
[0.573s] INFO:colcon.colcon_cmake.task.cmake.build:Building CMake package in '/home/pharanguren/TFG/lama_ws/src/iris_lama_ros'
[0.574s] INFO:colcon.colcon_core.shell:Skip shell extension 'powershell' for command environment: Not usable outside of PowerShell
[0.574s] DEBUG:colcon.colcon_core.shell:Skip shell extension 'dsv' for command environment
[0.589s] DEBUG:colcon.colcon_core.event_handler.log_command:Invoking command in '/home/pharanguren/TFG/lama_ws/build/iris_lama_ros2': CMAKE_PREFIX_PATH=/home/pharanguren/TFG/lama_ws/install/iris_lama:/home/pharanguren/turtlebot4_ws/install/turtlebot4_simulator:/home/pharanguren/turtlebot4_ws/install/turtlebot4_gz_bringup:/home/pharanguren/turtlebot4_ws/install/turtlebot4_node:/home/pharanguren/turtlebot4_ws/install/turtlebot4_navigation:/home/pharanguren/turtlebot4_ws/install/turtlebot4_gz_toolbox:/home/pharanguren/turtlebot4_ws/install/turtlebot4_msgs:/home/pharanguren/turtlebot4_ws/install/turtlebot4_gz_gui_plugins:/home/pharanguren/turtlebot4_ws/install/turtlebot4_description:/opt/ros/jazzy/opt/gz_sim_vendor:/opt/ros/jazzy/opt/gz_sensors_vendor:/opt/ros/jazzy/opt/gz_physics_vendor:/opt/ros/jazzy/opt/sdformat_vendor:/opt/ros/jazzy/opt/gz_gui_vendor:/opt/ros/jazzy/opt/gz_transport_vendor:/opt/ros/jazzy/opt/gz_rendering_vendor:/opt/ros/jazzy/opt/gz_plugin_vendor:/opt/ros/jazzy/opt/gz_fuel_tools_vendor:/opt/ros/jazzy/opt/gz_msgs_vendor:/opt/ros/jazzy/opt/gz_common_vendor:/opt/ros/jazzy/opt/gz_math_vendor:/opt/ros/jazzy/opt/gz_utils_vendor:/opt/ros/jazzy/opt/gz_tools_vendor:/opt/ros/jazzy/opt/gz_ogre_next_vendor:/opt/ros/jazzy/opt/gz_dartsim_vendor:/opt/ros/jazzy/opt/gz_cmake_vendor:/opt/ros/jazzy DEBUGINFOD_URLS=https://debuginfod.ubuntu.com PKG_CONFIG_PATH=/home/pharanguren/TFG/lama_ws/install/iris_lama/lib/x86_64-linux-gnu/pkgconfig:/home/pharanguren/TFG/lama_ws/install/iris_lama/lib/pkgconfig /usr/bin/cmake /home/pharanguren/TFG/lama_ws/src/iris_lama_ros -DAMENT_CMAKE_SYMLINK_INSTALL=1 -DCMAKE_INSTALL_PREFIX=/home/pharanguren/TFG/lama_ws/install/iris_lama_ros2
[2.756s] DEBUG:colcon.colcon_core.event_handler.log_command:Invoked command in '/home/pharanguren/TFG/lama_ws/build/iris_lama_ros2' returned '0': CMAKE_PREFIX_PATH=/home/pharanguren/TFG/lama_ws/install/iris_lama:/home/pharanguren/turtlebot4_ws/install/turtlebot4_simulator:/home/pharanguren/turtlebot4_ws/install/turtlebot4_gz_bringup:/home/pharanguren/turtlebot4_ws/install/turtlebot4_node:/home/pharanguren/turtlebot4_ws/install/turtlebot4_navigation:/home/pharanguren/turtlebot4_ws/install/turtlebot4_gz_toolbox:/home/pharanguren/turtlebot4_ws/install/turtlebot4_msgs:/home/pharanguren/turtlebot4_ws/install/turtlebot4_gz_gui_plugins:/home/pharanguren/turtlebot4_ws/install/turtlebot4_description:/opt/ros/jazzy/opt/gz_sim_vendor:/opt/ros/jazzy/opt/gz_sensors_vendor:/opt/ros/jazzy/opt/gz_physics_vendor:/opt/ros/jazzy/opt/sdformat_vendor:/opt/ros/jazzy/opt/gz_gui_vendor:/opt/ros/jazzy/opt/gz_transport_vendor:/opt/ros/jazzy/opt/gz_rendering_vendor:/opt/ros/jazzy/opt/gz_plugin_vendor:/opt/ros/jazzy/opt/gz_fuel_tools_vendor:/opt/ros/jazzy/opt/gz_msgs_vendor:/opt/ros/jazzy/opt/gz_common_vendor:/opt/ros/jazzy/opt/gz_math_vendor:/opt/ros/jazzy/opt/gz_utils_vendor:/opt/ros/jazzy/opt/gz_tools_vendor:/opt/ros/jazzy/opt/gz_ogre_next_vendor:/opt/ros/jazzy/opt/gz_dartsim_vendor:/opt/ros/jazzy/opt/gz_cmake_vendor:/opt/ros/jazzy DEBUGINFOD_URLS=https://debuginfod.ubuntu.com PKG_CONFIG_PATH=/home/pharanguren/TFG/lama_ws/install/iris_lama/lib/x86_64-linux-gnu/pkgconfig:/home/pharanguren/TFG/lama_ws/install/iris_lama/lib/pkgconfig /usr/bin/cmake /home/pharanguren/TFG/lama_ws/src/iris_lama_ros -DAMENT_CMAKE_SYMLINK_INSTALL=1 -DCMAKE_INSTALL_PREFIX=/home/pharanguren/TFG/lama_ws/install/iris_lama_ros2
[2.757s] DEBUG:colcon.colcon_core.event_handler.log_command:Invoking command in '/home/pharanguren/TFG/lama_ws/build/iris_lama_ros2': CMAKE_PREFIX_PATH=/home/pharanguren/TFG/lama_ws/install/iris_lama:/home/pharanguren/turtlebot4_ws/install/turtlebot4_simulator:/home/pharanguren/turtlebot4_ws/install/turtlebot4_gz_bringup:/home/pharanguren/turtlebot4_ws/install/turtlebot4_node:/home/pharanguren/turtlebot4_ws/install/turtlebot4_navigation:/home/pharanguren/turtlebot4_ws/install/turtlebot4_gz_toolbox:/home/pharanguren/turtlebot4_ws/install/turtlebot4_msgs:/home/pharanguren/turtlebot4_ws/install/turtlebot4_gz_gui_plugins:/home/pharanguren/turtlebot4_ws/install/turtlebot4_description:/opt/ros/jazzy/opt/gz_sim_vendor:/opt/ros/jazzy/opt/gz_sensors_vendor:/opt/ros/jazzy/opt/gz_physics_vendor:/opt/ros/jazzy/opt/sdformat_vendor:/opt/ros/jazzy/opt/gz_gui_vendor:/opt/ros/jazzy/opt/gz_transport_vendor:/opt/ros/jazzy/opt/gz_rendering_vendor:/opt/ros/jazzy/opt/gz_plugin_vendor:/opt/ros/jazzy/opt/gz_fuel_tools_vendor:/opt/ros/jazzy/opt/gz_msgs_vendor:/opt/ros/jazzy/opt/gz_common_vendor:/opt/ros/jazzy/opt/gz_math_vendor:/opt/ros/jazzy/opt/gz_utils_vendor:/opt/ros/jazzy/opt/gz_tools_vendor:/opt/ros/jazzy/opt/gz_ogre_next_vendor:/opt/ros/jazzy/opt/gz_dartsim_vendor:/opt/ros/jazzy/opt/gz_cmake_vendor:/opt/ros/jazzy DEBUGINFOD_URLS=https://debuginfod.ubuntu.com PKG_CONFIG_PATH=/home/pharanguren/TFG/lama_ws/install/iris_lama/lib/x86_64-linux-gnu/pkgconfig:/home/pharanguren/TFG/lama_ws/install/iris_lama/lib/pkgconfig /usr/bin/cmake --build /home/pharanguren/TFG/lama_ws/build/iris_lama_ros2 -- -j12 -l12
[28.566s] DEBUG:colcon.colcon_core.event_handler.log_command:Invoked command in '/home/pharanguren/TFG/lama_ws/build/iris_lama_ros2' returned '0': CMAKE_PREFIX_PATH=/home/pharanguren/TFG/lama_ws/install/iris_lama:/home/pharanguren/turtlebot4_ws/install/turtlebot4_simulator:/home/pharanguren/turtlebot4_ws/install/turtlebot4_gz_bringup:/home/pharanguren/turtlebot4_ws/install/turtlebot4_node:/home/pharanguren/turtlebot4_ws/install/turtlebot4_navigation:/home/pharanguren/turtlebot4_ws/install/turtlebot4_gz_toolbox:/home/pharanguren/turtlebot4_ws/install/turtlebot4_msgs:/home/pharanguren/turtlebot4_ws/install/turtlebot4_gz_gui_plugins:/home/pharanguren/turtlebot4_ws/install/turtlebot4_description:/opt/ros/jazzy/opt/gz_sim_vendor:/opt/ros/jazzy/opt/gz_sensors_vendor:/opt/ros/jazzy/opt/gz_physics_vendor:/opt/ros/jazzy/opt/sdformat_vendor:/opt/ros/jazzy/opt/gz_gui_vendor:/opt/ros/jazzy/opt/gz_transport_vendor:/opt/ros/jazzy/opt/gz_rendering_vendor:/opt/ros/jazzy/opt/gz_plugin_vendor:/opt/ros/jazzy/opt/gz_fuel_tools_vendor:/opt/ros/jazzy/opt/gz_msgs_vendor:/opt/ros/jazzy/opt/gz_common_vendor:/opt/ros/jazzy/opt/gz_math_vendor:/opt/ros/jazzy/opt/gz_utils_vendor:/opt/ros/jazzy/opt/gz_tools_vendor:/opt/ros/jazzy/opt/gz_ogre_next_vendor:/opt/ros/jazzy/opt/gz_dartsim_vendor:/opt/ros/jazzy/opt/gz_cmake_vendor:/opt/ros/jazzy DEBUGINFOD_URLS=https://debuginfod.ubuntu.com PKG_CONFIG_PATH=/home/pharanguren/TFG/lama_ws/install/iris_lama/lib/x86_64-linux-gnu/pkgconfig:/home/pharanguren/TFG/lama_ws/install/iris_lama/lib/pkgconfig /usr/bin/cmake --build /home/pharanguren/TFG/lama_ws/build/iris_lama_ros2 -- -j12 -l12
[28.567s] DEBUG:colcon.colcon_core.event_handler.log_command:Invoking command in '/home/pharanguren/TFG/lama_ws/build/iris_lama_ros2': CMAKE_PREFIX_PATH=/home/pharanguren/TFG/lama_ws/install/iris_lama:/home/pharanguren/turtlebot4_ws/install/turtlebot4_simulator:/home/pharanguren/turtlebot4_ws/install/turtlebot4_gz_bringup:/home/pharanguren/turtlebot4_ws/install/turtlebot4_node:/home/pharanguren/turtlebot4_ws/install/turtlebot4_navigation:/home/pharanguren/turtlebot4_ws/install/turtlebot4_gz_toolbox:/home/pharanguren/turtlebot4_ws/install/turtlebot4_msgs:/home/pharanguren/turtlebot4_ws/install/turtlebot4_gz_gui_plugins:/home/pharanguren/turtlebot4_ws/install/turtlebot4_description:/opt/ros/jazzy/opt/gz_sim_vendor:/opt/ros/jazzy/opt/gz_sensors_vendor:/opt/ros/jazzy/opt/gz_physics_vendor:/opt/ros/jazzy/opt/sdformat_vendor:/opt/ros/jazzy/opt/gz_gui_vendor:/opt/ros/jazzy/opt/gz_transport_vendor:/opt/ros/jazzy/opt/gz_rendering_vendor:/opt/ros/jazzy/opt/gz_plugin_vendor:/opt/ros/jazzy/opt/gz_fuel_tools_vendor:/opt/ros/jazzy/opt/gz_msgs_vendor:/opt/ros/jazzy/opt/gz_common_vendor:/opt/ros/jazzy/opt/gz_math_vendor:/opt/ros/jazzy/opt/gz_utils_vendor:/opt/ros/jazzy/opt/gz_tools_vendor:/opt/ros/jazzy/opt/gz_ogre_next_vendor:/opt/ros/jazzy/opt/gz_dartsim_vendor:/opt/ros/jazzy/opt/gz_cmake_vendor:/opt/ros/jazzy DEBUGINFOD_URLS=https://debuginfod.ubuntu.com PKG_CONFIG_PATH=/home/pharanguren/TFG/lama_ws/install/iris_lama/lib/x86_64-linux-gnu/pkgconfig:/home/pharanguren/TFG/lama_ws/install/iris_lama/lib/pkgconfig /usr/bin/cmake --install /home/pharanguren/TFG/lama_ws/build/iris_lama_ros2
[28.860s] Level 1:colcon.colcon_core.environment:create_environment_scripts_only(iris_lama_ros2)
[28.860s] Level 1:colcon.colcon_core.environment:checking '/home/pharanguren/TFG/lama_ws/install/iris_lama_ros2' for CMake module files
[28.861s] DEBUG:colcon.colcon_core.event_handler.log_command:Invoked command in '/home/pharanguren/TFG/lama_ws/build/iris_lama_ros2' returned '0': CMAKE_PREFIX_PATH=/home/pharanguren/TFG/lama_ws/install/iris_lama:/home/pharanguren/turtlebot4_ws/install/turtlebot4_simulator:/home/pharanguren/turtlebot4_ws/install/turtlebot4_gz_bringup:/home/pharanguren/turtlebot4_ws/install/turtlebot4_node:/home/pharanguren/turtlebot4_ws/install/turtlebot4_navigation:/home/pharanguren/turtlebot4_ws/install/turtlebot4_gz_toolbox:/home/pharanguren/turtlebot4_ws/install/turtlebot4_msgs:/home/pharanguren/turtlebot4_ws/install/turtlebot4_gz_gui_plugins:/home/pharanguren/turtlebot4_ws/install/turtlebot4_description:/opt/ros/jazzy/opt/gz_sim_vendor:/opt/ros/jazzy/opt/gz_sensors_vendor:/opt/ros/jazzy/opt/gz_physics_vendor:/opt/ros/jazzy/opt/sdformat_vendor:/opt/ros/jazzy/opt/gz_gui_vendor:/opt/ros/jazzy/opt/gz_transport_vendor:/opt/ros/jazzy/opt/gz_rendering_vendor:/opt/ros/jazzy/opt/gz_plugin_vendor:/opt/ros/jazzy/opt/gz_fuel_tools_vendor:/opt/ros/jazzy/opt/gz_msgs_vendor:/opt/ros/jazzy/opt/gz_common_vendor:/opt/ros/jazzy/opt/gz_math_vendor:/opt/ros/jazzy/opt/gz_utils_vendor:/opt/ros/jazzy/opt/gz_tools_vendor:/opt/ros/jazzy/opt/gz_ogre_next_vendor:/opt/ros/jazzy/opt/gz_dartsim_vendor:/opt/ros/jazzy/opt/gz_cmake_vendor:/opt/ros/jazzy DEBUGINFOD_URLS=https://debuginfod.ubuntu.com PKG_CONFIG_PATH=/home/pharanguren/TFG/lama_ws/install/iris_lama/lib/x86_64-linux-gnu/pkgconfig:/home/pharanguren/TFG/lama_ws/install/iris_lama/lib/pkgconfig /usr/bin/cmake --install /home/pharanguren/TFG/lama_ws/build/iris_lama_ros2
[28.862s] Level 1:colcon.colcon_core.environment:checking '/home/pharanguren/TFG/lama_ws/install/iris_lama_ros2' for CMake config files
[28.862s] Level 1:colcon.colcon_core.shell:create_environment_hook('iris_lama_ros2', 'cmake_prefix_path')
[28.862s] INFO:colcon.colcon_core.shell:Creating environment hook '/home/pharanguren/TFG/lama_ws/install/iris_lama_ros2/share/iris_lama_ros2/hook/cmake_prefix_path.ps1'
[28.863s] INFO:colcon.colcon_core.shell:Creating environment descriptor '/home/pharanguren/TFG/lama_ws/install/iris_lama_ros2/share/iris_lama_ros2/hook/cmake_prefix_path.dsv'
[28.863s] INFO:colcon.colcon_core.shell:Creating environment hook '/home/pharanguren/TFG/lama_ws/install/iris_lama_ros2/share/iris_lama_ros2/hook/cmake_prefix_path.sh'
[28.864s] Level 1:colcon.colcon_core.environment:checking '/home/pharanguren/TFG/lama_ws/install/iris_lama_ros2/lib'
[28.864s] Level 1:colcon.colcon_core.environment:checking '/home/pharanguren/TFG/lama_ws/install/iris_lama_ros2/bin'
[28.864s] Level 1:colcon.colcon_core.environment:checking '/home/pharanguren/TFG/lama_ws/install/iris_lama_ros2/lib/pkgconfig/iris_lama_ros2.pc'
[28.864s] Level 1:colcon.colcon_core.environment:checking '/home/pharanguren/TFG/lama_ws/install/iris_lama_ros2/lib/python3.12/site-packages'
[28.864s] Level 1:colcon.colcon_core.environment:checking '/home/pharanguren/TFG/lama_ws/install/iris_lama_ros2/bin'
[28.865s] INFO:colcon.colcon_core.shell:Creating package script '/home/pharanguren/TFG/lama_ws/install/iris_lama_ros2/share/iris_lama_ros2/package.ps1'
[28.865s] INFO:colcon.colcon_core.shell:Creating package descriptor '/home/pharanguren/TFG/lama_ws/install/iris_lama_ros2/share/iris_lama_ros2/package.dsv'
[28.866s] INFO:colcon.colcon_core.shell:Creating package script '/home/pharanguren/TFG/lama_ws/install/iris_lama_ros2/share/iris_lama_ros2/package.sh'
[28.866s] INFO:colcon.colcon_core.shell:Creating package script '/home/pharanguren/TFG/lama_ws/install/iris_lama_ros2/share/iris_lama_ros2/package.bash'
[28.867s] INFO:colcon.colcon_core.shell:Creating package script '/home/pharanguren/TFG/lama_ws/install/iris_lama_ros2/share/iris_lama_ros2/package.zsh'
[28.867s] Level 1:colcon.colcon_core.environment:create_file_with_runtime_dependencies(/home/pharanguren/TFG/lama_ws/install/iris_lama_ros2/share/colcon-core/packages/iris_lama_ros2)
[28.867s] Level 1:colcon.colcon_core.environment:create_environment_scripts_only(iris_lama_ros2)
[28.868s] Level 1:colcon.colcon_core.environment:checking '/home/pharanguren/TFG/lama_ws/install/iris_lama_ros2' for CMake module files
[28.868s] Level 1:colcon.colcon_core.environment:checking '/home/pharanguren/TFG/lama_ws/install/iris_lama_ros2' for CMake config files
[28.869s] Level 1:colcon.colcon_core.shell:create_environment_hook('iris_lama_ros2', 'cmake_prefix_path')
[28.869s] INFO:colcon.colcon_core.shell:Creating environment hook '/home/pharanguren/TFG/lama_ws/install/iris_lama_ros2/share/iris_lama_ros2/hook/cmake_prefix_path.ps1'
[28.869s] INFO:colcon.colcon_core.shell:Creating environment descriptor '/home/pharanguren/TFG/lama_ws/install/iris_lama_ros2/share/iris_lama_ros2/hook/cmake_prefix_path.dsv'
[28.869s] INFO:colcon.colcon_core.shell:Creating environment hook '/home/pharanguren/TFG/lama_ws/install/iris_lama_ros2/share/iris_lama_ros2/hook/cmake_prefix_path.sh'
[28.870s] Level 1:colcon.colcon_core.environment:checking '/home/pharanguren/TFG/lama_ws/install/iris_lama_ros2/lib'
[28.870s] Level 1:colcon.colcon_core.environment:checking '/home/pharanguren/TFG/lama_ws/install/iris_lama_ros2/bin'
[28.870s] Level 1:colcon.colcon_core.environment:checking '/home/pharanguren/TFG/lama_ws/install/iris_lama_ros2/lib/pkgconfig/iris_lama_ros2.pc'
[28.870s] Level 1:colcon.colcon_core.environment:checking '/home/pharanguren/TFG/lama_ws/install/iris_lama_ros2/lib/python3.12/site-packages'
[28.871s] Level 1:colcon.colcon_core.environment:checking '/home/pharanguren/TFG/lama_ws/install/iris_lama_ros2/bin'
[28.871s] INFO:colcon.colcon_core.shell:Creating package script '/home/pharanguren/TFG/lama_ws/install/iris_lama_ros2/share/iris_lama_ros2/package.ps1'
[28.872s] INFO:colcon.colcon_core.shell:Creating package descriptor '/home/pharanguren/TFG/lama_ws/install/iris_lama_ros2/share/iris_lama_ros2/package.dsv'
[28.872s] INFO:colcon.colcon_core.shell:Creating package script '/home/pharanguren/TFG/lama_ws/install/iris_lama_ros2/share/iris_lama_ros2/package.sh'
[28.872s] INFO:colcon.colcon_core.shell:Creating package script '/home/pharanguren/TFG/lama_ws/install/iris_lama_ros2/share/iris_lama_ros2/package.bash'
[28.873s] INFO:colcon.colcon_core.shell:Creating package script '/home/pharanguren/TFG/lama_ws/install/iris_lama_ros2/share/iris_lama_ros2/package.zsh'
[28.873s] Level 1:colcon.colcon_core.environment:create_file_with_runtime_dependencies(/home/pharanguren/TFG/lama_ws/install/iris_lama_ros2/share/colcon-core/packages/iris_lama_ros2)
[28.873s] DEBUG:colcon.colcon_parallel_executor.executor.parallel:closing loop
[28.873s] DEBUG:colcon.colcon_parallel_executor.executor.parallel:loop closed
[28.874s] DEBUG:colcon.colcon_parallel_executor.executor.parallel:run_until_complete finished with '0'
[28.874s] DEBUG:colcon.colcon_core.event_reactor:joining thread
[28.903s] INFO:colcon.colcon_core.plugin_system:Skipping extension 'colcon_notification.desktop_notification.terminal_notifier': Not used on non-Darwin systems
[28.903s] INFO:colcon.colcon_core.plugin_system:Skipping extension 'colcon_notification.desktop_notification.win32': Not used on non-Windows systems
[28.903s] INFO:colcon.colcon_notification.desktop_notification:Sending desktop notification using 'notify2'
[28.917s] DEBUG:colcon.colcon_core.event_reactor:joined thread
[28.917s] INFO:colcon.colcon_core.shell:Creating prefix script '/home/pharanguren/TFG/lama_ws/install/local_setup.ps1'
[28.918s] INFO:colcon.colcon_core.shell:Creating prefix util module '/home/pharanguren/TFG/lama_ws/install/_local_setup_util_ps1.py'
[28.919s] INFO:colcon.colcon_core.shell:Creating prefix chain script '/home/pharanguren/TFG/lama_ws/install/setup.ps1'
[28.921s] INFO:colcon.colcon_core.shell:Creating prefix script '/home/pharanguren/TFG/lama_ws/install/local_setup.sh'
[28.922s] INFO:colcon.colcon_core.shell:Creating prefix util module '/home/pharanguren/TFG/lama_ws/install/_local_setup_util_sh.py'
[28.922s] INFO:colcon.colcon_core.shell:Creating prefix chain script '/home/pharanguren/TFG/lama_ws/install/setup.sh'
[28.924s] INFO:colcon.colcon_core.shell:Creating prefix script '/home/pharanguren/TFG/lama_ws/install/local_setup.bash'
[28.924s] INFO:colcon.colcon_core.shell:Creating prefix chain script '/home/pharanguren/TFG/lama_ws/install/setup.bash'
[28.925s] INFO:colcon.colcon_core.shell:Creating prefix script '/home/pharanguren/TFG/lama_ws/install/local_setup.zsh'
[28.926s] INFO:colcon.colcon_core.shell:Creating prefix chain script '/home/pharanguren/TFG/lama_ws/install/setup.zsh'
