[0.816s] DEBUG:colcon:Command line arguments: ['/usr/bin/colcon', 'build', '--symlink-install']
[0.816s] DEBUG:colcon:Parsed command line arguments: Namespace(log_base=None, log_level=None, verb_name='build', build_base='build', install_base='install', merge_install=False, symlink_install=True, test_result_base=None, continue_on_error=False, executor='parallel', parallel_workers=12, event_handlers=None, ignore_user_meta=False, metas=['./colcon.meta'], base_paths=['.'], packages_ignore=None, packages_ignore_regex=None, paths=None, packages_up_to=None, packages_up_to_regex=None, packages_above=None, packages_above_and_dependencies=None, packages_above_depth=None, packages_select_by_dep=None, packages_skip_by_dep=None, packages_skip_up_to=None, packages_select_build_failed=False, packages_skip_build_finished=False, packages_select_test_failures=False, packages_skip_test_passed=False, packages_select=None, packages_skip=None, packages_select_regex=None, packages_skip_regex=None, packages_start=None, packages_end=None, allow_overriding=[], cmake_args=None, cmake_target=None, cmake_target_skip_unavailable=False, cmake_clean_cache=False, cmake_clean_first=False, cmake_force_configure=False, ament_cmake_args=None, catkin_cmake_args=None, catkin_skip_building_tests=False, mixin_files=None, mixin=None, verb_parser=<colcon_mixin.mixin.mixin_argument.MixinArgumentDecorator object at 0x7d1d35ab65a0>, verb_extension=<colcon_core.verb.build.BuildVerb object at 0x7d1d35a5c530>, main=<bound method BuildVerb.main of <colcon_core.verb.build.BuildVerb object at 0x7d1d35a5c530>>, mixin_verb=('build',))
[0.863s] Level 1:colcon.colcon_core.package_discovery:discover_packages(colcon_meta) check parameters
[0.863s] Level 1:colcon.colcon_core.package_discovery:discover_packages(recursive) check parameters
[0.863s] Level 1:colcon.colcon_core.package_discovery:discover_packages(ignore) check parameters
[0.863s] Level 1:colcon.colcon_core.package_discovery:discover_packages(path) check parameters
[0.863s] Level 1:colcon.colcon_core.package_discovery:discover_packages(colcon_meta) discover
[0.864s] Level 1:colcon.colcon_core.package_discovery:discover_packages(recursive) discover
[0.864s] INFO:colcon.colcon_core.package_discovery:Crawling recursively for packages in '/home/pharanguren/TFG/lama_ws'
[0.864s] Level 1:colcon.colcon_core.package_identification:_identify(.) by extensions ['ignore', 'ignore_ament_install']
[0.864s] Level 1:colcon.colcon_core.package_identification:_identify(.) by extension 'ignore'
[0.864s] Level 1:colcon.colcon_core.package_identification:_identify(.) by extension 'ignore_ament_install'
[0.864s] Level 1:colcon.colcon_core.package_identification:_identify(.) by extensions ['colcon_pkg']
[0.864s] Level 1:colcon.colcon_core.package_identification:_identify(.) by extension 'colcon_pkg'
[0.864s] Level 1:colcon.colcon_core.package_identification:_identify(.) by extensions ['colcon_meta']
[0.864s] Level 1:colcon.colcon_core.package_identification:_identify(.) by extension 'colcon_meta'
[0.864s] Level 1:colcon.colcon_core.package_identification:_identify(.) by extensions ['ros']
[0.864s] Level 1:colcon.colcon_core.package_identification:_identify(.) by extension 'ros'
[0.897s] Level 1:colcon.colcon_core.package_identification:_identify(.) by extensions ['cmake', 'python']
[0.897s] Level 1:colcon.colcon_core.package_identification:_identify(.) by extension 'cmake'
[0.897s] Level 1:colcon.colcon_core.package_identification:_identify(.) by extension 'python'
[0.897s] Level 1:colcon.colcon_core.package_identification:_identify(.) by extensions ['python_setup_py']
[0.897s] Level 1:colcon.colcon_core.package_identification:_identify(.) by extension 'python_setup_py'
[0.897s] Level 1:colcon.colcon_core.package_identification:_identify(build) by extensions ['ignore', 'ignore_ament_install']
[0.897s] Level 1:colcon.colcon_core.package_identification:_identify(build) by extension 'ignore'
[0.897s] Level 1:colcon.colcon_core.package_identification:_identify(build) ignored
[0.897s] Level 1:colcon.colcon_core.package_identification:_identify(install) by extensions ['ignore', 'ignore_ament_install']
[0.898s] Level 1:colcon.colcon_core.package_identification:_identify(install) by extension 'ignore'
[0.898s] Level 1:colcon.colcon_core.package_identification:_identify(install) ignored
[0.898s] Level 1:colcon.colcon_core.package_identification:_identify(log) by extensions ['ignore', 'ignore_ament_install']
[0.898s] Level 1:colcon.colcon_core.package_identification:_identify(log) by extension 'ignore'
[0.898s] Level 1:colcon.colcon_core.package_identification:_identify(log) ignored
[0.898s] Level 1:colcon.colcon_core.package_identification:_identify(src) by extensions ['ignore', 'ignore_ament_install']
[0.898s] Level 1:colcon.colcon_core.package_identification:_identify(src) by extension 'ignore'
[0.898s] Level 1:colcon.colcon_core.package_identification:_identify(src) by extension 'ignore_ament_install'
[0.898s] Level 1:colcon.colcon_core.package_identification:_identify(src) by extensions ['colcon_pkg']
[0.898s] Level 1:colcon.colcon_core.package_identification:_identify(src) by extension 'colcon_pkg'
[0.898s] Level 1:colcon.colcon_core.package_identification:_identify(src) by extensions ['colcon_meta']
[0.898s] Level 1:colcon.colcon_core.package_identification:_identify(src) by extension 'colcon_meta'
[0.898s] Level 1:colcon.colcon_core.package_identification:_identify(src) by extensions ['ros']
[0.898s] Level 1:colcon.colcon_core.package_identification:_identify(src) by extension 'ros'
[0.898s] Level 1:colcon.colcon_core.package_identification:_identify(src) by extensions ['cmake', 'python']
[0.898s] Level 1:colcon.colcon_core.package_identification:_identify(src) by extension 'cmake'
[0.898s] Level 1:colcon.colcon_core.package_identification:_identify(src) by extension 'python'
[0.899s] Level 1:colcon.colcon_core.package_identification:_identify(src) by extensions ['python_setup_py']
[0.899s] Level 1:colcon.colcon_core.package_identification:_identify(src) by extension 'python_setup_py'
[0.899s] Level 1:colcon.colcon_core.package_identification:_identify(src/iris_lama) by extensions ['ignore', 'ignore_ament_install']
[0.899s] Level 1:colcon.colcon_core.package_identification:_identify(src/iris_lama) by extension 'ignore'
[0.899s] Level 1:colcon.colcon_core.package_identification:_identify(src/iris_lama) by extension 'ignore_ament_install'
[0.899s] Level 1:colcon.colcon_core.package_identification:_identify(src/iris_lama) by extensions ['colcon_pkg']
[0.899s] Level 1:colcon.colcon_core.package_identification:_identify(src/iris_lama) by extension 'colcon_pkg'
[0.899s] Level 1:colcon.colcon_core.package_identification:_identify(src/iris_lama) by extensions ['colcon_meta']
[0.899s] Level 1:colcon.colcon_core.package_identification:_identify(src/iris_lama) by extension 'colcon_meta'
[0.899s] Level 1:colcon.colcon_core.package_identification:_identify(src/iris_lama) by extensions ['ros']
[0.899s] Level 1:colcon.colcon_core.package_identification:_identify(src/iris_lama) by extension 'ros'
[0.901s] DEBUG:colcon.colcon_core.package_identification:Package 'src/iris_lama' with type 'ros.cmake' and name 'iris_lama'
[0.901s] Level 1:colcon.colcon_core.package_identification:_identify(src/iris_lama_ros) by extensions ['ignore', 'ignore_ament_install']
[0.901s] Level 1:colcon.colcon_core.package_identification:_identify(src/iris_lama_ros) by extension 'ignore'
[0.901s] Level 1:colcon.colcon_core.package_identification:_identify(src/iris_lama_ros) by extension 'ignore_ament_install'
[0.901s] Level 1:colcon.colcon_core.package_identification:_identify(src/iris_lama_ros) by extensions ['colcon_pkg']
[0.902s] Level 1:colcon.colcon_core.package_identification:_identify(src/iris_lama_ros) by extension 'colcon_pkg'
[0.902s] Level 1:colcon.colcon_core.package_identification:_identify(src/iris_lama_ros) by extensions ['colcon_meta']
[0.902s] Level 1:colcon.colcon_core.package_identification:_identify(src/iris_lama_ros) by extension 'colcon_meta'
[0.902s] Level 1:colcon.colcon_core.package_identification:_identify(src/iris_lama_ros) by extensions ['ros']
[0.902s] Level 1:colcon.colcon_core.package_identification:_identify(src/iris_lama_ros) by extension 'ros'
[0.904s] DEBUG:colcon.colcon_core.package_identification:Package 'src/iris_lama_ros' with type 'ros.catkin' and name 'iris_lama_ros'
[0.904s] Level 1:colcon.colcon_core.package_discovery:discover_packages(recursive) using defaults
[0.904s] Level 1:colcon.colcon_core.package_discovery:discover_packages(ignore) discover
[0.904s] Level 1:colcon.colcon_core.package_discovery:discover_packages(ignore) using defaults
[0.904s] Level 1:colcon.colcon_core.package_discovery:discover_packages(path) discover
[0.904s] Level 1:colcon.colcon_core.package_discovery:discover_packages(path) using defaults
[0.926s] Level 1:colcon.colcon_core.package_discovery:discover_packages(prefix_path) check parameters
[0.926s] Level 1:colcon.colcon_core.package_discovery:discover_packages(prefix_path) discover
[0.928s] DEBUG:colcon.colcon_installed_package_information.package_discovery:Found 8 installed packages in /home/pharanguren/turtlebot4_ws/install
[0.931s] DEBUG:colcon.colcon_installed_package_information.package_discovery:Found 479 installed packages in /opt/ros/jazzy
[0.934s] Level 1:colcon.colcon_core.package_discovery:discover_packages(prefix_path) using defaults
[1.677s] Level 5:colcon.colcon_core.verb:set package 'iris_lama' build argument 'cmake_args' from command line to 'None'
[1.677s] Level 5:colcon.colcon_core.verb:set package 'iris_lama' build argument 'cmake_target' from command line to 'None'
[1.677s] Level 5:colcon.colcon_core.verb:set package 'iris_lama' build argument 'cmake_target_skip_unavailable' from command line to 'False'
[1.677s] Level 5:colcon.colcon_core.verb:set package 'iris_lama' build argument 'cmake_clean_cache' from command line to 'False'
[1.677s] Level 5:colcon.colcon_core.verb:set package 'iris_lama' build argument 'cmake_clean_first' from command line to 'False'
[1.677s] Level 5:colcon.colcon_core.verb:set package 'iris_lama' build argument 'cmake_force_configure' from command line to 'False'
[1.677s] Level 5:colcon.colcon_core.verb:set package 'iris_lama' build argument 'ament_cmake_args' from command line to 'None'
[1.677s] Level 5:colcon.colcon_core.verb:set package 'iris_lama' build argument 'catkin_cmake_args' from command line to 'None'
[1.677s] Level 5:colcon.colcon_core.verb:set package 'iris_lama' build argument 'catkin_skip_building_tests' from command line to 'False'
[1.677s] DEBUG:colcon.colcon_core.verb:Building package 'iris_lama' with the following arguments: {'ament_cmake_args': None, 'build_base': '/home/pharanguren/TFG/lama_ws/build/iris_lama', 'catkin_cmake_args': None, 'catkin_skip_building_tests': False, 'cmake_args': None, 'cmake_clean_cache': False, 'cmake_clean_first': False, 'cmake_force_configure': False, 'cmake_target': None, 'cmake_target_skip_unavailable': False, 'install_base': '/home/pharanguren/TFG/lama_ws/install/iris_lama', 'merge_install': False, 'path': '/home/pharanguren/TFG/lama_ws/src/iris_lama', 'symlink_install': True, 'test_result_base': None}
[1.678s] Level 5:colcon.colcon_core.verb:set package 'iris_lama_ros' build argument 'cmake_args' from command line to 'None'
[1.678s] Level 5:colcon.colcon_core.verb:set package 'iris_lama_ros' build argument 'cmake_target' from command line to 'None'
[1.678s] Level 5:colcon.colcon_core.verb:set package 'iris_lama_ros' build argument 'cmake_target_skip_unavailable' from command line to 'False'
[1.678s] Level 5:colcon.colcon_core.verb:set package 'iris_lama_ros' build argument 'cmake_clean_cache' from command line to 'False'
[1.678s] Level 5:colcon.colcon_core.verb:set package 'iris_lama_ros' build argument 'cmake_clean_first' from command line to 'False'
[1.678s] Level 5:colcon.colcon_core.verb:set package 'iris_lama_ros' build argument 'cmake_force_configure' from command line to 'False'
[1.678s] Level 5:colcon.colcon_core.verb:set package 'iris_lama_ros' build argument 'ament_cmake_args' from command line to 'None'
[1.678s] Level 5:colcon.colcon_core.verb:set package 'iris_lama_ros' build argument 'catkin_cmake_args' from command line to 'None'
[1.678s] Level 5:colcon.colcon_core.verb:set package 'iris_lama_ros' build argument 'catkin_skip_building_tests' from command line to 'False'
[1.678s] DEBUG:colcon.colcon_core.verb:Building package 'iris_lama_ros' with the following arguments: {'ament_cmake_args': None, 'build_base': '/home/pharanguren/TFG/lama_ws/build/iris_lama_ros', 'catkin_cmake_args': None, 'catkin_skip_building_tests': False, 'cmake_args': None, 'cmake_clean_cache': False, 'cmake_clean_first': False, 'cmake_force_configure': False, 'cmake_target': None, 'cmake_target_skip_unavailable': False, 'install_base': '/home/pharanguren/TFG/lama_ws/install/iris_lama_ros', 'merge_install': False, 'path': '/home/pharanguren/TFG/lama_ws/src/iris_lama_ros', 'symlink_install': True, 'test_result_base': None}
[1.678s] INFO:colcon.colcon_core.executor:Executing jobs using 'parallel' executor
[1.679s] DEBUG:colcon.colcon_parallel_executor.executor.parallel:run_until_complete
[1.679s] INFO:colcon.colcon_ros.task.cmake.build:Building ROS package in '/home/pharanguren/TFG/lama_ws/src/iris_lama' with build type 'cmake'
[1.680s] INFO:colcon.colcon_cmake.task.cmake.build:Building CMake package in '/home/pharanguren/TFG/lama_ws/src/iris_lama'
[1.682s] INFO:colcon.colcon_core.plugin_system:Skipping extension 'colcon_core.shell.bat': Not used on non-Windows systems
[1.682s] INFO:colcon.colcon_core.shell:Skip shell extension 'powershell' for command environment: Not usable outside of PowerShell
[1.683s] DEBUG:colcon.colcon_core.shell:Skip shell extension 'dsv' for command environment
[1.695s] DEBUG:colcon.colcon_core.event_handler.log_command:Invoking command in '/home/pharanguren/TFG/lama_ws/build/iris_lama': CMAKE_PREFIX_PATH=${CMAKE_PREFIX_PATH}:/opt/ros/jazzy DEBUGINFOD_URLS=https://debuginfod.ubuntu.com /usr/bin/cmake /home/pharanguren/TFG/lama_ws/src/iris_lama -DCMAKE_INSTALL_PREFIX=/home/pharanguren/TFG/lama_ws/install/iris_lama
[2.194s] DEBUG:colcon.colcon_core.event_handler.log_command:Invoked command in '/home/pharanguren/TFG/lama_ws/build/iris_lama' returned '0': CMAKE_PREFIX_PATH=${CMAKE_PREFIX_PATH}:/opt/ros/jazzy DEBUGINFOD_URLS=https://debuginfod.ubuntu.com /usr/bin/cmake /home/pharanguren/TFG/lama_ws/src/iris_lama -DCMAKE_INSTALL_PREFIX=/home/pharanguren/TFG/lama_ws/install/iris_lama
[2.195s] DEBUG:colcon.colcon_core.event_handler.log_command:Invoking command in '/home/pharanguren/TFG/lama_ws/build/iris_lama': CMAKE_PREFIX_PATH=${CMAKE_PREFIX_PATH}:/opt/ros/jazzy DEBUGINFOD_URLS=https://debuginfod.ubuntu.com /usr/bin/cmake --build /home/pharanguren/TFG/lama_ws/build/iris_lama -- -j12 -l12
[45.842s] DEBUG:colcon.colcon_core.event_handler.log_command:Invoked command in '/home/pharanguren/TFG/lama_ws/build/iris_lama' returned '0': CMAKE_PREFIX_PATH=${CMAKE_PREFIX_PATH}:/opt/ros/jazzy DEBUGINFOD_URLS=https://debuginfod.ubuntu.com /usr/bin/cmake --build /home/pharanguren/TFG/lama_ws/build/iris_lama -- -j12 -l12
[45.852s] DEBUG:colcon.colcon_core.event_handler.log_command:Invoking command in '/home/pharanguren/TFG/lama_ws/build/iris_lama': CMAKE_PREFIX_PATH=${CMAKE_PREFIX_PATH}:/opt/ros/jazzy DEBUGINFOD_URLS=https://debuginfod.ubuntu.com /usr/bin/cmake --install /home/pharanguren/TFG/lama_ws/build/iris_lama
[45.998s] Level 1:colcon.colcon_core.shell:create_environment_hook('iris_lama', 'pkg_config_path')
[45.998s] DEBUG:colcon.colcon_core.event_handler.log_command:Invoked command in '/home/pharanguren/TFG/lama_ws/build/iris_lama' returned '0': CMAKE_PREFIX_PATH=${CMAKE_PREFIX_PATH}:/opt/ros/jazzy DEBUGINFOD_URLS=https://debuginfod.ubuntu.com /usr/bin/cmake --install /home/pharanguren/TFG/lama_ws/build/iris_lama
[45.998s] INFO:colcon.colcon_core.shell:Creating environment hook '/home/pharanguren/TFG/lama_ws/install/iris_lama/share/iris_lama/hook/pkg_config_path.ps1'
[45.999s] INFO:colcon.colcon_core.shell:Creating environment descriptor '/home/pharanguren/TFG/lama_ws/install/iris_lama/share/iris_lama/hook/pkg_config_path.dsv'
[45.999s] INFO:colcon.colcon_core.shell:Creating environment hook '/home/pharanguren/TFG/lama_ws/install/iris_lama/share/iris_lama/hook/pkg_config_path.sh'
[46.001s] Level 1:colcon.colcon_core.shell:create_environment_hook('iris_lama', 'pkg_config_path_multiarch')
[46.001s] INFO:colcon.colcon_core.shell:Creating environment hook '/home/pharanguren/TFG/lama_ws/install/iris_lama/share/iris_lama/hook/pkg_config_path_multiarch.ps1'
[46.002s] INFO:colcon.colcon_core.shell:Creating environment descriptor '/home/pharanguren/TFG/lama_ws/install/iris_lama/share/iris_lama/hook/pkg_config_path_multiarch.dsv'
[46.002s] INFO:colcon.colcon_core.shell:Creating environment hook '/home/pharanguren/TFG/lama_ws/install/iris_lama/share/iris_lama/hook/pkg_config_path_multiarch.sh'
[46.002s] Level 1:colcon.colcon_core.environment:create_environment_scripts_only(iris_lama)
[46.005s] Level 1:colcon.colcon_core.environment:checking '/home/pharanguren/TFG/lama_ws/install/iris_lama' for CMake module files
[46.006s] Level 1:colcon.colcon_core.environment:checking '/home/pharanguren/TFG/lama_ws/install/iris_lama' for CMake config files
[46.006s] Level 1:colcon.colcon_core.shell:create_environment_hook('iris_lama', 'cmake_prefix_path')
[46.006s] INFO:colcon.colcon_core.shell:Creating environment hook '/home/pharanguren/TFG/lama_ws/install/iris_lama/share/iris_lama/hook/cmake_prefix_path.ps1'
[46.007s] INFO:colcon.colcon_core.shell:Creating environment descriptor '/home/pharanguren/TFG/lama_ws/install/iris_lama/share/iris_lama/hook/cmake_prefix_path.dsv'
[46.007s] INFO:colcon.colcon_core.shell:Creating environment hook '/home/pharanguren/TFG/lama_ws/install/iris_lama/share/iris_lama/hook/cmake_prefix_path.sh'
[46.007s] Level 1:colcon.colcon_core.environment:checking '/home/pharanguren/TFG/lama_ws/install/iris_lama/lib'
[46.008s] Level 1:colcon.colcon_core.environment:checking '/home/pharanguren/TFG/lama_ws/install/iris_lama/bin'
[46.008s] Level 1:colcon.colcon_core.environment:checking '/home/pharanguren/TFG/lama_ws/install/iris_lama/lib/pkgconfig/iris_lama.pc'
[46.008s] Level 1:colcon.colcon_core.environment:checking '/home/pharanguren/TFG/lama_ws/install/iris_lama/lib/python3.12/site-packages'
[46.008s] Level 1:colcon.colcon_core.environment:checking '/home/pharanguren/TFG/lama_ws/install/iris_lama/bin'
[46.008s] INFO:colcon.colcon_core.shell:Creating package script '/home/pharanguren/TFG/lama_ws/install/iris_lama/share/iris_lama/package.ps1'
[46.009s] INFO:colcon.colcon_core.shell:Creating package descriptor '/home/pharanguren/TFG/lama_ws/install/iris_lama/share/iris_lama/package.dsv'
[46.010s] INFO:colcon.colcon_core.shell:Creating package script '/home/pharanguren/TFG/lama_ws/install/iris_lama/share/iris_lama/package.sh'
[46.011s] INFO:colcon.colcon_core.shell:Creating package script '/home/pharanguren/TFG/lama_ws/install/iris_lama/share/iris_lama/package.bash'
[46.012s] INFO:colcon.colcon_core.shell:Creating package script '/home/pharanguren/TFG/lama_ws/install/iris_lama/share/iris_lama/package.zsh'
[46.013s] Level 1:colcon.colcon_core.environment:create_file_with_runtime_dependencies(/home/pharanguren/TFG/lama_ws/install/iris_lama/share/colcon-core/packages/iris_lama)
[46.013s] INFO:colcon.colcon_ros.task.catkin.build:Building ROS package in '/home/pharanguren/TFG/lama_ws/src/iris_lama_ros' with build type 'catkin'
[46.013s] INFO:colcon.colcon_cmake.task.cmake.build:Building CMake package in '/home/pharanguren/TFG/lama_ws/src/iris_lama_ros'
[46.013s] INFO:colcon.colcon_core.shell:Skip shell extension 'powershell' for command environment: Not usable outside of PowerShell
[46.013s] DEBUG:colcon.colcon_core.shell:Skip shell extension 'dsv' for command environment
[46.028s] DEBUG:colcon.colcon_core.event_handler.log_command:Invoking command in '/home/pharanguren/TFG/lama_ws/build/iris_lama_ros': CMAKE_PREFIX_PATH=/home/pharanguren/TFG/lama_ws/install/iris_lama:${CMAKE_PREFIX_PATH} DEBUGINFOD_URLS=https://debuginfod.ubuntu.com PKG_CONFIG_PATH=/home/pharanguren/TFG/lama_ws/install/iris_lama/lib/x86_64-linux-gnu/pkgconfig:/home/pharanguren/TFG/lama_ws/install/iris_lama/lib/pkgconfig /usr/bin/cmake /home/pharanguren/TFG/lama_ws/src/iris_lama_ros -DCATKIN_INSTALL_INTO_PREFIX_ROOT=0 -DCATKIN_SYMLINK_INSTALL=ON -DCMAKE_INSTALL_PREFIX=/home/pharanguren/TFG/lama_ws/install/iris_lama_ros
[46.629s] DEBUG:colcon.colcon_core.event_handler.log_command:Invoked command in '/home/pharanguren/TFG/lama_ws/build/iris_lama_ros' returned '1': CMAKE_PREFIX_PATH=/home/pharanguren/TFG/lama_ws/install/iris_lama:${CMAKE_PREFIX_PATH} DEBUGINFOD_URLS=https://debuginfod.ubuntu.com PKG_CONFIG_PATH=/home/pharanguren/TFG/lama_ws/install/iris_lama/lib/x86_64-linux-gnu/pkgconfig:/home/pharanguren/TFG/lama_ws/install/iris_lama/lib/pkgconfig /usr/bin/cmake /home/pharanguren/TFG/lama_ws/src/iris_lama_ros -DCATKIN_INSTALL_INTO_PREFIX_ROOT=0 -DCATKIN_SYMLINK_INSTALL=ON -DCMAKE_INSTALL_PREFIX=/home/pharanguren/TFG/lama_ws/install/iris_lama_ros
[46.641s] Level 1:colcon.colcon_core.environment:create_environment_scripts_only(iris_lama_ros)
[46.642s] Level 1:colcon.colcon_core.environment:checking '/home/pharanguren/TFG/lama_ws/install/iris_lama_ros' for CMake module files
[46.642s] Level 1:colcon.colcon_core.environment:checking '/home/pharanguren/TFG/lama_ws/install/iris_lama_ros' for CMake config files
[46.642s] Level 1:colcon.colcon_core.environment:checking '/home/pharanguren/TFG/lama_ws/install/iris_lama_ros/bin'
[46.642s] Level 1:colcon.colcon_core.environment:checking '/home/pharanguren/TFG/lama_ws/install/iris_lama_ros/lib/pkgconfig/iris_lama_ros.pc'
[46.643s] Level 1:colcon.colcon_core.environment:checking '/home/pharanguren/TFG/lama_ws/install/iris_lama_ros/lib/python3.12/site-packages'
[46.643s] Level 1:colcon.colcon_core.environment:checking '/home/pharanguren/TFG/lama_ws/install/iris_lama_ros/bin'
[46.643s] INFO:colcon.colcon_core.shell:Creating package script '/home/pharanguren/TFG/lama_ws/install/iris_lama_ros/share/iris_lama_ros/package.ps1'
[46.644s] INFO:colcon.colcon_core.shell:Creating package descriptor '/home/pharanguren/TFG/lama_ws/install/iris_lama_ros/share/iris_lama_ros/package.dsv'
[46.644s] INFO:colcon.colcon_core.shell:Creating package script '/home/pharanguren/TFG/lama_ws/install/iris_lama_ros/share/iris_lama_ros/package.sh'
[46.644s] INFO:colcon.colcon_core.shell:Creating package script '/home/pharanguren/TFG/lama_ws/install/iris_lama_ros/share/iris_lama_ros/package.bash'
[46.644s] INFO:colcon.colcon_core.shell:Creating package script '/home/pharanguren/TFG/lama_ws/install/iris_lama_ros/share/iris_lama_ros/package.zsh'
[46.645s] Level 1:colcon.colcon_core.environment:create_file_with_runtime_dependencies(/home/pharanguren/TFG/lama_ws/install/iris_lama_ros/share/colcon-core/packages/iris_lama_ros)
[46.655s] DEBUG:colcon.colcon_parallel_executor.executor.parallel:closing loop
[46.656s] DEBUG:colcon.colcon_parallel_executor.executor.parallel:loop closed
[46.656s] DEBUG:colcon.colcon_parallel_executor.executor.parallel:run_until_complete finished with '1'
[46.656s] DEBUG:colcon.colcon_core.event_reactor:joining thread
[46.736s] INFO:colcon.colcon_core.plugin_system:Skipping extension 'colcon_notification.desktop_notification.terminal_notifier': Not used on non-Darwin systems
[46.736s] INFO:colcon.colcon_core.plugin_system:Skipping extension 'colcon_notification.desktop_notification.win32': Not used on non-Windows systems
[46.737s] INFO:colcon.colcon_notification.desktop_notification:Sending desktop notification using 'notify2'
[46.755s] DEBUG:colcon.colcon_core.event_reactor:joined thread
[46.755s] INFO:colcon.colcon_core.shell:Creating prefix script '/home/pharanguren/TFG/lama_ws/install/local_setup.ps1'
[46.756s] INFO:colcon.colcon_core.shell:Creating prefix util module '/home/pharanguren/TFG/lama_ws/install/_local_setup_util_ps1.py'
[46.758s] INFO:colcon.colcon_core.shell:Creating prefix chain script '/home/pharanguren/TFG/lama_ws/install/setup.ps1'
[46.760s] INFO:colcon.colcon_core.shell:Creating prefix script '/home/pharanguren/TFG/lama_ws/install/local_setup.sh'
[46.761s] INFO:colcon.colcon_core.shell:Creating prefix util module '/home/pharanguren/TFG/lama_ws/install/_local_setup_util_sh.py'
[46.763s] INFO:colcon.colcon_core.shell:Creating prefix chain script '/home/pharanguren/TFG/lama_ws/install/setup.sh'
[46.765s] INFO:colcon.colcon_core.shell:Creating prefix script '/home/pharanguren/TFG/lama_ws/install/local_setup.bash'
[46.766s] INFO:colcon.colcon_core.shell:Creating prefix chain script '/home/pharanguren/TFG/lama_ws/install/setup.bash'
[46.770s] INFO:colcon.colcon_core.shell:Creating prefix script '/home/pharanguren/TFG/lama_ws/install/local_setup.zsh'
[46.771s] INFO:colcon.colcon_core.shell:Creating prefix chain script '/home/pharanguren/TFG/lama_ws/install/setup.zsh'
