[0.031s] Invoking command in '/home/pharanguren/TFG/mrpt_ws/build/mrpt_rbpf_slam': CMAKE_PREFIX_PATH=${CMAKE_PREFIX_PATH}:/opt/ros/jazzy DEBUGINFOD_URLS=https://debuginfod.ubuntu.com /usr/bin/cmake /home/pharanguren/TFG/mrpt_ws/src/mrpt_slam/mrpt_rbpf_slam -DAMENT_CMAKE_SYMLINK_INSTALL=1 -DCMAKE_INSTALL_PREFIX=/home/pharanguren/TFG/mrpt_ws/install/mrpt_rbpf_slam
[0.176s] -- The C compiler identification is GNU 13.3.0
[0.298s] -- The CXX compiler identification is GNU 13.3.0
[0.337s] -- Detecting C compiler ABI info
[0.524s] -- Detecting C compiler ABI info - done
[0.541s] -- Check for working C compiler: /usr/bin/cc - skipped
[0.541s] -- Detecting C compile features
[0.542s] -- Detecting C compile features - done
[0.560s] -- Detecting CXX compiler ABI info
[0.736s] -- Detecting CXX compiler ABI info - done
[0.751s] -- Check for working CXX compiler: /usr/bin/c++ - skipped
[0.751s] -- Detecting CXX compile features
[0.752s] -- Detecting CXX compile features - done
[0.760s] -- Found ament_cmake: 2.5.6 (/opt/ros/jazzy/share/ament_cmake/cmake)
[1.075s] -- Found Python3: /usr/bin/python3 (found version "3.12.3") found components: Interpreter 
[1.213s] -- Override CMake install command with custom implementation using symlinks instead of copying resources
[1.331s] -- Found rclcpp: 28.1.21 (/opt/ros/jazzy/share/rclcpp/cmake)
[1.467s] -- Found rosidl_generator_c: 4.6.9 (/opt/ros/jazzy/share/rosidl_generator_c/cmake)
[1.503s] -- Found rosidl_generator_cpp: 4.6.9 (/opt/ros/jazzy/share/rosidl_generator_cpp/cmake)
[1.540s] -- Using all available rosidl_typesupport_c: rosidl_typesupport_fastrtps_c;rosidl_typesupport_introspection_c
[1.584s] -- Using all available rosidl_typesupport_cpp: rosidl_typesupport_fastrtps_cpp;rosidl_typesupport_introspection_cpp
[1.747s] -- Found rmw_implementation_cmake: 7.3.3 (/opt/ros/jazzy/share/rmw_implementation_cmake/cmake)
[1.755s] -- Found rmw_fastrtps_cpp: 8.4.4 (/opt/ros/jazzy/share/rmw_fastrtps_cpp/cmake)
[1.924s] -- Found OpenSSL: /usr/lib/x86_64-linux-gnu/libcrypto.so (found version "3.0.13")  
[1.970s] -- Found FastRTPS: /opt/ros/jazzy/include (Required is at least version "2.13") 
[2.024s] -- Using RMW implementation 'rmw_fastrtps_cpp' as default
[2.230s] -- Found rclcpp_components: 28.1.21 (/opt/ros/jazzy/share/rclcpp_components/cmake)
[2.306s] -- Found tf2: 0.36.21 (/opt/ros/jazzy/share/tf2/cmake)
[2.388s] -- Found tf2_ros: 0.36.21 (/opt/ros/jazzy/share/tf2_ros/cmake)
[2.583s] -- Found tf2_geometry_msgs: 0.36.21 (/opt/ros/jazzy/share/tf2_geometry_msgs/cmake)
[2.620s] -- Found eigen3_cmake_module: 0.3.1 (/opt/ros/jazzy/share/eigen3_cmake_module/cmake)
[2.622s] -- Found Eigen3: TRUE (found version "3.4.0") 
[2.622s] -- Ensuring Eigen3 include directory is part of orocos-kdl CMake target
[2.633s] -- Found nav_msgs: 5.3.8 (/opt/ros/jazzy/share/nav_msgs/cmake)
[2.691s] -- Found sensor_msgs: 5.3.8 (/opt/ros/jazzy/share/sensor_msgs/cmake)
[2.746s] -- Found visualization_msgs: 5.3.8 (/opt/ros/jazzy/share/visualization_msgs/cmake)
[2.819s] -- Found mrpt_msgs: 0.6.0 (/opt/ros/jazzy/share/mrpt_msgs/cmake)
[2.880s] -- Found mrpt_libros_bridge: 3.5.3 (/opt/ros/jazzy/share/mrpt_libros_bridge/cmake)
[3.327s] -- Setting yaml-cpp_DIR to: '/opt/ros/jazzy/share/yaml_cpp_vendor/cmake/../../../opt/yaml_cpp_vendor/share/cmake/yaml-cpp'
[3.617s] -- Found mrpt_msgs_bridge: 2.5.0 (/opt/ros/jazzy/share/mrpt_msgs_bridge/cmake)
[3.649s] -- Found ament_lint_auto: 0.17.5 (/opt/ros/jazzy/share/ament_lint_auto/cmake)
[3.658s] -- Found ament_cmake_pytest: 2.5.6 (/opt/ros/jazzy/share/ament_cmake_pytest/cmake)
[3.668s] -- Found launch_testing_ament_cmake: 3.4.11 (/opt/ros/jazzy/share/launch_testing_ament_cmake/cmake)
[3.677s] -- Found python_cmake_module: 0.11.1 (/opt/ros/jazzy/share/python_cmake_module/cmake)
[3.937s] -- Found PythonExtra: /usr/bin/python3  
[7.361s] -- Added test 'copyright' to check source files copyright and LICENSE
[7.368s] -- Added test 'cppcheck' to perform static code analysis on C / C++ code
[7.368s] -- Configured cppcheck include dirs: /home/pharanguren/TFG/mrpt_ws/src/mrpt_slam/mrpt_rbpf_slam/include
[7.368s] -- Configured cppcheck exclude dirs and/or files: 
[7.384s] -- Added test 'cpplint' to check C / C++ code against the Google style
[7.385s] -- Configured cpplint exclude dirs and/or files: 
[7.387s] -- Added test 'flake8' to check Python code syntax and style conventions
[7.387s] -- Configured 'flake8' exclude dirs and/or files: 
[7.390s] -- Added test 'lint_cmake' to check CMake code style
[7.393s] -- Added test 'pep257' to check Python code against some of the docstring style conventions in PEP 257
[7.396s] -- Added test 'xmllint' to check XML markup files
[7.401s] -- Configuring done (7.4s)
[7.455s] -- Generating done (0.0s)
[7.466s] -- Build files have been written to: /home/pharanguren/TFG/mrpt_ws/build/mrpt_rbpf_slam
[7.509s] Invoked command in '/home/pharanguren/TFG/mrpt_ws/build/mrpt_rbpf_slam' returned '0': CMAKE_PREFIX_PATH=${CMAKE_PREFIX_PATH}:/opt/ros/jazzy DEBUGINFOD_URLS=https://debuginfod.ubuntu.com /usr/bin/cmake /home/pharanguren/TFG/mrpt_ws/src/mrpt_slam/mrpt_rbpf_slam -DAMENT_CMAKE_SYMLINK_INSTALL=1 -DCMAKE_INSTALL_PREFIX=/home/pharanguren/TFG/mrpt_ws/install/mrpt_rbpf_slam
[7.511s] Invoking command in '/home/pharanguren/TFG/mrpt_ws/build/mrpt_rbpf_slam': CMAKE_PREFIX_PATH=${CMAKE_PREFIX_PATH}:/opt/ros/jazzy DEBUGINFOD_URLS=https://debuginfod.ubuntu.com /usr/bin/cmake --build /home/pharanguren/TFG/mrpt_ws/build/mrpt_rbpf_slam -- -j12 -l12
[7.614s] [ 20%] [32mBuilding CXX object CMakeFiles/mrpt_rbpf_slam.dir/src/mrpt_rbpf_slam.cpp.o[0m
[7.617s] [ 40%] [32mBuilding CXX object CMakeFiles/mrpt_rbpf_slam.dir/src/mrpt_rbpf_slam_node.cpp.o[0m
[7.618s] [ 60%] [32mBuilding CXX object CMakeFiles/mrpt_rbpf_slam.dir/src/mrpt_rbpf_slam_wrapper.cpp.o[0m
[7.619s] [ 80%] [32mBuilding CXX object CMakeFiles/mrpt_rbpf_slam.dir/src/options.cpp.o[0m
