[0.435s] DEBUG:colcon:Command line arguments: ['/usr/bin/colcon', 'build', '--packages-up-to', 'mrpt_rbpf_slam', '--symlink-install']
[0.436s] DEBUG:colcon:Parsed command line arguments: Namespace(log_base=None, log_level=None, verb_name='build', build_base='build', install_base='install', merge_install=False, symlink_install=True, test_result_base=None, continue_on_error=False, executor='parallel', parallel_workers=12, event_handlers=None, ignore_user_meta=False, metas=['./colcon.meta'], base_paths=['.'], packages_ignore=None, packages_ignore_regex=None, paths=None, packages_up_to=['mrpt_rbpf_slam'], packages_up_to_regex=None, packages_above=None, packages_above_and_dependencies=None, packages_above_depth=None, packages_select_by_dep=None, packages_skip_by_dep=None, packages_skip_up_to=None, packages_select_build_failed=False, packages_skip_build_finished=False, packages_select_test_failures=False, packages_skip_test_passed=False, packages_select=None, packages_skip=None, packages_select_regex=None, packages_skip_regex=None, packages_start=None, packages_end=None, allow_overriding=[], cmake_args=None, cmake_target=None, cmake_target_skip_unavailable=False, cmake_clean_cache=False, cmake_clean_first=False, cmake_force_configure=False, ament_cmake_args=None, catkin_cmake_args=None, catkin_skip_building_tests=False, mixin_files=None, mixin=None, verb_parser=<colcon_mixin.mixin.mixin_argument.MixinArgumentDecorator object at 0x70174519a780>, verb_extension=<colcon_core.verb.build.BuildVerb object at 0x7017451404a0>, main=<bound method BuildVerb.main of <colcon_core.verb.build.BuildVerb object at 0x7017451404a0>>, mixin_verb=('build',))
[0.647s] Level 1:colcon.colcon_core.package_discovery:discover_packages(colcon_meta) check parameters
[0.647s] Level 1:colcon.colcon_core.package_discovery:discover_packages(recursive) check parameters
[0.647s] Level 1:colcon.colcon_core.package_discovery:discover_packages(ignore) check parameters
[0.648s] Level 1:colcon.colcon_core.package_discovery:discover_packages(path) check parameters
[0.648s] Level 1:colcon.colcon_core.package_discovery:discover_packages(colcon_meta) discover
[0.648s] Level 1:colcon.colcon_core.package_discovery:discover_packages(recursive) discover
[0.648s] INFO:colcon.colcon_core.package_discovery:Crawling recursively for packages in '/home/pharanguren/TFG/mrpt_ws'
[0.648s] Level 1:colcon.colcon_core.package_identification:_identify(.) by extensions ['ignore', 'ignore_ament_install']
[0.648s] Level 1:colcon.colcon_core.package_identification:_identify(.) by extension 'ignore'
[0.648s] Level 1:colcon.colcon_core.package_identification:_identify(.) by extension 'ignore_ament_install'
[0.648s] Level 1:colcon.colcon_core.package_identification:_identify(.) by extensions ['colcon_pkg']
[0.648s] Level 1:colcon.colcon_core.package_identification:_identify(.) by extension 'colcon_pkg'
[0.648s] Level 1:colcon.colcon_core.package_identification:_identify(.) by extensions ['colcon_meta']
[0.648s] Level 1:colcon.colcon_core.package_identification:_identify(.) by extension 'colcon_meta'
[0.649s] Level 1:colcon.colcon_core.package_identification:_identify(.) by extensions ['ros']
[0.649s] Level 1:colcon.colcon_core.package_identification:_identify(.) by extension 'ros'
[0.677s] Level 1:colcon.colcon_core.package_identification:_identify(.) by extensions ['cmake', 'python']
[0.677s] Level 1:colcon.colcon_core.package_identification:_identify(.) by extension 'cmake'
[0.677s] Level 1:colcon.colcon_core.package_identification:_identify(.) by extension 'python'
[0.677s] Level 1:colcon.colcon_core.package_identification:_identify(.) by extensions ['python_setup_py']
[0.678s] Level 1:colcon.colcon_core.package_identification:_identify(.) by extension 'python_setup_py'
[0.678s] Level 1:colcon.colcon_core.package_identification:_identify(build) by extensions ['ignore', 'ignore_ament_install']
[0.678s] Level 1:colcon.colcon_core.package_identification:_identify(build) by extension 'ignore'
[0.678s] Level 1:colcon.colcon_core.package_identification:_identify(build) ignored
[0.678s] Level 1:colcon.colcon_core.package_identification:_identify(install) by extensions ['ignore', 'ignore_ament_install']
[0.678s] Level 1:colcon.colcon_core.package_identification:_identify(install) by extension 'ignore'
[0.678s] Level 1:colcon.colcon_core.package_identification:_identify(install) ignored
[0.678s] Level 1:colcon.colcon_core.package_identification:_identify(log) by extensions ['ignore', 'ignore_ament_install']
[0.679s] Level 1:colcon.colcon_core.package_identification:_identify(log) by extension 'ignore'
[0.679s] Level 1:colcon.colcon_core.package_identification:_identify(log) ignored
[0.679s] Level 1:colcon.colcon_core.package_identification:_identify(src) by extensions ['ignore', 'ignore_ament_install']
[0.679s] Level 1:colcon.colcon_core.package_identification:_identify(src) by extension 'ignore'
[0.679s] Level 1:colcon.colcon_core.package_identification:_identify(src) by extension 'ignore_ament_install'
[0.679s] Level 1:colcon.colcon_core.package_identification:_identify(src) by extensions ['colcon_pkg']
[0.679s] Level 1:colcon.colcon_core.package_identification:_identify(src) by extension 'colcon_pkg'
[0.679s] Level 1:colcon.colcon_core.package_identification:_identify(src) by extensions ['colcon_meta']
[0.679s] Level 1:colcon.colcon_core.package_identification:_identify(src) by extension 'colcon_meta'
[0.679s] Level 1:colcon.colcon_core.package_identification:_identify(src) by extensions ['ros']
[0.679s] Level 1:colcon.colcon_core.package_identification:_identify(src) by extension 'ros'
[0.679s] Level 1:colcon.colcon_core.package_identification:_identify(src) by extensions ['cmake', 'python']
[0.679s] Level 1:colcon.colcon_core.package_identification:_identify(src) by extension 'cmake'
[0.680s] Level 1:colcon.colcon_core.package_identification:_identify(src) by extension 'python'
[0.680s] Level 1:colcon.colcon_core.package_identification:_identify(src) by extensions ['python_setup_py']
[0.680s] Level 1:colcon.colcon_core.package_identification:_identify(src) by extension 'python_setup_py'
[0.680s] Level 1:colcon.colcon_core.package_identification:_identify(src/mrpt_slam) by extensions ['ignore', 'ignore_ament_install']
[0.680s] Level 1:colcon.colcon_core.package_identification:_identify(src/mrpt_slam) by extension 'ignore'
[0.680s] Level 1:colcon.colcon_core.package_identification:_identify(src/mrpt_slam) by extension 'ignore_ament_install'
[0.680s] Level 1:colcon.colcon_core.package_identification:_identify(src/mrpt_slam) by extensions ['colcon_pkg']
[0.680s] Level 1:colcon.colcon_core.package_identification:_identify(src/mrpt_slam) by extension 'colcon_pkg'
[0.680s] Level 1:colcon.colcon_core.package_identification:_identify(src/mrpt_slam) by extensions ['colcon_meta']
[0.680s] Level 1:colcon.colcon_core.package_identification:_identify(src/mrpt_slam) by extension 'colcon_meta'
[0.680s] Level 1:colcon.colcon_core.package_identification:_identify(src/mrpt_slam) by extensions ['ros']
[0.680s] Level 1:colcon.colcon_core.package_identification:_identify(src/mrpt_slam) by extension 'ros'
[0.680s] Level 1:colcon.colcon_core.package_identification:_identify(src/mrpt_slam) by extensions ['cmake', 'python']
[0.680s] Level 1:colcon.colcon_core.package_identification:_identify(src/mrpt_slam) by extension 'cmake'
[0.680s] Level 1:colcon.colcon_core.package_identification:_identify(src/mrpt_slam) by extension 'python'
[0.681s] Level 1:colcon.colcon_core.package_identification:_identify(src/mrpt_slam) by extensions ['python_setup_py']
[0.681s] Level 1:colcon.colcon_core.package_identification:_identify(src/mrpt_slam) by extension 'python_setup_py'
[0.696s] Level 1:colcon.colcon_core.package_identification:_identify(src/mrpt_slam/mrpt_ekf_slam_2d) by extensions ['ignore', 'ignore_ament_install']
[0.697s] Level 1:colcon.colcon_core.package_identification:_identify(src/mrpt_slam/mrpt_ekf_slam_2d) by extension 'ignore'
[0.697s] Level 1:colcon.colcon_core.package_identification:_identify(src/mrpt_slam/mrpt_ekf_slam_2d) by extension 'ignore_ament_install'
[0.697s] Level 1:colcon.colcon_core.package_identification:_identify(src/mrpt_slam/mrpt_ekf_slam_2d) by extensions ['colcon_pkg']
[0.697s] Level 1:colcon.colcon_core.package_identification:_identify(src/mrpt_slam/mrpt_ekf_slam_2d) by extension 'colcon_pkg'
[0.697s] Level 1:colcon.colcon_core.package_identification:_identify(src/mrpt_slam/mrpt_ekf_slam_2d) by extensions ['colcon_meta']
[0.697s] Level 1:colcon.colcon_core.package_identification:_identify(src/mrpt_slam/mrpt_ekf_slam_2d) by extension 'colcon_meta'
[0.697s] Level 1:colcon.colcon_core.package_identification:_identify(src/mrpt_slam/mrpt_ekf_slam_2d) by extensions ['ros']
[0.697s] Level 1:colcon.colcon_core.package_identification:_identify(src/mrpt_slam/mrpt_ekf_slam_2d) by extension 'ros'
[0.709s] DEBUG:colcon.colcon_core.package_identification:Package 'src/mrpt_slam/mrpt_ekf_slam_2d' with type 'ros.ament_cmake' and name 'mrpt_ekf_slam_2d'
[0.716s] Level 1:colcon.colcon_core.package_identification:_identify(src/mrpt_slam/mrpt_ekf_slam_3d) by extensions ['ignore', 'ignore_ament_install']
[0.717s] Level 1:colcon.colcon_core.package_identification:_identify(src/mrpt_slam/mrpt_ekf_slam_3d) by extension 'ignore'
[0.717s] Level 1:colcon.colcon_core.package_identification:_identify(src/mrpt_slam/mrpt_ekf_slam_3d) by extension 'ignore_ament_install'
[0.717s] Level 1:colcon.colcon_core.package_identification:_identify(src/mrpt_slam/mrpt_ekf_slam_3d) by extensions ['colcon_pkg']
[0.717s] Level 1:colcon.colcon_core.package_identification:_identify(src/mrpt_slam/mrpt_ekf_slam_3d) by extension 'colcon_pkg'
[0.717s] Level 1:colcon.colcon_core.package_identification:_identify(src/mrpt_slam/mrpt_ekf_slam_3d) by extensions ['colcon_meta']
[0.717s] Level 1:colcon.colcon_core.package_identification:_identify(src/mrpt_slam/mrpt_ekf_slam_3d) by extension 'colcon_meta'
[0.717s] Level 1:colcon.colcon_core.package_identification:_identify(src/mrpt_slam/mrpt_ekf_slam_3d) by extensions ['ros']
[0.717s] Level 1:colcon.colcon_core.package_identification:_identify(src/mrpt_slam/mrpt_ekf_slam_3d) by extension 'ros'
[0.719s] DEBUG:colcon.colcon_core.package_identification:Package 'src/mrpt_slam/mrpt_ekf_slam_3d' with type 'ros.ament_cmake' and name 'mrpt_ekf_slam_3d'
[0.719s] Level 1:colcon.colcon_core.package_identification:_identify(src/mrpt_slam/mrpt_graphslam_2d) by extensions ['ignore', 'ignore_ament_install']
[0.719s] Level 1:colcon.colcon_core.package_identification:_identify(src/mrpt_slam/mrpt_graphslam_2d) by extension 'ignore'
[0.719s] Level 1:colcon.colcon_core.package_identification:_identify(src/mrpt_slam/mrpt_graphslam_2d) by extension 'ignore_ament_install'
[0.719s] Level 1:colcon.colcon_core.package_identification:_identify(src/mrpt_slam/mrpt_graphslam_2d) by extensions ['colcon_pkg']
[0.719s] Level 1:colcon.colcon_core.package_identification:_identify(src/mrpt_slam/mrpt_graphslam_2d) by extension 'colcon_pkg'
[0.719s] Level 1:colcon.colcon_core.package_identification:_identify(src/mrpt_slam/mrpt_graphslam_2d) by extensions ['colcon_meta']
[0.719s] Level 1:colcon.colcon_core.package_identification:_identify(src/mrpt_slam/mrpt_graphslam_2d) by extension 'colcon_meta'
[0.719s] Level 1:colcon.colcon_core.package_identification:_identify(src/mrpt_slam/mrpt_graphslam_2d) by extensions ['ros']
[0.720s] Level 1:colcon.colcon_core.package_identification:_identify(src/mrpt_slam/mrpt_graphslam_2d) by extension 'ros'
[0.721s] DEBUG:colcon.colcon_core.package_identification:Package 'src/mrpt_slam/mrpt_graphslam_2d' with type 'ros.ament_cmake' and name 'mrpt_graphslam_2d'
[0.729s] Level 1:colcon.colcon_core.package_identification:_identify(src/mrpt_slam/mrpt_icp_slam_2d) by extensions ['ignore', 'ignore_ament_install']
[0.729s] Level 1:colcon.colcon_core.package_identification:_identify(src/mrpt_slam/mrpt_icp_slam_2d) by extension 'ignore'
[0.729s] Level 1:colcon.colcon_core.package_identification:_identify(src/mrpt_slam/mrpt_icp_slam_2d) by extension 'ignore_ament_install'
[0.729s] Level 1:colcon.colcon_core.package_identification:_identify(src/mrpt_slam/mrpt_icp_slam_2d) by extensions ['colcon_pkg']
[0.729s] Level 1:colcon.colcon_core.package_identification:_identify(src/mrpt_slam/mrpt_icp_slam_2d) by extension 'colcon_pkg'
[0.730s] Level 1:colcon.colcon_core.package_identification:_identify(src/mrpt_slam/mrpt_icp_slam_2d) by extensions ['colcon_meta']
[0.730s] Level 1:colcon.colcon_core.package_identification:_identify(src/mrpt_slam/mrpt_icp_slam_2d) by extension 'colcon_meta'
[0.730s] Level 1:colcon.colcon_core.package_identification:_identify(src/mrpt_slam/mrpt_icp_slam_2d) by extensions ['ros']
[0.730s] Level 1:colcon.colcon_core.package_identification:_identify(src/mrpt_slam/mrpt_icp_slam_2d) by extension 'ros'
[0.744s] DEBUG:colcon.colcon_core.package_identification:Package 'src/mrpt_slam/mrpt_icp_slam_2d' with type 'ros.ament_cmake' and name 'mrpt_icp_slam_2d'
[0.744s] Level 1:colcon.colcon_core.package_identification:_identify(src/mrpt_slam/mrpt_rbpf_slam) by extensions ['ignore', 'ignore_ament_install']
[0.745s] Level 1:colcon.colcon_core.package_identification:_identify(src/mrpt_slam/mrpt_rbpf_slam) by extension 'ignore'
[0.745s] Level 1:colcon.colcon_core.package_identification:_identify(src/mrpt_slam/mrpt_rbpf_slam) by extension 'ignore_ament_install'
[0.746s] Level 1:colcon.colcon_core.package_identification:_identify(src/mrpt_slam/mrpt_rbpf_slam) by extensions ['colcon_pkg']
[0.746s] Level 1:colcon.colcon_core.package_identification:_identify(src/mrpt_slam/mrpt_rbpf_slam) by extension 'colcon_pkg'
[0.746s] Level 1:colcon.colcon_core.package_identification:_identify(src/mrpt_slam/mrpt_rbpf_slam) by extensions ['colcon_meta']
[0.747s] Level 1:colcon.colcon_core.package_identification:_identify(src/mrpt_slam/mrpt_rbpf_slam) by extension 'colcon_meta'
[0.747s] Level 1:colcon.colcon_core.package_identification:_identify(src/mrpt_slam/mrpt_rbpf_slam) by extensions ['ros']
[0.747s] Level 1:colcon.colcon_core.package_identification:_identify(src/mrpt_slam/mrpt_rbpf_slam) by extension 'ros'
[0.753s] DEBUG:colcon.colcon_core.package_identification:Package 'src/mrpt_slam/mrpt_rbpf_slam' with type 'ros.ament_cmake' and name 'mrpt_rbpf_slam'
[0.765s] Level 1:colcon.colcon_core.package_identification:_identify(src/mrpt_slam/mrpt_slam) by extensions ['ignore', 'ignore_ament_install']
[0.765s] Level 1:colcon.colcon_core.package_identification:_identify(src/mrpt_slam/mrpt_slam) by extension 'ignore'
[0.766s] Level 1:colcon.colcon_core.package_identification:_identify(src/mrpt_slam/mrpt_slam) by extension 'ignore_ament_install'
[0.766s] Level 1:colcon.colcon_core.package_identification:_identify(src/mrpt_slam/mrpt_slam) by extensions ['colcon_pkg']
[0.766s] Level 1:colcon.colcon_core.package_identification:_identify(src/mrpt_slam/mrpt_slam) by extension 'colcon_pkg'
[0.766s] Level 1:colcon.colcon_core.package_identification:_identify(src/mrpt_slam/mrpt_slam) by extensions ['colcon_meta']
[0.766s] Level 1:colcon.colcon_core.package_identification:_identify(src/mrpt_slam/mrpt_slam) by extension 'colcon_meta'
[0.767s] Level 1:colcon.colcon_core.package_identification:_identify(src/mrpt_slam/mrpt_slam) by extensions ['ros']
[0.767s] Level 1:colcon.colcon_core.package_identification:_identify(src/mrpt_slam/mrpt_slam) by extension 'ros'
[0.768s] DEBUG:colcon.colcon_core.package_identification:Package 'src/mrpt_slam/mrpt_slam' with type 'ros.ament_cmake' and name 'mrpt_slam'
[0.769s] Level 1:colcon.colcon_core.package_identification:_identify(src/mrpt_slam/scripts) by extensions ['ignore', 'ignore_ament_install']
[0.769s] Level 1:colcon.colcon_core.package_identification:_identify(src/mrpt_slam/scripts) by extension 'ignore'
[0.769s] Level 1:colcon.colcon_core.package_identification:_identify(src/mrpt_slam/scripts) by extension 'ignore_ament_install'
[0.770s] Level 1:colcon.colcon_core.package_identification:_identify(src/mrpt_slam/scripts) by extensions ['colcon_pkg']
[0.770s] Level 1:colcon.colcon_core.package_identification:_identify(src/mrpt_slam/scripts) by extension 'colcon_pkg'
[0.770s] Level 1:colcon.colcon_core.package_identification:_identify(src/mrpt_slam/scripts) by extensions ['colcon_meta']
[0.770s] Level 1:colcon.colcon_core.package_identification:_identify(src/mrpt_slam/scripts) by extension 'colcon_meta'
[0.770s] Level 1:colcon.colcon_core.package_identification:_identify(src/mrpt_slam/scripts) by extensions ['ros']
[0.770s] Level 1:colcon.colcon_core.package_identification:_identify(src/mrpt_slam/scripts) by extension 'ros'
[0.771s] Level 1:colcon.colcon_core.package_identification:_identify(src/mrpt_slam/scripts) by extensions ['cmake', 'python']
[0.771s] Level 1:colcon.colcon_core.package_identification:_identify(src/mrpt_slam/scripts) by extension 'cmake'
[0.771s] Level 1:colcon.colcon_core.package_identification:_identify(src/mrpt_slam/scripts) by extension 'python'
[0.771s] Level 1:colcon.colcon_core.package_identification:_identify(src/mrpt_slam/scripts) by extensions ['python_setup_py']
[0.771s] Level 1:colcon.colcon_core.package_identification:_identify(src/mrpt_slam/scripts) by extension 'python_setup_py'
[0.771s] Level 1:colcon.colcon_core.package_discovery:discover_packages(recursive) using defaults
[0.771s] Level 1:colcon.colcon_core.package_discovery:discover_packages(ignore) discover
[0.772s] Level 1:colcon.colcon_core.package_discovery:discover_packages(ignore) using defaults
[0.772s] Level 1:colcon.colcon_core.package_discovery:discover_packages(path) discover
[0.772s] Level 1:colcon.colcon_core.package_discovery:discover_packages(path) using defaults
[0.958s] INFO:colcon.colcon_core.package_selection:Skipping package 'mrpt_slam' in 'src/mrpt_slam/mrpt_slam'
[0.958s] INFO:colcon.colcon_core.package_selection:Skipping package 'mrpt_icp_slam_2d' in 'src/mrpt_slam/mrpt_icp_slam_2d'
[0.958s] INFO:colcon.colcon_core.package_selection:Skipping package 'mrpt_graphslam_2d' in 'src/mrpt_slam/mrpt_graphslam_2d'
[0.958s] INFO:colcon.colcon_core.package_selection:Skipping package 'mrpt_ekf_slam_3d' in 'src/mrpt_slam/mrpt_ekf_slam_3d'
[0.958s] INFO:colcon.colcon_core.package_selection:Skipping package 'mrpt_ekf_slam_2d' in 'src/mrpt_slam/mrpt_ekf_slam_2d'
[0.978s] Level 1:colcon.colcon_core.package_discovery:discover_packages(prefix_path) check parameters
[0.978s] Level 1:colcon.colcon_core.package_discovery:discover_packages(prefix_path) discover
[0.994s] DEBUG:colcon.colcon_installed_package_information.package_discovery:Found 8 installed packages in /home/pharanguren/turtlebot4_ws/install
[1.004s] DEBUG:colcon.colcon_installed_package_information.package_discovery:Found 479 installed packages in /opt/ros/jazzy
[1.010s] Level 1:colcon.colcon_core.package_discovery:discover_packages(prefix_path) using defaults
[4.835s] Level 5:colcon.colcon_core.verb:set package 'mrpt_rbpf_slam' build argument 'cmake_args' from command line to 'None'
[4.835s] Level 5:colcon.colcon_core.verb:set package 'mrpt_rbpf_slam' build argument 'cmake_target' from command line to 'None'
[4.836s] Level 5:colcon.colcon_core.verb:set package 'mrpt_rbpf_slam' build argument 'cmake_target_skip_unavailable' from command line to 'False'
[4.836s] Level 5:colcon.colcon_core.verb:set package 'mrpt_rbpf_slam' build argument 'cmake_clean_cache' from command line to 'False'
[4.836s] Level 5:colcon.colcon_core.verb:set package 'mrpt_rbpf_slam' build argument 'cmake_clean_first' from command line to 'False'
[4.836s] Level 5:colcon.colcon_core.verb:set package 'mrpt_rbpf_slam' build argument 'cmake_force_configure' from command line to 'False'
[4.836s] Level 5:colcon.colcon_core.verb:set package 'mrpt_rbpf_slam' build argument 'ament_cmake_args' from command line to 'None'
[4.836s] Level 5:colcon.colcon_core.verb:set package 'mrpt_rbpf_slam' build argument 'catkin_cmake_args' from command line to 'None'
[4.836s] Level 5:colcon.colcon_core.verb:set package 'mrpt_rbpf_slam' build argument 'catkin_skip_building_tests' from command line to 'False'
[4.836s] DEBUG:colcon.colcon_core.verb:Building package 'mrpt_rbpf_slam' with the following arguments: {'ament_cmake_args': None, 'build_base': '/home/pharanguren/TFG/mrpt_ws/build/mrpt_rbpf_slam', 'catkin_cmake_args': None, 'catkin_skip_building_tests': False, 'cmake_args': None, 'cmake_clean_cache': False, 'cmake_clean_first': False, 'cmake_force_configure': False, 'cmake_target': None, 'cmake_target_skip_unavailable': False, 'install_base': '/home/pharanguren/TFG/mrpt_ws/install/mrpt_rbpf_slam', 'merge_install': False, 'path': '/home/pharanguren/TFG/mrpt_ws/src/mrpt_slam/mrpt_rbpf_slam', 'symlink_install': True, 'test_result_base': None}
[4.836s] INFO:colcon.colcon_core.executor:Executing jobs using 'parallel' executor
[4.837s] DEBUG:colcon.colcon_parallel_executor.executor.parallel:run_until_complete
[4.837s] INFO:colcon.colcon_ros.task.ament_cmake.build:Building ROS package in '/home/pharanguren/TFG/mrpt_ws/src/mrpt_slam/mrpt_rbpf_slam' with build type 'ament_cmake'
[4.837s] INFO:colcon.colcon_cmake.task.cmake.build:Building CMake package in '/home/pharanguren/TFG/mrpt_ws/src/mrpt_slam/mrpt_rbpf_slam'
[4.884s] INFO:colcon.colcon_core.plugin_system:Skipping extension 'colcon_core.shell.bat': Not used on non-Windows systems
[4.884s] INFO:colcon.colcon_core.shell:Skip shell extension 'powershell' for command environment: Not usable outside of PowerShell
[4.884s] DEBUG:colcon.colcon_core.shell:Skip shell extension 'dsv' for command environment
[4.910s] DEBUG:colcon.colcon_core.event_handler.log_command:Invoking command in '/home/pharanguren/TFG/mrpt_ws/build/mrpt_rbpf_slam': CMAKE_PREFIX_PATH=${CMAKE_PREFIX_PATH}:/opt/ros/jazzy DEBUGINFOD_URLS=https://debuginfod.ubuntu.com /usr/bin/cmake --build /home/pharanguren/TFG/mrpt_ws/build/mrpt_rbpf_slam -- -j12 -l12
[5.086s] DEBUG:colcon.colcon_core.event_handler.log_command:Invoked command in '/home/pharanguren/TFG/mrpt_ws/build/mrpt_rbpf_slam' returned '0': CMAKE_PREFIX_PATH=${CMAKE_PREFIX_PATH}:/opt/ros/jazzy DEBUGINFOD_URLS=https://debuginfod.ubuntu.com /usr/bin/cmake --build /home/pharanguren/TFG/mrpt_ws/build/mrpt_rbpf_slam -- -j12 -l12
[5.097s] DEBUG:colcon.colcon_core.event_handler.log_command:Invoking command in '/home/pharanguren/TFG/mrpt_ws/build/mrpt_rbpf_slam': CMAKE_PREFIX_PATH=${CMAKE_PREFIX_PATH}:/opt/ros/jazzy DEBUGINFOD_URLS=https://debuginfod.ubuntu.com /usr/bin/cmake --install /home/pharanguren/TFG/mrpt_ws/build/mrpt_rbpf_slam
[5.125s] Level 1:colcon.colcon_core.environment:create_environment_scripts_only(mrpt_rbpf_slam)
[5.125s] DEBUG:colcon.colcon_core.event_handler.log_command:Invoked command in '/home/pharanguren/TFG/mrpt_ws/build/mrpt_rbpf_slam' returned '0': CMAKE_PREFIX_PATH=${CMAKE_PREFIX_PATH}:/opt/ros/jazzy DEBUGINFOD_URLS=https://debuginfod.ubuntu.com /usr/bin/cmake --install /home/pharanguren/TFG/mrpt_ws/build/mrpt_rbpf_slam
[5.127s] Level 1:colcon.colcon_core.environment:checking '/home/pharanguren/TFG/mrpt_ws/install/mrpt_rbpf_slam' for CMake module files
[5.128s] Level 1:colcon.colcon_core.environment:checking '/home/pharanguren/TFG/mrpt_ws/install/mrpt_rbpf_slam' for CMake config files
[5.128s] Level 1:colcon.colcon_core.shell:create_environment_hook('mrpt_rbpf_slam', 'cmake_prefix_path')
[5.128s] INFO:colcon.colcon_core.shell:Creating environment hook '/home/pharanguren/TFG/mrpt_ws/install/mrpt_rbpf_slam/share/mrpt_rbpf_slam/hook/cmake_prefix_path.ps1'
[5.129s] INFO:colcon.colcon_core.shell:Creating environment descriptor '/home/pharanguren/TFG/mrpt_ws/install/mrpt_rbpf_slam/share/mrpt_rbpf_slam/hook/cmake_prefix_path.dsv'
[5.129s] INFO:colcon.colcon_core.shell:Creating environment hook '/home/pharanguren/TFG/mrpt_ws/install/mrpt_rbpf_slam/share/mrpt_rbpf_slam/hook/cmake_prefix_path.sh'
[5.130s] Level 1:colcon.colcon_core.environment:checking '/home/pharanguren/TFG/mrpt_ws/install/mrpt_rbpf_slam/lib'
[5.130s] Level 1:colcon.colcon_core.environment:checking '/home/pharanguren/TFG/mrpt_ws/install/mrpt_rbpf_slam/bin'
[5.130s] Level 1:colcon.colcon_core.environment:checking '/home/pharanguren/TFG/mrpt_ws/install/mrpt_rbpf_slam/lib/pkgconfig/mrpt_rbpf_slam.pc'
[5.131s] Level 1:colcon.colcon_core.environment:checking '/home/pharanguren/TFG/mrpt_ws/install/mrpt_rbpf_slam/lib/python3.12/site-packages'
[5.131s] Level 1:colcon.colcon_core.environment:checking '/home/pharanguren/TFG/mrpt_ws/install/mrpt_rbpf_slam/bin'
[5.131s] INFO:colcon.colcon_core.shell:Creating package script '/home/pharanguren/TFG/mrpt_ws/install/mrpt_rbpf_slam/share/mrpt_rbpf_slam/package.ps1'
[5.132s] INFO:colcon.colcon_core.shell:Creating package descriptor '/home/pharanguren/TFG/mrpt_ws/install/mrpt_rbpf_slam/share/mrpt_rbpf_slam/package.dsv'
[5.133s] INFO:colcon.colcon_core.shell:Creating package script '/home/pharanguren/TFG/mrpt_ws/install/mrpt_rbpf_slam/share/mrpt_rbpf_slam/package.sh'
[5.133s] INFO:colcon.colcon_core.shell:Creating package script '/home/pharanguren/TFG/mrpt_ws/install/mrpt_rbpf_slam/share/mrpt_rbpf_slam/package.bash'
[5.134s] INFO:colcon.colcon_core.shell:Creating package script '/home/pharanguren/TFG/mrpt_ws/install/mrpt_rbpf_slam/share/mrpt_rbpf_slam/package.zsh'
[5.134s] Level 1:colcon.colcon_core.environment:create_file_with_runtime_dependencies(/home/pharanguren/TFG/mrpt_ws/install/mrpt_rbpf_slam/share/colcon-core/packages/mrpt_rbpf_slam)
[5.135s] Level 1:colcon.colcon_core.environment:create_environment_scripts_only(mrpt_rbpf_slam)
[5.135s] Level 1:colcon.colcon_core.environment:checking '/home/pharanguren/TFG/mrpt_ws/install/mrpt_rbpf_slam' for CMake module files
[5.136s] Level 1:colcon.colcon_core.environment:checking '/home/pharanguren/TFG/mrpt_ws/install/mrpt_rbpf_slam' for CMake config files
[5.136s] Level 1:colcon.colcon_core.shell:create_environment_hook('mrpt_rbpf_slam', 'cmake_prefix_path')
[5.136s] INFO:colcon.colcon_core.shell:Creating environment hook '/home/pharanguren/TFG/mrpt_ws/install/mrpt_rbpf_slam/share/mrpt_rbpf_slam/hook/cmake_prefix_path.ps1'
[5.137s] INFO:colcon.colcon_core.shell:Creating environment descriptor '/home/pharanguren/TFG/mrpt_ws/install/mrpt_rbpf_slam/share/mrpt_rbpf_slam/hook/cmake_prefix_path.dsv'
[5.137s] INFO:colcon.colcon_core.shell:Creating environment hook '/home/pharanguren/TFG/mrpt_ws/install/mrpt_rbpf_slam/share/mrpt_rbpf_slam/hook/cmake_prefix_path.sh'
[5.138s] Level 1:colcon.colcon_core.environment:checking '/home/pharanguren/TFG/mrpt_ws/install/mrpt_rbpf_slam/lib'
[5.138s] Level 1:colcon.colcon_core.environment:checking '/home/pharanguren/TFG/mrpt_ws/install/mrpt_rbpf_slam/bin'
[5.138s] Level 1:colcon.colcon_core.environment:checking '/home/pharanguren/TFG/mrpt_ws/install/mrpt_rbpf_slam/lib/pkgconfig/mrpt_rbpf_slam.pc'
[5.138s] Level 1:colcon.colcon_core.environment:checking '/home/pharanguren/TFG/mrpt_ws/install/mrpt_rbpf_slam/lib/python3.12/site-packages'
[5.139s] Level 1:colcon.colcon_core.environment:checking '/home/pharanguren/TFG/mrpt_ws/install/mrpt_rbpf_slam/bin'
[5.139s] INFO:colcon.colcon_core.shell:Creating package script '/home/pharanguren/TFG/mrpt_ws/install/mrpt_rbpf_slam/share/mrpt_rbpf_slam/package.ps1'
[5.157s] INFO:colcon.colcon_core.shell:Creating package descriptor '/home/pharanguren/TFG/mrpt_ws/install/mrpt_rbpf_slam/share/mrpt_rbpf_slam/package.dsv'
[5.158s] INFO:colcon.colcon_core.shell:Creating package script '/home/pharanguren/TFG/mrpt_ws/install/mrpt_rbpf_slam/share/mrpt_rbpf_slam/package.sh'
[5.158s] INFO:colcon.colcon_core.shell:Creating package script '/home/pharanguren/TFG/mrpt_ws/install/mrpt_rbpf_slam/share/mrpt_rbpf_slam/package.bash'
[5.159s] INFO:colcon.colcon_core.shell:Creating package script '/home/pharanguren/TFG/mrpt_ws/install/mrpt_rbpf_slam/share/mrpt_rbpf_slam/package.zsh'
[5.159s] Level 1:colcon.colcon_core.environment:create_file_with_runtime_dependencies(/home/pharanguren/TFG/mrpt_ws/install/mrpt_rbpf_slam/share/colcon-core/packages/mrpt_rbpf_slam)
[5.160s] DEBUG:colcon.colcon_parallel_executor.executor.parallel:closing loop
[5.160s] DEBUG:colcon.colcon_parallel_executor.executor.parallel:loop closed
[5.160s] DEBUG:colcon.colcon_parallel_executor.executor.parallel:run_until_complete finished with '0'
[5.160s] DEBUG:colcon.colcon_core.event_reactor:joining thread
[5.172s] INFO:colcon.colcon_core.plugin_system:Skipping extension 'colcon_notification.desktop_notification.terminal_notifier': Not used on non-Darwin systems
[5.172s] INFO:colcon.colcon_core.plugin_system:Skipping extension 'colcon_notification.desktop_notification.win32': Not used on non-Windows systems
[5.172s] INFO:colcon.colcon_notification.desktop_notification:Sending desktop notification using 'notify2'
[5.204s] DEBUG:colcon.colcon_core.event_reactor:joined thread
[5.205s] INFO:colcon.colcon_core.shell:Creating prefix script '/home/pharanguren/TFG/mrpt_ws/install/local_setup.ps1'
[5.206s] INFO:colcon.colcon_core.shell:Creating prefix util module '/home/pharanguren/TFG/mrpt_ws/install/_local_setup_util_ps1.py'
[5.211s] INFO:colcon.colcon_core.shell:Creating prefix chain script '/home/pharanguren/TFG/mrpt_ws/install/setup.ps1'
[5.215s] INFO:colcon.colcon_core.shell:Creating prefix script '/home/pharanguren/TFG/mrpt_ws/install/local_setup.sh'
[5.217s] INFO:colcon.colcon_core.shell:Creating prefix util module '/home/pharanguren/TFG/mrpt_ws/install/_local_setup_util_sh.py'
[5.218s] INFO:colcon.colcon_core.shell:Creating prefix chain script '/home/pharanguren/TFG/mrpt_ws/install/setup.sh'
[5.221s] INFO:colcon.colcon_core.shell:Creating prefix script '/home/pharanguren/TFG/mrpt_ws/install/local_setup.bash'
[5.223s] INFO:colcon.colcon_core.shell:Creating prefix chain script '/home/pharanguren/TFG/mrpt_ws/install/setup.bash'
[5.227s] INFO:colcon.colcon_core.shell:Creating prefix script '/home/pharanguren/TFG/mrpt_ws/install/local_setup.zsh'
[5.229s] INFO:colcon.colcon_core.shell:Creating prefix chain script '/home/pharanguren/TFG/mrpt_ws/install/setup.zsh'
