[  0%] Built target mrpt_msgs__rosidl_generator_type_description
[  0%] Built target mrpt_msgs__rs
[  0%] Built target ament_cmake_python_symlink_mrpt_msgs
[  0%] [34m[1mGenerating C++ code for ROS interfaces[0m
[  0%] [34m[1mGenerating C code for ROS interfaces[0m
running egg_info
writing mrpt_msgs.egg-info/PKG-INFO
writing dependency_links to mrpt_msgs.egg-info/dependency_links.txt
writing top-level names to mrpt_msgs.egg-info/top_level.txt
reading manifest file 'mrpt_msgs.egg-info/SOURCES.txt'
writing manifest file 'mrpt_msgs.egg-info/SOURCES.txt'
[  0%] Built target ament_cmake_python_build_mrpt_msgs_egg
[  0%] Built target mrpt_msgs__cpp
[  0%] [32mBuilding C object CMakeFiles/mrpt_msgs__rosidl_generator_c.dir/rosidl_generator_c/mrpt_msgs/msg/detail/graph_constraint__description.c.o[0m
[  0%] [32mBuilding C object CMakeFiles/mrpt_msgs__rosidl_generator_c.dir/rosidl_generator_c/mrpt_msgs/msg/detail/generic_observation__functions.c.o[0m
[  1%] [32mBuilding C object CMakeFiles/mrpt_msgs__rosidl_generator_c.dir/rosidl_generator_c/mrpt_msgs/msg/detail/generic_observation__description.c.o[0m
[  2%] [32mBuilding C object CMakeFiles/mrpt_msgs__rosidl_generator_c.dir/rosidl_generator_c/mrpt_msgs/msg/detail/graph_constraint__functions.c.o[0m
[  3%] [32mBuilding C object CMakeFiles/mrpt_msgs__rosidl_generator_c.dir/rosidl_generator_c/mrpt_msgs/msg/detail/graph_slam_agent__description.c.o[0m
[  3%] [32mBuilding C object CMakeFiles/mrpt_msgs__rosidl_generator_c.dir/rosidl_generator_c/mrpt_msgs/msg/detail/graph_constraint__type_support.c.o[0m
[  4%] [32mBuilding C object CMakeFiles/mrpt_msgs__rosidl_generator_c.dir/rosidl_generator_c/mrpt_msgs/msg/detail/graph_slam_agent__type_support.c.o[0m
[  5%] [32mBuilding C object CMakeFiles/mrpt_msgs__rosidl_generator_c.dir/rosidl_generator_c/mrpt_msgs/msg/detail/generic_observation__type_support.c.o[0m
[  5%] [32mBuilding C object CMakeFiles/mrpt_msgs__rosidl_generator_c.dir/rosidl_generator_c/mrpt_msgs/msg/detail/graph_slam_agent__functions.c.o[0m
[  6%] [32mBuilding C object CMakeFiles/mrpt_msgs__rosidl_generator_c.dir/rosidl_generator_c/mrpt_msgs/msg/detail/graph_slam_agents__description.c.o[0m
[  6%] [32mBuilding C object CMakeFiles/mrpt_msgs__rosidl_generator_c.dir/rosidl_generator_c/mrpt_msgs/msg/detail/graph_slam_agents__functions.c.o[0m
[  7%] [32mBuilding C object CMakeFiles/mrpt_msgs__rosidl_generator_c.dir/rosidl_generator_c/mrpt_msgs/msg/detail/graph_slam_agents__type_support.c.o[0m
[  7%] [32mBuilding C object CMakeFiles/mrpt_msgs__rosidl_generator_c.dir/rosidl_generator_c/mrpt_msgs/msg/detail/graph_slam_stats__description.c.o[0m
[  8%] [32mBuilding C object CMakeFiles/mrpt_msgs__rosidl_generator_c.dir/rosidl_generator_c/mrpt_msgs/msg/detail/graph_slam_stats__functions.c.o[0m
[  9%] [32mBuilding C object CMakeFiles/mrpt_msgs__rosidl_generator_c.dir/rosidl_generator_c/mrpt_msgs/msg/detail/network_of_poses__description.c.o[0m
[  9%] [32mBuilding C object CMakeFiles/mrpt_msgs__rosidl_generator_c.dir/rosidl_generator_c/mrpt_msgs/msg/detail/node_id_with_laser_scan__type_support.c.o[0m
[ 10%] [32mBuilding C object CMakeFiles/mrpt_msgs__rosidl_generator_c.dir/rosidl_generator_c/mrpt_msgs/msg/detail/network_of_poses__type_support.c.o[0m
[ 11%] [32mBuilding C object CMakeFiles/mrpt_msgs__rosidl_generator_c.dir/rosidl_generator_c/mrpt_msgs/msg/detail/node_id_with_pose_vec__description.c.o[0m
[ 11%] [32mBuilding C object CMakeFiles/mrpt_msgs__rosidl_generator_c.dir/rosidl_generator_c/mrpt_msgs/msg/detail/graph_slam_stats__type_support.c.o[0m
[ 11%] [32mBuilding C object CMakeFiles/mrpt_msgs__rosidl_generator_c.dir/rosidl_generator_c/mrpt_msgs/msg/detail/node_id_with_laser_scan__description.c.o[0m
[ 11%] [32mBuilding C object CMakeFiles/mrpt_msgs__rosidl_generator_c.dir/rosidl_generator_c/mrpt_msgs/msg/detail/network_of_poses__functions.c.o[0m
[ 12%] [32mBuilding C object CMakeFiles/mrpt_msgs__rosidl_generator_c.dir/rosidl_generator_c/mrpt_msgs/msg/detail/node_id_with_laser_scan__functions.c.o[0m
[ 13%] [32mBuilding C object CMakeFiles/mrpt_msgs__rosidl_generator_c.dir/rosidl_generator_c/mrpt_msgs/msg/detail/node_id_with_pose_vec__functions.c.o[0m
[ 13%] [32mBuilding C object CMakeFiles/mrpt_msgs__rosidl_generator_c.dir/rosidl_generator_c/mrpt_msgs/msg/detail/node_id_with_pose_vec__type_support.c.o[0m
[ 14%] [32mBuilding C object CMakeFiles/mrpt_msgs__rosidl_generator_c.dir/rosidl_generator_c/mrpt_msgs/msg/detail/node_id_with_pose__description.c.o[0m
[ 15%] [32mBuilding C object CMakeFiles/mrpt_msgs__rosidl_generator_c.dir/rosidl_generator_c/mrpt_msgs/msg/detail/node_id_with_pose__type_support.c.o[0m
[ 15%] [32mBuilding C object CMakeFiles/mrpt_msgs__rosidl_generator_c.dir/rosidl_generator_c/mrpt_msgs/msg/detail/node_id_with_pose__functions.c.o[0m
[ 15%] [32mBuilding C object CMakeFiles/mrpt_msgs__rosidl_generator_c.dir/rosidl_generator_c/mrpt_msgs/msg/detail/observation_object__description.c.o[0m
[ 16%] [32mBuilding C object CMakeFiles/mrpt_msgs__rosidl_generator_c.dir/rosidl_generator_c/mrpt_msgs/msg/detail/observation_object__functions.c.o[0m
[ 16%] [32mBuilding C object CMakeFiles/mrpt_msgs__rosidl_generator_c.dir/rosidl_generator_c/mrpt_msgs/msg/detail/single_object_observation__functions.c.o[0m
[ 17%] [32mBuilding C object CMakeFiles/mrpt_msgs__rosidl_generator_c.dir/rosidl_generator_c/mrpt_msgs/msg/detail/single_object_observation__description.c.o[0m
[ 17%] [32mBuilding C object CMakeFiles/mrpt_msgs__rosidl_generator_c.dir/rosidl_generator_c/mrpt_msgs/msg/detail/observation_object__type_support.c.o[0m
[ 18%] [32mBuilding C object CMakeFiles/mrpt_msgs__rosidl_generator_c.dir/rosidl_generator_c/mrpt_msgs/msg/detail/single_object_observation__type_support.c.o[0m
[ 18%] [32mBuilding C object CMakeFiles/mrpt_msgs__rosidl_generator_c.dir/rosidl_generator_c/mrpt_msgs/msg/detail/observation_range_beacon__functions.c.o[0m
[ 19%] [32mBuilding C object CMakeFiles/mrpt_msgs__rosidl_generator_c.dir/rosidl_generator_c/mrpt_msgs/msg/detail/observation_range_beacon__description.c.o[0m
[ 20%] [32mBuilding C object CMakeFiles/mrpt_msgs__rosidl_generator_c.dir/rosidl_generator_c/mrpt_msgs/msg/detail/observation_range_beacon__type_support.c.o[0m
[ 21%] [32mBuilding C object CMakeFiles/mrpt_msgs__rosidl_generator_c.dir/rosidl_generator_c/mrpt_msgs/msg/detail/observation_range_bearing__functions.c.o[0m
[ 21%] [32mBuilding C object CMakeFiles/mrpt_msgs__rosidl_generator_c.dir/rosidl_generator_c/mrpt_msgs/msg/detail/observation_range_bearing__description.c.o[0m
[ 21%] [32mBuilding C object CMakeFiles/mrpt_msgs__rosidl_generator_c.dir/rosidl_generator_c/mrpt_msgs/msg/detail/observation_range_bearing__type_support.c.o[0m
[ 22%] [32mBuilding C object CMakeFiles/mrpt_msgs__rosidl_generator_c.dir/rosidl_generator_c/mrpt_msgs/msg/detail/single_range_beacon_observation__description.c.o[0m
[ 22%] [32mBuilding C object CMakeFiles/mrpt_msgs__rosidl_generator_c.dir/rosidl_generator_c/mrpt_msgs/msg/detail/single_range_beacon_observation__functions.c.o[0m
[ 23%] [32mBuilding C object CMakeFiles/mrpt_msgs__rosidl_generator_c.dir/rosidl_generator_c/mrpt_msgs/msg/detail/single_range_beacon_observation__type_support.c.o[0m
[ 24%] [32mBuilding C object CMakeFiles/mrpt_msgs__rosidl_generator_c.dir/rosidl_generator_c/mrpt_msgs/msg/detail/single_range_bearing_observation__description.c.o[0m
[ 24%] [32mBuilding C object CMakeFiles/mrpt_msgs__rosidl_generator_c.dir/rosidl_generator_c/mrpt_msgs/msg/detail/single_range_bearing_observation__functions.c.o[0m
[ 24%] [32mBuilding C object CMakeFiles/mrpt_msgs__rosidl_generator_c.dir/rosidl_generator_c/mrpt_msgs/msg/detail/single_range_bearing_observation__type_support.c.o[0m
[ 25%] [32mBuilding C object CMakeFiles/mrpt_msgs__rosidl_generator_c.dir/rosidl_generator_c/mrpt_msgs/srv/detail/get_cm_graph__functions.c.o[0m
[ 26%] [32mBuilding C object CMakeFiles/mrpt_msgs__rosidl_generator_c.dir/rosidl_generator_c/mrpt_msgs/srv/detail/get_cm_graph__description.c.o[0m
[ 26%] [32mBuilding C object CMakeFiles/mrpt_msgs__rosidl_generator_c.dir/rosidl_generator_c/mrpt_msgs/srv/detail/get_cm_graph__type_support.c.o[0m
[ 27%] [32m[1mLinking C shared library libmrpt_msgs__rosidl_generator_c.so[0m
[ 27%] Built target mrpt_msgs__rosidl_generator_c
[ 28%] [34m[1mGenerating C++ type support dispatch for ROS interfaces[0m
[ 29%] [34m[1mGenerating C type support dispatch for ROS interfaces[0m
[ 30%] [34m[1mGenerating C++ introspection for ROS interfaces[0m
[ 31%] [34m[1mGenerating C introspection for ROS interfaces[0m
[ 31%] [34m[1mGenerating C type support for eProsima Fast-RTPS[0m
[ 31%] [34m[1mGenerating C++ type support for eProsima Fast-RTPS[0m
[ 31%] [32mBuilding CXX object CMakeFiles/mrpt_msgs__rosidl_typesupport_c.dir/rosidl_typesupport_c/mrpt_msgs/msg/generic_observation__type_support.cpp.o[0m
[ 32%] [32mBuilding CXX object CMakeFiles/mrpt_msgs__rosidl_typesupport_c.dir/rosidl_typesupport_c/mrpt_msgs/msg/graph_constraint__type_support.cpp.o[0m
[ 33%] [32mBuilding CXX object CMakeFiles/mrpt_msgs__rosidl_typesupport_cpp.dir/rosidl_typesupport_cpp/mrpt_msgs/msg/generic_observation__type_support.cpp.o[0m
[ 33%] [32mBuilding CXX object CMakeFiles/mrpt_msgs__rosidl_typesupport_c.dir/rosidl_typesupport_c/mrpt_msgs/msg/graph_slam_agent__type_support.cpp.o[0m
[ 34%] [32mBuilding CXX object CMakeFiles/mrpt_msgs__rosidl_typesupport_cpp.dir/rosidl_typesupport_cpp/mrpt_msgs/msg/graph_constraint__type_support.cpp.o[0m
[ 34%] [32mBuilding CXX object CMakeFiles/mrpt_msgs__rosidl_typesupport_c.dir/rosidl_typesupport_c/mrpt_msgs/msg/graph_slam_agents__type_support.cpp.o[0m
[ 35%] [32mBuilding CXX object CMakeFiles/mrpt_msgs__rosidl_typesupport_c.dir/rosidl_typesupport_c/mrpt_msgs/msg/graph_slam_stats__type_support.cpp.o[0m
[ 35%] [32mBuilding C object CMakeFiles/mrpt_msgs__rosidl_typesupport_introspection_c.dir/rosidl_typesupport_introspection_c/mrpt_msgs/msg/detail/generic_observation__type_support.c.o[0m
[ 35%] [32mBuilding CXX object CMakeFiles/mrpt_msgs__rosidl_typesupport_c.dir/rosidl_typesupport_c/mrpt_msgs/msg/network_of_poses__type_support.cpp.o[0m
[ 36%] [32mBuilding CXX object CMakeFiles/mrpt_msgs__rosidl_typesupport_fastrtps_cpp.dir/rosidl_typesupport_fastrtps_cpp/mrpt_msgs/msg/detail/dds_fastrtps/generic_observation__type_support.cpp.o[0m
[ 36%] [32mBuilding CXX object CMakeFiles/mrpt_msgs__rosidl_typesupport_introspection_cpp.dir/rosidl_typesupport_introspection_cpp/mrpt_msgs/msg/detail/generic_observation__type_support.cpp.o[0m
[ 37%] [32mBuilding CXX object CMakeFiles/mrpt_msgs__rosidl_typesupport_fastrtps_c.dir/rosidl_typesupport_fastrtps_c/mrpt_msgs/msg/detail/generic_observation__type_support_c.cpp.o[0m
[ 38%] [32mBuilding CXX object CMakeFiles/mrpt_msgs__rosidl_typesupport_c.dir/rosidl_typesupport_c/mrpt_msgs/msg/node_id_with_laser_scan__type_support.cpp.o[0m
[ 38%] [32mBuilding CXX object CMakeFiles/mrpt_msgs__rosidl_typesupport_c.dir/rosidl_typesupport_c/mrpt_msgs/msg/node_id_with_pose_vec__type_support.cpp.o[0m
[ 39%] [32mBuilding C object CMakeFiles/mrpt_msgs__rosidl_typesupport_introspection_c.dir/rosidl_typesupport_introspection_c/mrpt_msgs/msg/detail/graph_constraint__type_support.c.o[0m
[ 39%] [32mBuilding CXX object CMakeFiles/mrpt_msgs__rosidl_typesupport_cpp.dir/rosidl_typesupport_cpp/mrpt_msgs/msg/graph_slam_agent__type_support.cpp.o[0m
[ 39%] [32mBuilding CXX object CMakeFiles/mrpt_msgs__rosidl_typesupport_fastrtps_cpp.dir/rosidl_typesupport_fastrtps_cpp/mrpt_msgs/msg/detail/dds_fastrtps/graph_constraint__type_support.cpp.o[0m
[ 40%] [32mBuilding CXX object CMakeFiles/mrpt_msgs__rosidl_typesupport_c.dir/rosidl_typesupport_c/mrpt_msgs/msg/node_id_with_pose__type_support.cpp.o[0m
[ 40%] [32mBuilding C object CMakeFiles/mrpt_msgs__rosidl_typesupport_introspection_c.dir/rosidl_typesupport_introspection_c/mrpt_msgs/msg/detail/graph_slam_agent__type_support.c.o[0m
[ 40%] [32mBuilding CXX object CMakeFiles/mrpt_msgs__rosidl_typesupport_c.dir/rosidl_typesupport_c/mrpt_msgs/msg/observation_object__type_support.cpp.o[0m
[ 41%] [32mBuilding C object CMakeFiles/mrpt_msgs__rosidl_typesupport_introspection_c.dir/rosidl_typesupport_introspection_c/mrpt_msgs/msg/detail/graph_slam_agents__type_support.c.o[0m
[ 41%] [32mBuilding CXX object CMakeFiles/mrpt_msgs__rosidl_typesupport_fastrtps_c.dir/rosidl_typesupport_fastrtps_c/mrpt_msgs/msg/detail/graph_constraint__type_support_c.cpp.o[0m
[ 42%] [32mBuilding C object CMakeFiles/mrpt_msgs__rosidl_typesupport_introspection_c.dir/rosidl_typesupport_introspection_c/mrpt_msgs/msg/detail/graph_slam_stats__type_support.c.o[0m
[ 43%] [32mBuilding CXX object CMakeFiles/mrpt_msgs__rosidl_typesupport_fastrtps_cpp.dir/rosidl_typesupport_fastrtps_cpp/mrpt_msgs/msg/detail/dds_fastrtps/graph_slam_agent__type_support.cpp.o[0m
[ 44%] [32mBuilding CXX object CMakeFiles/mrpt_msgs__rosidl_typesupport_c.dir/rosidl_typesupport_c/mrpt_msgs/msg/single_object_observation__type_support.cpp.o[0m
[ 44%] [32mBuilding C object CMakeFiles/mrpt_msgs__rosidl_typesupport_introspection_c.dir/rosidl_typesupport_introspection_c/mrpt_msgs/msg/detail/network_of_poses__type_support.c.o[0m
[ 45%] [32mBuilding CXX object CMakeFiles/mrpt_msgs__rosidl_typesupport_cpp.dir/rosidl_typesupport_cpp/mrpt_msgs/msg/graph_slam_agents__type_support.cpp.o[0m
[ 45%] [32mBuilding CXX object CMakeFiles/mrpt_msgs__rosidl_typesupport_c.dir/rosidl_typesupport_c/mrpt_msgs/msg/observation_range_beacon__type_support.cpp.o[0m
[ 46%] [32mBuilding C object CMakeFiles/mrpt_msgs__rosidl_typesupport_introspection_c.dir/rosidl_typesupport_introspection_c/mrpt_msgs/msg/detail/node_id_with_laser_scan__type_support.c.o[0m
[ 47%] [32mBuilding CXX object CMakeFiles/mrpt_msgs__rosidl_typesupport_c.dir/rosidl_typesupport_c/mrpt_msgs/msg/observation_range_bearing__type_support.cpp.o[0m
[ 47%] [32mBuilding CXX object CMakeFiles/mrpt_msgs__rosidl_typesupport_c.dir/rosidl_typesupport_c/mrpt_msgs/msg/single_range_beacon_observation__type_support.cpp.o[0m
[ 47%] [32mBuilding C object CMakeFiles/mrpt_msgs__rosidl_typesupport_introspection_c.dir/rosidl_typesupport_introspection_c/mrpt_msgs/msg/detail/node_id_with_pose_vec__type_support.c.o[0m
[ 48%] [32mBuilding CXX object CMakeFiles/mrpt_msgs__rosidl_typesupport_c.dir/rosidl_typesupport_c/mrpt_msgs/msg/single_range_bearing_observation__type_support.cpp.o[0m
[ 49%] [32mBuilding C object CMakeFiles/mrpt_msgs__rosidl_typesupport_introspection_c.dir/rosidl_typesupport_introspection_c/mrpt_msgs/msg/detail/node_id_with_pose__type_support.c.o[0m
[ 49%] [32mBuilding C object CMakeFiles/mrpt_msgs__rosidl_typesupport_introspection_c.dir/rosidl_typesupport_introspection_c/mrpt_msgs/msg/detail/observation_object__type_support.c.o[0m
[ 50%] [32mBuilding CXX object CMakeFiles/mrpt_msgs__rosidl_typesupport_c.dir/rosidl_typesupport_c/mrpt_msgs/srv/get_cm_graph__type_support.cpp.o[0m
[ 51%] [32mBuilding C object CMakeFiles/mrpt_msgs__rosidl_typesupport_introspection_c.dir/rosidl_typesupport_introspection_c/mrpt_msgs/msg/detail/single_object_observation__type_support.c.o[0m
[ 51%] [32m[1mLinking CXX shared library libmrpt_msgs__rosidl_typesupport_c.so[0m
[ 51%] [32mBuilding C object CMakeFiles/mrpt_msgs__rosidl_typesupport_introspection_c.dir/rosidl_typesupport_introspection_c/mrpt_msgs/msg/detail/observation_range_beacon__type_support.c.o[0m
[ 51%] [32mBuilding CXX object CMakeFiles/mrpt_msgs__rosidl_typesupport_cpp.dir/rosidl_typesupport_cpp/mrpt_msgs/msg/graph_slam_stats__type_support.cpp.o[0m
[ 52%] [32mBuilding C object CMakeFiles/mrpt_msgs__rosidl_typesupport_introspection_c.dir/rosidl_typesupport_introspection_c/mrpt_msgs/msg/detail/observation_range_bearing__type_support.c.o[0m
[ 53%] [32mBuilding CXX object CMakeFiles/mrpt_msgs__rosidl_typesupport_introspection_cpp.dir/rosidl_typesupport_introspection_cpp/mrpt_msgs/msg/detail/graph_constraint__type_support.cpp.o[0m
[ 53%] [32mBuilding C object CMakeFiles/mrpt_msgs__rosidl_typesupport_introspection_c.dir/rosidl_typesupport_introspection_c/mrpt_msgs/msg/detail/single_range_beacon_observation__type_support.c.o[0m
[ 54%] [32mBuilding CXX object CMakeFiles/mrpt_msgs__rosidl_typesupport_fastrtps_c.dir/rosidl_typesupport_fastrtps_c/mrpt_msgs/msg/detail/graph_slam_agent__type_support_c.cpp.o[0m
[ 55%] [32mBuilding C object CMakeFiles/mrpt_msgs__rosidl_typesupport_introspection_c.dir/rosidl_typesupport_introspection_c/mrpt_msgs/msg/detail/single_range_bearing_observation__type_support.c.o[0m
[ 55%] Built target mrpt_msgs__rosidl_typesupport_c
[ 55%] [32mBuilding CXX object CMakeFiles/mrpt_msgs__rosidl_typesupport_fastrtps_cpp.dir/rosidl_typesupport_fastrtps_cpp/mrpt_msgs/msg/detail/dds_fastrtps/graph_slam_agents__type_support.cpp.o[0m
[ 55%] [32mBuilding C object CMakeFiles/mrpt_msgs__rosidl_typesupport_introspection_c.dir/rosidl_typesupport_introspection_c/mrpt_msgs/srv/detail/get_cm_graph__type_support.c.o[0m
[ 56%] [32mBuilding CXX object CMakeFiles/mrpt_msgs__rosidl_typesupport_cpp.dir/rosidl_typesupport_cpp/mrpt_msgs/msg/network_of_poses__type_support.cpp.o[0m
[ 56%] [32mBuilding CXX object CMakeFiles/mrpt_msgs__rosidl_typesupport_introspection_cpp.dir/rosidl_typesupport_introspection_cpp/mrpt_msgs/msg/detail/graph_slam_agent__type_support.cpp.o[0m
[ 57%] [32m[1mLinking C shared library libmrpt_msgs__rosidl_typesupport_introspection_c.so[0m
[ 58%] [32mBuilding CXX object CMakeFiles/mrpt_msgs__rosidl_typesupport_fastrtps_cpp.dir/rosidl_typesupport_fastrtps_cpp/mrpt_msgs/msg/detail/dds_fastrtps/graph_slam_stats__type_support.cpp.o[0m
[ 58%] [32mBuilding CXX object CMakeFiles/mrpt_msgs__rosidl_typesupport_fastrtps_cpp.dir/rosidl_typesupport_fastrtps_cpp/mrpt_msgs/msg/detail/dds_fastrtps/network_of_poses__type_support.cpp.o[0m
[ 59%] [32mBuilding CXX object CMakeFiles/mrpt_msgs__rosidl_typesupport_introspection_cpp.dir/rosidl_typesupport_introspection_cpp/mrpt_msgs/msg/detail/graph_slam_agents__type_support.cpp.o[0m
[ 59%] Built target mrpt_msgs__rosidl_typesupport_introspection_c
[ 60%] [32mBuilding CXX object CMakeFiles/mrpt_msgs__rosidl_typesupport_fastrtps_c.dir/rosidl_typesupport_fastrtps_c/mrpt_msgs/msg/detail/graph_slam_agents__type_support_c.cpp.o[0m
[ 60%] [32mBuilding CXX object CMakeFiles/mrpt_msgs__rosidl_typesupport_introspection_cpp.dir/rosidl_typesupport_introspection_cpp/mrpt_msgs/msg/detail/graph_slam_stats__type_support.cpp.o[0m
[ 60%] [32mBuilding CXX object CMakeFiles/mrpt_msgs__rosidl_typesupport_cpp.dir/rosidl_typesupport_cpp/mrpt_msgs/msg/node_id_with_laser_scan__type_support.cpp.o[0m
[ 61%] [32mBuilding CXX object CMakeFiles/mrpt_msgs__rosidl_typesupport_fastrtps_cpp.dir/rosidl_typesupport_fastrtps_cpp/mrpt_msgs/msg/detail/dds_fastrtps/node_id_with_laser_scan__type_support.cpp.o[0m
[ 62%] [32mBuilding CXX object CMakeFiles/mrpt_msgs__rosidl_typesupport_introspection_cpp.dir/rosidl_typesupport_introspection_cpp/mrpt_msgs/msg/detail/network_of_poses__type_support.cpp.o[0m
[ 62%] [32mBuilding CXX object CMakeFiles/mrpt_msgs__rosidl_typesupport_fastrtps_cpp.dir/rosidl_typesupport_fastrtps_cpp/mrpt_msgs/msg/detail/dds_fastrtps/node_id_with_pose_vec__type_support.cpp.o[0m
[ 62%] [32mBuilding CXX object CMakeFiles/mrpt_msgs__rosidl_typesupport_introspection_cpp.dir/rosidl_typesupport_introspection_cpp/mrpt_msgs/msg/detail/node_id_with_laser_scan__type_support.cpp.o[0m
[ 62%] [32mBuilding CXX object CMakeFiles/mrpt_msgs__rosidl_typesupport_fastrtps_c.dir/rosidl_typesupport_fastrtps_c/mrpt_msgs/msg/detail/graph_slam_stats__type_support_c.cpp.o[0m
[ 63%] [32mBuilding CXX object CMakeFiles/mrpt_msgs__rosidl_typesupport_cpp.dir/rosidl_typesupport_cpp/mrpt_msgs/msg/node_id_with_pose_vec__type_support.cpp.o[0m
[ 63%] [32mBuilding CXX object CMakeFiles/mrpt_msgs__rosidl_typesupport_introspection_cpp.dir/rosidl_typesupport_introspection_cpp/mrpt_msgs/msg/detail/node_id_with_pose__type_support.cpp.o[0m
[ 63%] [32mBuilding CXX object CMakeFiles/mrpt_msgs__rosidl_typesupport_cpp.dir/rosidl_typesupport_cpp/mrpt_msgs/msg/node_id_with_pose__type_support.cpp.o[0m
[ 64%] [32mBuilding CXX object CMakeFiles/mrpt_msgs__rosidl_typesupport_fastrtps_c.dir/rosidl_typesupport_fastrtps_c/mrpt_msgs/msg/detail/node_id_with_pose_vec__type_support_c.cpp.o[0m
[ 65%] [32mBuilding CXX object CMakeFiles/mrpt_msgs__rosidl_typesupport_introspection_cpp.dir/rosidl_typesupport_introspection_cpp/mrpt_msgs/msg/detail/node_id_with_pose_vec__type_support.cpp.o[0m
[ 66%] [32mBuilding CXX object CMakeFiles/mrpt_msgs__rosidl_typesupport_fastrtps_cpp.dir/rosidl_typesupport_fastrtps_cpp/mrpt_msgs/msg/detail/dds_fastrtps/observation_range_beacon__type_support.cpp.o[0m
[ 67%] [32mBuilding CXX object CMakeFiles/mrpt_msgs__rosidl_typesupport_cpp.dir/rosidl_typesupport_cpp/mrpt_msgs/msg/single_object_observation__type_support.cpp.o[0m
[ 68%] [32mBuilding CXX object CMakeFiles/mrpt_msgs__rosidl_typesupport_fastrtps_c.dir/rosidl_typesupport_fastrtps_c/mrpt_msgs/msg/detail/observation_object__type_support_c.cpp.o[0m
[ 69%] [32mBuilding CXX object CMakeFiles/mrpt_msgs__rosidl_typesupport_introspection_cpp.dir/rosidl_typesupport_introspection_cpp/mrpt_msgs/msg/detail/observation_object__type_support.cpp.o[0m
[ 70%] [32mBuilding CXX object CMakeFiles/mrpt_msgs__rosidl_typesupport_cpp.dir/rosidl_typesupport_cpp/mrpt_msgs/msg/observation_object__type_support.cpp.o[0m
[ 70%] [32mBuilding CXX object CMakeFiles/mrpt_msgs__rosidl_typesupport_fastrtps_c.dir/rosidl_typesupport_fastrtps_c/mrpt_msgs/msg/detail/node_id_with_pose__type_support_c.cpp.o[0m
[ 70%] [32mBuilding CXX object CMakeFiles/mrpt_msgs__rosidl_typesupport_fastrtps_cpp.dir/rosidl_typesupport_fastrtps_cpp/mrpt_msgs/msg/detail/dds_fastrtps/single_range_bearing_observation__type_support.cpp.o[0m
[ 70%] [32mBuilding CXX object CMakeFiles/mrpt_msgs__rosidl_typesupport_cpp.dir/rosidl_typesupport_cpp/mrpt_msgs/msg/observation_range_beacon__type_support.cpp.o[0m
[ 70%] [32mBuilding CXX object CMakeFiles/mrpt_msgs__rosidl_typesupport_introspection_cpp.dir/rosidl_typesupport_introspection_cpp/mrpt_msgs/msg/detail/single_object_observation__type_support.cpp.o[0m
[ 71%] [32mBuilding CXX object CMakeFiles/mrpt_msgs__rosidl_typesupport_cpp.dir/rosidl_typesupport_cpp/mrpt_msgs/msg/observation_range_bearing__type_support.cpp.o[0m
[ 71%] [32mBuilding CXX object CMakeFiles/mrpt_msgs__rosidl_typesupport_fastrtps_c.dir/rosidl_typesupport_fastrtps_c/mrpt_msgs/msg/detail/single_object_observation__type_support_c.cpp.o[0m
[ 72%] [32mBuilding CXX object CMakeFiles/mrpt_msgs__rosidl_typesupport_fastrtps_cpp.dir/rosidl_typesupport_fastrtps_cpp/mrpt_msgs/msg/detail/dds_fastrtps/single_range_beacon_observation__type_support.cpp.o[0m
[ 73%] [32mBuilding CXX object CMakeFiles/mrpt_msgs__rosidl_typesupport_introspection_cpp.dir/rosidl_typesupport_introspection_cpp/mrpt_msgs/msg/detail/observation_range_bearing__type_support.cpp.o[0m
[ 73%] [32mBuilding CXX object CMakeFiles/mrpt_msgs__rosidl_typesupport_cpp.dir/rosidl_typesupport_cpp/mrpt_msgs/msg/single_range_beacon_observation__type_support.cpp.o[0m
[ 73%] [32mBuilding CXX object CMakeFiles/mrpt_msgs__rosidl_typesupport_introspection_cpp.dir/rosidl_typesupport_introspection_cpp/mrpt_msgs/msg/detail/single_range_beacon_observation__type_support.cpp.o[0m
[ 74%] [32mBuilding CXX object CMakeFiles/mrpt_msgs__rosidl_typesupport_fastrtps_cpp.dir/rosidl_typesupport_fastrtps_cpp/mrpt_msgs/srv/detail/dds_fastrtps/get_cm_graph__type_support.cpp.o[0m
[ 75%] [32mBuilding CXX object CMakeFiles/mrpt_msgs__rosidl_typesupport_fastrtps_c.dir/rosidl_typesupport_fastrtps_c/mrpt_msgs/msg/detail/observation_range_beacon__type_support_c.cpp.o[0m
[ 76%] [32mBuilding CXX object CMakeFiles/mrpt_msgs__rosidl_typesupport_cpp.dir/rosidl_typesupport_cpp/mrpt_msgs/msg/single_range_bearing_observation__type_support.cpp.o[0m
[ 77%] [32mBuilding CXX object CMakeFiles/mrpt_msgs__rosidl_typesupport_introspection_cpp.dir/rosidl_typesupport_introspection_cpp/mrpt_msgs/msg/detail/observation_range_beacon__type_support.cpp.o[0m
[ 77%] [32mBuilding CXX object CMakeFiles/mrpt_msgs__rosidl_typesupport_cpp.dir/rosidl_typesupport_cpp/mrpt_msgs/srv/get_cm_graph__type_support.cpp.o[0m
[ 78%] [32mBuilding CXX object CMakeFiles/mrpt_msgs__rosidl_typesupport_fastrtps_c.dir/rosidl_typesupport_fastrtps_c/mrpt_msgs/msg/detail/single_range_beacon_observation__type_support_c.cpp.o[0m
[ 79%] [32mBuilding CXX object CMakeFiles/mrpt_msgs__rosidl_typesupport_introspection_cpp.dir/rosidl_typesupport_introspection_cpp/mrpt_msgs/msg/detail/single_range_bearing_observation__type_support.cpp.o[0m
[ 79%] [32mBuilding CXX object CMakeFiles/mrpt_msgs__rosidl_typesupport_fastrtps_cpp.dir/rosidl_typesupport_fastrtps_cpp/mrpt_msgs/msg/detail/dds_fastrtps/observation_range_bearing__type_support.cpp.o[0m
[ 80%] [32m[1mLinking CXX shared library libmrpt_msgs__rosidl_typesupport_cpp.so[0m
[ 81%] [32mBuilding CXX object CMakeFiles/mrpt_msgs__rosidl_typesupport_fastrtps_c.dir/rosidl_typesupport_fastrtps_c/mrpt_msgs/srv/detail/get_cm_graph__type_support_c.cpp.o[0m
[ 81%] [32mBuilding CXX object CMakeFiles/mrpt_msgs__rosidl_typesupport_introspection_cpp.dir/rosidl_typesupport_introspection_cpp/mrpt_msgs/srv/detail/get_cm_graph__type_support.cpp.o[0m
[ 81%] Built target mrpt_msgs__rosidl_typesupport_cpp
[ 82%] [32mBuilding CXX object CMakeFiles/mrpt_msgs__rosidl_typesupport_fastrtps_cpp.dir/rosidl_typesupport_fastrtps_cpp/mrpt_msgs/msg/detail/dds_fastrtps/single_object_observation__type_support.cpp.o[0m
[ 82%] [32mBuilding CXX object CMakeFiles/mrpt_msgs__rosidl_typesupport_fastrtps_c.dir/rosidl_typesupport_fastrtps_c/mrpt_msgs/msg/detail/single_range_bearing_observation__type_support_c.cpp.o[0m
[ 83%] [32m[1mLinking CXX shared library libmrpt_msgs__rosidl_typesupport_introspection_cpp.so[0m
[ 83%] [32mBuilding CXX object CMakeFiles/mrpt_msgs__rosidl_typesupport_fastrtps_cpp.dir/rosidl_typesupport_fastrtps_cpp/mrpt_msgs/msg/detail/dds_fastrtps/observation_object__type_support.cpp.o[0m
[ 83%] Built target mrpt_msgs__rosidl_typesupport_introspection_cpp
[ 83%] [32mBuilding CXX object CMakeFiles/mrpt_msgs__rosidl_typesupport_fastrtps_c.dir/rosidl_typesupport_fastrtps_c/mrpt_msgs/msg/detail/observation_range_bearing__type_support_c.cpp.o[0m
[ 84%] [32mBuilding CXX object CMakeFiles/mrpt_msgs__rosidl_typesupport_fastrtps_cpp.dir/rosidl_typesupport_fastrtps_cpp/mrpt_msgs/msg/detail/dds_fastrtps/node_id_with_pose__type_support.cpp.o[0m
[ 84%] [32mBuilding CXX object CMakeFiles/mrpt_msgs__rosidl_typesupport_fastrtps_c.dir/rosidl_typesupport_fastrtps_c/mrpt_msgs/msg/detail/node_id_with_laser_scan__type_support_c.cpp.o[0m
[ 84%] [32m[1mLinking CXX shared library libmrpt_msgs__rosidl_typesupport_fastrtps_cpp.so[0m
[ 85%] [32mBuilding CXX object CMakeFiles/mrpt_msgs__rosidl_typesupport_fastrtps_c.dir/rosidl_typesupport_fastrtps_c/mrpt_msgs/msg/detail/network_of_poses__type_support_c.cpp.o[0m
[ 85%] Built target mrpt_msgs__rosidl_typesupport_fastrtps_cpp
[ 86%] [32m[1mLinking CXX shared library libmrpt_msgs__rosidl_typesupport_fastrtps_c.so[0m
[ 86%] Built target mrpt_msgs__rosidl_typesupport_fastrtps_c
[ 86%] Built target mrpt_msgs
[ 87%] [34m[1mGenerating Python code for ROS interfaces[0m
[ 87%] Built target mrpt_msgs__py
[ 87%] [32mBuilding C object CMakeFiles/mrpt_msgs__rosidl_generator_py.dir/rosidl_generator_py/mrpt_msgs/msg/_generic_observation_s.c.o[0m
[ 87%] [32mBuilding C object CMakeFiles/mrpt_msgs__rosidl_generator_py.dir/rosidl_generator_py/mrpt_msgs/msg/_observation_range_beacon_s.c.o[0m
[ 88%] [32mBuilding C object CMakeFiles/mrpt_msgs__rosidl_generator_py.dir/rosidl_generator_py/mrpt_msgs/msg/_observation_range_bearing_s.c.o[0m
[ 88%] [32mBuilding C object CMakeFiles/mrpt_msgs__rosidl_generator_py.dir/rosidl_generator_py/mrpt_msgs/msg/_single_range_beacon_observation_s.c.o[0m
[ 89%] [32mBuilding C object CMakeFiles/mrpt_msgs__rosidl_generator_py.dir/rosidl_generator_py/mrpt_msgs/msg/_single_range_bearing_observation_s.c.o[0m
[ 89%] [32mBuilding C object CMakeFiles/mrpt_msgs__rosidl_generator_py.dir/rosidl_generator_py/mrpt_msgs/srv/_get_cm_graph_s.c.o[0m
[ 90%] [32mBuilding C object CMakeFiles/mrpt_msgs__rosidl_generator_py.dir/rosidl_generator_py/mrpt_msgs/msg/_single_object_observation_s.c.o[0m
[ 91%] [32mBuilding C object CMakeFiles/mrpt_msgs__rosidl_generator_py.dir/rosidl_generator_py/mrpt_msgs/msg/_observation_object_s.c.o[0m
[ 91%] [32mBuilding C object CMakeFiles/mrpt_msgs__rosidl_generator_py.dir/rosidl_generator_py/mrpt_msgs/msg/_node_id_with_pose_s.c.o[0m
[ 92%] [32mBuilding C object CMakeFiles/mrpt_msgs__rosidl_generator_py.dir/rosidl_generator_py/mrpt_msgs/msg/_node_id_with_pose_vec_s.c.o[0m
[ 92%] [32mBuilding C object CMakeFiles/mrpt_msgs__rosidl_generator_py.dir/rosidl_generator_py/mrpt_msgs/msg/_node_id_with_laser_scan_s.c.o[0m
[ 93%] [32mBuilding C object CMakeFiles/mrpt_msgs__rosidl_generator_py.dir/rosidl_generator_py/mrpt_msgs/msg/_network_of_poses_s.c.o[0m
[ 93%] [32mBuilding C object CMakeFiles/mrpt_msgs__rosidl_generator_py.dir/rosidl_generator_py/mrpt_msgs/msg/_graph_slam_stats_s.c.o[0m
[ 94%] [32mBuilding C object CMakeFiles/mrpt_msgs__rosidl_generator_py.dir/rosidl_generator_py/mrpt_msgs/msg/_graph_slam_agents_s.c.o[0m
[ 94%] [32mBuilding C object CMakeFiles/mrpt_msgs__rosidl_generator_py.dir/rosidl_generator_py/mrpt_msgs/msg/_graph_slam_agent_s.c.o[0m
[ 95%] [32mBuilding C object CMakeFiles/mrpt_msgs__rosidl_generator_py.dir/rosidl_generator_py/mrpt_msgs/msg/_graph_constraint_s.c.o[0m
[ 96%] [32m[1mLinking C shared library libmrpt_msgs__rosidl_generator_py.so[0m
[ 96%] Built target mrpt_msgs__rosidl_generator_py
[ 97%] [32mBuilding C object CMakeFiles/mrpt_msgs_s__rosidl_typesupport_fastrtps_c.dir/rosidl_generator_py/mrpt_msgs/_mrpt_msgs_s.ep.rosidl_typesupport_fastrtps_c.c.o[0m
[ 97%] [32m[1mLinking C shared module rosidl_generator_py/mrpt_msgs/mrpt_msgs_s__rosidl_typesupport_fastrtps_c.so[0m
[ 97%] Built target mrpt_msgs_s__rosidl_typesupport_fastrtps_c
[ 98%] [32mBuilding C object CMakeFiles/mrpt_msgs_s__rosidl_typesupport_introspection_c.dir/rosidl_generator_py/mrpt_msgs/_mrpt_msgs_s.ep.rosidl_typesupport_introspection_c.c.o[0m
[ 99%] [32mBuilding C object CMakeFiles/mrpt_msgs_s__rosidl_typesupport_c.dir/rosidl_generator_py/mrpt_msgs/_mrpt_msgs_s.ep.rosidl_typesupport_c.c.o[0m
[ 99%] [32m[1mLinking C shared module rosidl_generator_py/mrpt_msgs/mrpt_msgs_s__rosidl_typesupport_c.so[0m
[100%] [32m[1mLinking C shared module rosidl_generator_py/mrpt_msgs/mrpt_msgs_s__rosidl_typesupport_introspection_c.so[0m
[100%] Built target mrpt_msgs_s__rosidl_typesupport_c
[100%] Built target mrpt_msgs_s__rosidl_typesupport_introspection_c
-- Install configuration: ""
-- Execute custom install script
-- Symlinking: /home/pharanguren/TFG/mrpt_ws/install/mrpt_msgs/share/ament_index/resource_index/rosidl_interfaces/mrpt_msgs
-- Symlinking: /home/pharanguren/TFG/mrpt_ws/install/mrpt_msgs/share/mrpt_msgs/msg/GenericObservation.json
-- Symlinking: /home/pharanguren/TFG/mrpt_ws/install/mrpt_msgs/share/mrpt_msgs/msg/GraphConstraint.json
-- Symlinking: /home/pharanguren/TFG/mrpt_ws/install/mrpt_msgs/share/mrpt_msgs/msg/GraphSlamAgent.json
-- Symlinking: /home/pharanguren/TFG/mrpt_ws/install/mrpt_msgs/share/mrpt_msgs/msg/GraphSlamAgents.json
-- Symlinking: /home/pharanguren/TFG/mrpt_ws/install/mrpt_msgs/share/mrpt_msgs/msg/GraphSlamStats.json
-- Symlinking: /home/pharanguren/TFG/mrpt_ws/install/mrpt_msgs/share/mrpt_msgs/msg/NetworkOfPoses.json
-- Symlinking: /home/pharanguren/TFG/mrpt_ws/install/mrpt_msgs/share/mrpt_msgs/msg/NodeIDWithLaserScan.json
-- Symlinking: /home/pharanguren/TFG/mrpt_ws/install/mrpt_msgs/share/mrpt_msgs/msg/NodeIDWithPoseVec.json
-- Symlinking: /home/pharanguren/TFG/mrpt_ws/install/mrpt_msgs/share/mrpt_msgs/msg/NodeIDWithPose.json
-- Symlinking: /home/pharanguren/TFG/mrpt_ws/install/mrpt_msgs/share/mrpt_msgs/msg/ObservationObject.json
-- Symlinking: /home/pharanguren/TFG/mrpt_ws/install/mrpt_msgs/share/mrpt_msgs/msg/SingleObjectObservation.json
-- Symlinking: /home/pharanguren/TFG/mrpt_ws/install/mrpt_msgs/share/mrpt_msgs/msg/ObservationRangeBeacon.json
-- Symlinking: /home/pharanguren/TFG/mrpt_ws/install/mrpt_msgs/share/mrpt_msgs/msg/ObservationRangeBearing.json
-- Symlinking: /home/pharanguren/TFG/mrpt_ws/install/mrpt_msgs/share/mrpt_msgs/msg/SingleRangeBeaconObservation.json
-- Symlinking: /home/pharanguren/TFG/mrpt_ws/install/mrpt_msgs/share/mrpt_msgs/msg/SingleRangeBearingObservation.json
-- Symlinking: /home/pharanguren/TFG/mrpt_ws/install/mrpt_msgs/share/mrpt_msgs/srv/GetCMGraph.json
-- Symlinking: /home/pharanguren/TFG/mrpt_ws/install/mrpt_msgs/include/mrpt_msgs/mrpt_msgs/msg/detail/generic_observation__functions.h
-- Symlinking: /home/pharanguren/TFG/mrpt_ws/install/mrpt_msgs/include/mrpt_msgs/mrpt_msgs/msg/detail/generic_observation__struct.h
-- Symlinking: /home/pharanguren/TFG/mrpt_ws/install/mrpt_msgs/include/mrpt_msgs/mrpt_msgs/msg/detail/generic_observation__type_support.h
-- Symlinking: /home/pharanguren/TFG/mrpt_ws/install/mrpt_msgs/include/mrpt_msgs/mrpt_msgs/msg/detail/graph_constraint__functions.h
-- Symlinking: /home/pharanguren/TFG/mrpt_ws/install/mrpt_msgs/include/mrpt_msgs/mrpt_msgs/msg/detail/graph_constraint__struct.h
-- Symlinking: /home/pharanguren/TFG/mrpt_ws/install/mrpt_msgs/include/mrpt_msgs/mrpt_msgs/msg/detail/graph_constraint__type_support.h
-- Symlinking: /home/pharanguren/TFG/mrpt_ws/install/mrpt_msgs/include/mrpt_msgs/mrpt_msgs/msg/detail/graph_slam_agent__functions.h
-- Symlinking: /home/pharanguren/TFG/mrpt_ws/install/mrpt_msgs/include/mrpt_msgs/mrpt_msgs/msg/detail/graph_slam_agent__struct.h
-- Symlinking: /home/pharanguren/TFG/mrpt_ws/install/mrpt_msgs/include/mrpt_msgs/mrpt_msgs/msg/detail/graph_slam_agent__type_support.h
-- Symlinking: /home/pharanguren/TFG/mrpt_ws/install/mrpt_msgs/include/mrpt_msgs/mrpt_msgs/msg/detail/graph_slam_agents__functions.h
-- Symlinking: /home/pharanguren/TFG/mrpt_ws/install/mrpt_msgs/include/mrpt_msgs/mrpt_msgs/msg/detail/graph_slam_agents__struct.h
-- Symlinking: /home/pharanguren/TFG/mrpt_ws/install/mrpt_msgs/include/mrpt_msgs/mrpt_msgs/msg/detail/graph_slam_agents__type_support.h
-- Symlinking: /home/pharanguren/TFG/mrpt_ws/install/mrpt_msgs/include/mrpt_msgs/mrpt_msgs/msg/detail/graph_slam_stats__functions.h
-- Symlinking: /home/pharanguren/TFG/mrpt_ws/install/mrpt_msgs/include/mrpt_msgs/mrpt_msgs/msg/detail/graph_slam_stats__struct.h
-- Symlinking: /home/pharanguren/TFG/mrpt_ws/install/mrpt_msgs/include/mrpt_msgs/mrpt_msgs/msg/detail/graph_slam_stats__type_support.h
-- Symlinking: /home/pharanguren/TFG/mrpt_ws/install/mrpt_msgs/include/mrpt_msgs/mrpt_msgs/msg/detail/network_of_poses__functions.h
-- Symlinking: /home/pharanguren/TFG/mrpt_ws/install/mrpt_msgs/include/mrpt_msgs/mrpt_msgs/msg/detail/network_of_poses__struct.h
-- Symlinking: /home/pharanguren/TFG/mrpt_ws/install/mrpt_msgs/include/mrpt_msgs/mrpt_msgs/msg/detail/network_of_poses__type_support.h
-- Symlinking: /home/pharanguren/TFG/mrpt_ws/install/mrpt_msgs/include/mrpt_msgs/mrpt_msgs/msg/detail/node_id_with_laser_scan__functions.h
-- Symlinking: /home/pharanguren/TFG/mrpt_ws/install/mrpt_msgs/include/mrpt_msgs/mrpt_msgs/msg/detail/node_id_with_laser_scan__struct.h
-- Symlinking: /home/pharanguren/TFG/mrpt_ws/install/mrpt_msgs/include/mrpt_msgs/mrpt_msgs/msg/detail/node_id_with_laser_scan__type_support.h
-- Symlinking: /home/pharanguren/TFG/mrpt_ws/install/mrpt_msgs/include/mrpt_msgs/mrpt_msgs/msg/detail/node_id_with_pose__functions.h
-- Symlinking: /home/pharanguren/TFG/mrpt_ws/install/mrpt_msgs/include/mrpt_msgs/mrpt_msgs/msg/detail/node_id_with_pose__struct.h
-- Symlinking: /home/pharanguren/TFG/mrpt_ws/install/mrpt_msgs/include/mrpt_msgs/mrpt_msgs/msg/detail/node_id_with_pose__type_support.h
-- Symlinking: /home/pharanguren/TFG/mrpt_ws/install/mrpt_msgs/include/mrpt_msgs/mrpt_msgs/msg/detail/node_id_with_pose_vec__functions.h
-- Symlinking: /home/pharanguren/TFG/mrpt_ws/install/mrpt_msgs/include/mrpt_msgs/mrpt_msgs/msg/detail/node_id_with_pose_vec__struct.h
-- Symlinking: /home/pharanguren/TFG/mrpt_ws/install/mrpt_msgs/include/mrpt_msgs/mrpt_msgs/msg/detail/node_id_with_pose_vec__type_support.h
-- Symlinking: /home/pharanguren/TFG/mrpt_ws/install/mrpt_msgs/include/mrpt_msgs/mrpt_msgs/msg/detail/observation_object__functions.h
-- Symlinking: /home/pharanguren/TFG/mrpt_ws/install/mrpt_msgs/include/mrpt_msgs/mrpt_msgs/msg/detail/observation_object__struct.h
-- Symlinking: /home/pharanguren/TFG/mrpt_ws/install/mrpt_msgs/include/mrpt_msgs/mrpt_msgs/msg/detail/observation_object__type_support.h
-- Symlinking: /home/pharanguren/TFG/mrpt_ws/install/mrpt_msgs/include/mrpt_msgs/mrpt_msgs/msg/detail/observation_range_beacon__functions.h
-- Symlinking: /home/pharanguren/TFG/mrpt_ws/install/mrpt_msgs/include/mrpt_msgs/mrpt_msgs/msg/detail/observation_range_beacon__struct.h
-- Symlinking: /home/pharanguren/TFG/mrpt_ws/install/mrpt_msgs/include/mrpt_msgs/mrpt_msgs/msg/detail/observation_range_beacon__type_support.h
-- Symlinking: /home/pharanguren/TFG/mrpt_ws/install/mrpt_msgs/include/mrpt_msgs/mrpt_msgs/msg/detail/observation_range_bearing__functions.h
-- Symlinking: /home/pharanguren/TFG/mrpt_ws/install/mrpt_msgs/include/mrpt_msgs/mrpt_msgs/msg/detail/observation_range_bearing__struct.h
-- Symlinking: /home/pharanguren/TFG/mrpt_ws/install/mrpt_msgs/include/mrpt_msgs/mrpt_msgs/msg/detail/observation_range_bearing__type_support.h
-- Symlinking: /home/pharanguren/TFG/mrpt_ws/install/mrpt_msgs/include/mrpt_msgs/mrpt_msgs/msg/detail/single_object_observation__functions.h
-- Symlinking: /home/pharanguren/TFG/mrpt_ws/install/mrpt_msgs/include/mrpt_msgs/mrpt_msgs/msg/detail/single_object_observation__struct.h
-- Symlinking: /home/pharanguren/TFG/mrpt_ws/install/mrpt_msgs/include/mrpt_msgs/mrpt_msgs/msg/detail/single_object_observation__type_support.h
-- Symlinking: /home/pharanguren/TFG/mrpt_ws/install/mrpt_msgs/include/mrpt_msgs/mrpt_msgs/msg/detail/single_range_beacon_observation__functions.h
-- Symlinking: /home/pharanguren/TFG/mrpt_ws/install/mrpt_msgs/include/mrpt_msgs/mrpt_msgs/msg/detail/single_range_beacon_observation__struct.h
-- Symlinking: /home/pharanguren/TFG/mrpt_ws/install/mrpt_msgs/include/mrpt_msgs/mrpt_msgs/msg/detail/single_range_beacon_observation__type_support.h
-- Symlinking: /home/pharanguren/TFG/mrpt_ws/install/mrpt_msgs/include/mrpt_msgs/mrpt_msgs/msg/detail/single_range_bearing_observation__functions.h
-- Symlinking: /home/pharanguren/TFG/mrpt_ws/install/mrpt_msgs/include/mrpt_msgs/mrpt_msgs/msg/detail/single_range_bearing_observation__struct.h
-- Symlinking: /home/pharanguren/TFG/mrpt_ws/install/mrpt_msgs/include/mrpt_msgs/mrpt_msgs/msg/detail/single_range_bearing_observation__type_support.h
-- Symlinking: /home/pharanguren/TFG/mrpt_ws/install/mrpt_msgs/include/mrpt_msgs/mrpt_msgs/msg/generic_observation.h
-- Symlinking: /home/pharanguren/TFG/mrpt_ws/install/mrpt_msgs/include/mrpt_msgs/mrpt_msgs/msg/graph_constraint.h
-- Symlinking: /home/pharanguren/TFG/mrpt_ws/install/mrpt_msgs/include/mrpt_msgs/mrpt_msgs/msg/graph_slam_agent.h
-- Symlinking: /home/pharanguren/TFG/mrpt_ws/install/mrpt_msgs/include/mrpt_msgs/mrpt_msgs/msg/graph_slam_agents.h
-- Symlinking: /home/pharanguren/TFG/mrpt_ws/install/mrpt_msgs/include/mrpt_msgs/mrpt_msgs/msg/graph_slam_stats.h
-- Symlinking: /home/pharanguren/TFG/mrpt_ws/install/mrpt_msgs/include/mrpt_msgs/mrpt_msgs/msg/network_of_poses.h
-- Symlinking: /home/pharanguren/TFG/mrpt_ws/install/mrpt_msgs/include/mrpt_msgs/mrpt_msgs/msg/node_id_with_laser_scan.h
-- Symlinking: /home/pharanguren/TFG/mrpt_ws/install/mrpt_msgs/include/mrpt_msgs/mrpt_msgs/msg/node_id_with_pose.h
-- Symlinking: /home/pharanguren/TFG/mrpt_ws/install/mrpt_msgs/include/mrpt_msgs/mrpt_msgs/msg/node_id_with_pose_vec.h
-- Symlinking: /home/pharanguren/TFG/mrpt_ws/install/mrpt_msgs/include/mrpt_msgs/mrpt_msgs/msg/observation_object.h
-- Symlinking: /home/pharanguren/TFG/mrpt_ws/install/mrpt_msgs/include/mrpt_msgs/mrpt_msgs/msg/observation_range_beacon.h
-- Symlinking: /home/pharanguren/TFG/mrpt_ws/install/mrpt_msgs/include/mrpt_msgs/mrpt_msgs/msg/observation_range_bearing.h
-- Symlinking: /home/pharanguren/TFG/mrpt_ws/install/mrpt_msgs/include/mrpt_msgs/mrpt_msgs/msg/rosidl_generator_c__visibility_control.h
-- Symlinking: /home/pharanguren/TFG/mrpt_ws/install/mrpt_msgs/include/mrpt_msgs/mrpt_msgs/msg/single_object_observation.h
-- Symlinking: /home/pharanguren/TFG/mrpt_ws/install/mrpt_msgs/include/mrpt_msgs/mrpt_msgs/msg/single_range_beacon_observation.h
-- Symlinking: /home/pharanguren/TFG/mrpt_ws/install/mrpt_msgs/include/mrpt_msgs/mrpt_msgs/msg/single_range_bearing_observation.h
-- Symlinking: /home/pharanguren/TFG/mrpt_ws/install/mrpt_msgs/include/mrpt_msgs/mrpt_msgs/srv/detail/get_cm_graph__functions.h
-- Symlinking: /home/pharanguren/TFG/mrpt_ws/install/mrpt_msgs/include/mrpt_msgs/mrpt_msgs/srv/detail/get_cm_graph__struct.h
-- Symlinking: /home/pharanguren/TFG/mrpt_ws/install/mrpt_msgs/include/mrpt_msgs/mrpt_msgs/srv/detail/get_cm_graph__type_support.h
-- Symlinking: /home/pharanguren/TFG/mrpt_ws/install/mrpt_msgs/include/mrpt_msgs/mrpt_msgs/srv/get_cm_graph.h
-- Symlinking: /home/pharanguren/TFG/mrpt_ws/install/mrpt_msgs/share/mrpt_msgs/environment/library_path.sh
-- Symlinking: /home/pharanguren/TFG/mrpt_ws/install/mrpt_msgs/share/mrpt_msgs/environment/library_path.dsv
-- Symlinking: /home/pharanguren/TFG/mrpt_ws/install/mrpt_msgs/include/mrpt_msgs/mrpt_msgs/msg/detail/generic_observation__rosidl_typesupport_fastrtps_c.h
-- Symlinking: /home/pharanguren/TFG/mrpt_ws/install/mrpt_msgs/include/mrpt_msgs/mrpt_msgs/msg/detail/graph_constraint__rosidl_typesupport_fastrtps_c.h
-- Symlinking: /home/pharanguren/TFG/mrpt_ws/install/mrpt_msgs/include/mrpt_msgs/mrpt_msgs/msg/detail/graph_slam_agent__rosidl_typesupport_fastrtps_c.h
-- Symlinking: /home/pharanguren/TFG/mrpt_ws/install/mrpt_msgs/include/mrpt_msgs/mrpt_msgs/msg/detail/graph_slam_agents__rosidl_typesupport_fastrtps_c.h
-- Symlinking: /home/pharanguren/TFG/mrpt_ws/install/mrpt_msgs/include/mrpt_msgs/mrpt_msgs/msg/detail/graph_slam_stats__rosidl_typesupport_fastrtps_c.h
-- Symlinking: /home/pharanguren/TFG/mrpt_ws/install/mrpt_msgs/include/mrpt_msgs/mrpt_msgs/msg/detail/network_of_poses__rosidl_typesupport_fastrtps_c.h
-- Symlinking: /home/pharanguren/TFG/mrpt_ws/install/mrpt_msgs/include/mrpt_msgs/mrpt_msgs/msg/detail/node_id_with_laser_scan__rosidl_typesupport_fastrtps_c.h
-- Symlinking: /home/pharanguren/TFG/mrpt_ws/install/mrpt_msgs/include/mrpt_msgs/mrpt_msgs/msg/detail/node_id_with_pose__rosidl_typesupport_fastrtps_c.h
-- Symlinking: /home/pharanguren/TFG/mrpt_ws/install/mrpt_msgs/include/mrpt_msgs/mrpt_msgs/msg/detail/node_id_with_pose_vec__rosidl_typesupport_fastrtps_c.h
-- Symlinking: /home/pharanguren/TFG/mrpt_ws/install/mrpt_msgs/include/mrpt_msgs/mrpt_msgs/msg/detail/observation_object__rosidl_typesupport_fastrtps_c.h
-- Symlinking: /home/pharanguren/TFG/mrpt_ws/install/mrpt_msgs/include/mrpt_msgs/mrpt_msgs/msg/detail/observation_range_beacon__rosidl_typesupport_fastrtps_c.h
-- Symlinking: /home/pharanguren/TFG/mrpt_ws/install/mrpt_msgs/include/mrpt_msgs/mrpt_msgs/msg/detail/observation_range_bearing__rosidl_typesupport_fastrtps_c.h
-- Symlinking: /home/pharanguren/TFG/mrpt_ws/install/mrpt_msgs/include/mrpt_msgs/mrpt_msgs/msg/detail/single_object_observation__rosidl_typesupport_fastrtps_c.h
-- Symlinking: /home/pharanguren/TFG/mrpt_ws/install/mrpt_msgs/include/mrpt_msgs/mrpt_msgs/msg/detail/single_range_beacon_observation__rosidl_typesupport_fastrtps_c.h
-- Symlinking: /home/pharanguren/TFG/mrpt_ws/install/mrpt_msgs/include/mrpt_msgs/mrpt_msgs/msg/detail/single_range_bearing_observation__rosidl_typesupport_fastrtps_c.h
-- Symlinking: /home/pharanguren/TFG/mrpt_ws/install/mrpt_msgs/include/mrpt_msgs/mrpt_msgs/msg/rosidl_typesupport_fastrtps_c__visibility_control.h
-- Symlinking: /home/pharanguren/TFG/mrpt_ws/install/mrpt_msgs/include/mrpt_msgs/mrpt_msgs/srv/detail/get_cm_graph__rosidl_typesupport_fastrtps_c.h
-- Symlinking: /home/pharanguren/TFG/mrpt_ws/install/mrpt_msgs/include/mrpt_msgs/mrpt_msgs/msg/detail/generic_observation__rosidl_typesupport_introspection_c.h
-- Symlinking: /home/pharanguren/TFG/mrpt_ws/install/mrpt_msgs/include/mrpt_msgs/mrpt_msgs/msg/detail/graph_constraint__rosidl_typesupport_introspection_c.h
-- Symlinking: /home/pharanguren/TFG/mrpt_ws/install/mrpt_msgs/include/mrpt_msgs/mrpt_msgs/msg/detail/graph_slam_agent__rosidl_typesupport_introspection_c.h
-- Symlinking: /home/pharanguren/TFG/mrpt_ws/install/mrpt_msgs/include/mrpt_msgs/mrpt_msgs/msg/detail/graph_slam_agents__rosidl_typesupport_introspection_c.h
-- Symlinking: /home/pharanguren/TFG/mrpt_ws/install/mrpt_msgs/include/mrpt_msgs/mrpt_msgs/msg/detail/graph_slam_stats__rosidl_typesupport_introspection_c.h
-- Symlinking: /home/pharanguren/TFG/mrpt_ws/install/mrpt_msgs/include/mrpt_msgs/mrpt_msgs/msg/detail/network_of_poses__rosidl_typesupport_introspection_c.h
-- Symlinking: /home/pharanguren/TFG/mrpt_ws/install/mrpt_msgs/include/mrpt_msgs/mrpt_msgs/msg/detail/node_id_with_laser_scan__rosidl_typesupport_introspection_c.h
-- Symlinking: /home/pharanguren/TFG/mrpt_ws/install/mrpt_msgs/include/mrpt_msgs/mrpt_msgs/msg/detail/node_id_with_pose__rosidl_typesupport_introspection_c.h
-- Symlinking: /home/pharanguren/TFG/mrpt_ws/install/mrpt_msgs/include/mrpt_msgs/mrpt_msgs/msg/detail/node_id_with_pose_vec__rosidl_typesupport_introspection_c.h
-- Symlinking: /home/pharanguren/TFG/mrpt_ws/install/mrpt_msgs/include/mrpt_msgs/mrpt_msgs/msg/detail/observation_object__rosidl_typesupport_introspection_c.h
-- Symlinking: /home/pharanguren/TFG/mrpt_ws/install/mrpt_msgs/include/mrpt_msgs/mrpt_msgs/msg/detail/observation_range_beacon__rosidl_typesupport_introspection_c.h
-- Symlinking: /home/pharanguren/TFG/mrpt_ws/install/mrpt_msgs/include/mrpt_msgs/mrpt_msgs/msg/detail/observation_range_bearing__rosidl_typesupport_introspection_c.h
-- Symlinking: /home/pharanguren/TFG/mrpt_ws/install/mrpt_msgs/include/mrpt_msgs/mrpt_msgs/msg/detail/single_object_observation__rosidl_typesupport_introspection_c.h
-- Symlinking: /home/pharanguren/TFG/mrpt_ws/install/mrpt_msgs/include/mrpt_msgs/mrpt_msgs/msg/detail/single_range_beacon_observation__rosidl_typesupport_introspection_c.h
-- Symlinking: /home/pharanguren/TFG/mrpt_ws/install/mrpt_msgs/include/mrpt_msgs/mrpt_msgs/msg/detail/single_range_bearing_observation__rosidl_typesupport_introspection_c.h
-- Symlinking: /home/pharanguren/TFG/mrpt_ws/install/mrpt_msgs/include/mrpt_msgs/mrpt_msgs/msg/rosidl_typesupport_introspection_c__visibility_control.h
-- Symlinking: /home/pharanguren/TFG/mrpt_ws/install/mrpt_msgs/include/mrpt_msgs/mrpt_msgs/srv/detail/get_cm_graph__rosidl_typesupport_introspection_c.h
-- Symlinking: /home/pharanguren/TFG/mrpt_ws/install/mrpt_msgs/include/mrpt_msgs/mrpt_msgs/msg/detail/generic_observation__builder.hpp
-- Symlinking: /home/pharanguren/TFG/mrpt_ws/install/mrpt_msgs/include/mrpt_msgs/mrpt_msgs/msg/detail/generic_observation__struct.hpp
-- Symlinking: /home/pharanguren/TFG/mrpt_ws/install/mrpt_msgs/include/mrpt_msgs/mrpt_msgs/msg/detail/generic_observation__traits.hpp
-- Symlinking: /home/pharanguren/TFG/mrpt_ws/install/mrpt_msgs/include/mrpt_msgs/mrpt_msgs/msg/detail/generic_observation__type_support.hpp
-- Symlinking: /home/pharanguren/TFG/mrpt_ws/install/mrpt_msgs/include/mrpt_msgs/mrpt_msgs/msg/detail/graph_constraint__builder.hpp
-- Symlinking: /home/pharanguren/TFG/mrpt_ws/install/mrpt_msgs/include/mrpt_msgs/mrpt_msgs/msg/detail/graph_constraint__struct.hpp
-- Symlinking: /home/pharanguren/TFG/mrpt_ws/install/mrpt_msgs/include/mrpt_msgs/mrpt_msgs/msg/detail/graph_constraint__traits.hpp
-- Symlinking: /home/pharanguren/TFG/mrpt_ws/install/mrpt_msgs/include/mrpt_msgs/mrpt_msgs/msg/detail/graph_constraint__type_support.hpp
-- Symlinking: /home/pharanguren/TFG/mrpt_ws/install/mrpt_msgs/include/mrpt_msgs/mrpt_msgs/msg/detail/graph_slam_agent__builder.hpp
-- Symlinking: /home/pharanguren/TFG/mrpt_ws/install/mrpt_msgs/include/mrpt_msgs/mrpt_msgs/msg/detail/graph_slam_agent__struct.hpp
-- Symlinking: /home/pharanguren/TFG/mrpt_ws/install/mrpt_msgs/include/mrpt_msgs/mrpt_msgs/msg/detail/graph_slam_agent__traits.hpp
-- Symlinking: /home/pharanguren/TFG/mrpt_ws/install/mrpt_msgs/include/mrpt_msgs/mrpt_msgs/msg/detail/graph_slam_agent__type_support.hpp
-- Symlinking: /home/pharanguren/TFG/mrpt_ws/install/mrpt_msgs/include/mrpt_msgs/mrpt_msgs/msg/detail/graph_slam_agents__builder.hpp
-- Symlinking: /home/pharanguren/TFG/mrpt_ws/install/mrpt_msgs/include/mrpt_msgs/mrpt_msgs/msg/detail/graph_slam_agents__struct.hpp
-- Symlinking: /home/pharanguren/TFG/mrpt_ws/install/mrpt_msgs/include/mrpt_msgs/mrpt_msgs/msg/detail/graph_slam_agents__traits.hpp
-- Symlinking: /home/pharanguren/TFG/mrpt_ws/install/mrpt_msgs/include/mrpt_msgs/mrpt_msgs/msg/detail/graph_slam_agents__type_support.hpp
-- Symlinking: /home/pharanguren/TFG/mrpt_ws/install/mrpt_msgs/include/mrpt_msgs/mrpt_msgs/msg/detail/graph_slam_stats__builder.hpp
-- Symlinking: /home/pharanguren/TFG/mrpt_ws/install/mrpt_msgs/include/mrpt_msgs/mrpt_msgs/msg/detail/graph_slam_stats__struct.hpp
-- Symlinking: /home/pharanguren/TFG/mrpt_ws/install/mrpt_msgs/include/mrpt_msgs/mrpt_msgs/msg/detail/graph_slam_stats__traits.hpp
-- Symlinking: /home/pharanguren/TFG/mrpt_ws/install/mrpt_msgs/include/mrpt_msgs/mrpt_msgs/msg/detail/graph_slam_stats__type_support.hpp
-- Symlinking: /home/pharanguren/TFG/mrpt_ws/install/mrpt_msgs/include/mrpt_msgs/mrpt_msgs/msg/detail/network_of_poses__builder.hpp
-- Symlinking: /home/pharanguren/TFG/mrpt_ws/install/mrpt_msgs/include/mrpt_msgs/mrpt_msgs/msg/detail/network_of_poses__struct.hpp
-- Symlinking: /home/pharanguren/TFG/mrpt_ws/install/mrpt_msgs/include/mrpt_msgs/mrpt_msgs/msg/detail/network_of_poses__traits.hpp
-- Symlinking: /home/pharanguren/TFG/mrpt_ws/install/mrpt_msgs/include/mrpt_msgs/mrpt_msgs/msg/detail/network_of_poses__type_support.hpp
-- Symlinking: /home/pharanguren/TFG/mrpt_ws/install/mrpt_msgs/include/mrpt_msgs/mrpt_msgs/msg/detail/node_id_with_laser_scan__builder.hpp
-- Symlinking: /home/pharanguren/TFG/mrpt_ws/install/mrpt_msgs/include/mrpt_msgs/mrpt_msgs/msg/detail/node_id_with_laser_scan__struct.hpp
-- Symlinking: /home/pharanguren/TFG/mrpt_ws/install/mrpt_msgs/include/mrpt_msgs/mrpt_msgs/msg/detail/node_id_with_laser_scan__traits.hpp
-- Symlinking: /home/pharanguren/TFG/mrpt_ws/install/mrpt_msgs/include/mrpt_msgs/mrpt_msgs/msg/detail/node_id_with_laser_scan__type_support.hpp
-- Symlinking: /home/pharanguren/TFG/mrpt_ws/install/mrpt_msgs/include/mrpt_msgs/mrpt_msgs/msg/detail/node_id_with_pose__builder.hpp
-- Symlinking: /home/pharanguren/TFG/mrpt_ws/install/mrpt_msgs/include/mrpt_msgs/mrpt_msgs/msg/detail/node_id_with_pose__struct.hpp
-- Symlinking: /home/pharanguren/TFG/mrpt_ws/install/mrpt_msgs/include/mrpt_msgs/mrpt_msgs/msg/detail/node_id_with_pose__traits.hpp
-- Symlinking: /home/pharanguren/TFG/mrpt_ws/install/mrpt_msgs/include/mrpt_msgs/mrpt_msgs/msg/detail/node_id_with_pose__type_support.hpp
-- Symlinking: /home/pharanguren/TFG/mrpt_ws/install/mrpt_msgs/include/mrpt_msgs/mrpt_msgs/msg/detail/node_id_with_pose_vec__builder.hpp
-- Symlinking: /home/pharanguren/TFG/mrpt_ws/install/mrpt_msgs/include/mrpt_msgs/mrpt_msgs/msg/detail/node_id_with_pose_vec__struct.hpp
-- Symlinking: /home/pharanguren/TFG/mrpt_ws/install/mrpt_msgs/include/mrpt_msgs/mrpt_msgs/msg/detail/node_id_with_pose_vec__traits.hpp
-- Symlinking: /home/pharanguren/TFG/mrpt_ws/install/mrpt_msgs/include/mrpt_msgs/mrpt_msgs/msg/detail/node_id_with_pose_vec__type_support.hpp
-- Symlinking: /home/pharanguren/TFG/mrpt_ws/install/mrpt_msgs/include/mrpt_msgs/mrpt_msgs/msg/detail/observation_object__builder.hpp
-- Symlinking: /home/pharanguren/TFG/mrpt_ws/install/mrpt_msgs/include/mrpt_msgs/mrpt_msgs/msg/detail/observation_object__struct.hpp
-- Symlinking: /home/pharanguren/TFG/mrpt_ws/install/mrpt_msgs/include/mrpt_msgs/mrpt_msgs/msg/detail/observation_object__traits.hpp
-- Symlinking: /home/pharanguren/TFG/mrpt_ws/install/mrpt_msgs/include/mrpt_msgs/mrpt_msgs/msg/detail/observation_object__type_support.hpp
-- Symlinking: /home/pharanguren/TFG/mrpt_ws/install/mrpt_msgs/include/mrpt_msgs/mrpt_msgs/msg/detail/observation_range_beacon__builder.hpp
-- Symlinking: /home/pharanguren/TFG/mrpt_ws/install/mrpt_msgs/include/mrpt_msgs/mrpt_msgs/msg/detail/observation_range_beacon__struct.hpp
-- Symlinking: /home/pharanguren/TFG/mrpt_ws/install/mrpt_msgs/include/mrpt_msgs/mrpt_msgs/msg/detail/observation_range_beacon__traits.hpp
-- Symlinking: /home/pharanguren/TFG/mrpt_ws/install/mrpt_msgs/include/mrpt_msgs/mrpt_msgs/msg/detail/observation_range_beacon__type_support.hpp
-- Symlinking: /home/pharanguren/TFG/mrpt_ws/install/mrpt_msgs/include/mrpt_msgs/mrpt_msgs/msg/detail/observation_range_bearing__builder.hpp
-- Symlinking: /home/pharanguren/TFG/mrpt_ws/install/mrpt_msgs/include/mrpt_msgs/mrpt_msgs/msg/detail/observation_range_bearing__struct.hpp
-- Symlinking: /home/pharanguren/TFG/mrpt_ws/install/mrpt_msgs/include/mrpt_msgs/mrpt_msgs/msg/detail/observation_range_bearing__traits.hpp
-- Symlinking: /home/pharanguren/TFG/mrpt_ws/install/mrpt_msgs/include/mrpt_msgs/mrpt_msgs/msg/detail/observation_range_bearing__type_support.hpp
-- Symlinking: /home/pharanguren/TFG/mrpt_ws/install/mrpt_msgs/include/mrpt_msgs/mrpt_msgs/msg/detail/single_object_observation__builder.hpp
-- Symlinking: /home/pharanguren/TFG/mrpt_ws/install/mrpt_msgs/include/mrpt_msgs/mrpt_msgs/msg/detail/single_object_observation__struct.hpp
-- Symlinking: /home/pharanguren/TFG/mrpt_ws/install/mrpt_msgs/include/mrpt_msgs/mrpt_msgs/msg/detail/single_object_observation__traits.hpp
-- Symlinking: /home/pharanguren/TFG/mrpt_ws/install/mrpt_msgs/include/mrpt_msgs/mrpt_msgs/msg/detail/single_object_observation__type_support.hpp
-- Symlinking: /home/pharanguren/TFG/mrpt_ws/install/mrpt_msgs/include/mrpt_msgs/mrpt_msgs/msg/detail/single_range_beacon_observation__builder.hpp
-- Symlinking: /home/pharanguren/TFG/mrpt_ws/install/mrpt_msgs/include/mrpt_msgs/mrpt_msgs/msg/detail/single_range_beacon_observation__struct.hpp
-- Symlinking: /home/pharanguren/TFG/mrpt_ws/install/mrpt_msgs/include/mrpt_msgs/mrpt_msgs/msg/detail/single_range_beacon_observation__traits.hpp
-- Symlinking: /home/pharanguren/TFG/mrpt_ws/install/mrpt_msgs/include/mrpt_msgs/mrpt_msgs/msg/detail/single_range_beacon_observation__type_support.hpp
-- Symlinking: /home/pharanguren/TFG/mrpt_ws/install/mrpt_msgs/include/mrpt_msgs/mrpt_msgs/msg/detail/single_range_bearing_observation__builder.hpp
-- Symlinking: /home/pharanguren/TFG/mrpt_ws/install/mrpt_msgs/include/mrpt_msgs/mrpt_msgs/msg/detail/single_range_bearing_observation__struct.hpp
-- Symlinking: /home/pharanguren/TFG/mrpt_ws/install/mrpt_msgs/include/mrpt_msgs/mrpt_msgs/msg/detail/single_range_bearing_observation__traits.hpp
-- Symlinking: /home/pharanguren/TFG/mrpt_ws/install/mrpt_msgs/include/mrpt_msgs/mrpt_msgs/msg/detail/single_range_bearing_observation__type_support.hpp
-- Symlinking: /home/pharanguren/TFG/mrpt_ws/install/mrpt_msgs/include/mrpt_msgs/mrpt_msgs/msg/generic_observation.hpp
-- Symlinking: /home/pharanguren/TFG/mrpt_ws/install/mrpt_msgs/include/mrpt_msgs/mrpt_msgs/msg/graph_constraint.hpp
-- Symlinking: /home/pharanguren/TFG/mrpt_ws/install/mrpt_msgs/include/mrpt_msgs/mrpt_msgs/msg/graph_slam_agent.hpp
-- Symlinking: /home/pharanguren/TFG/mrpt_ws/install/mrpt_msgs/include/mrpt_msgs/mrpt_msgs/msg/graph_slam_agents.hpp
-- Symlinking: /home/pharanguren/TFG/mrpt_ws/install/mrpt_msgs/include/mrpt_msgs/mrpt_msgs/msg/graph_slam_stats.hpp
-- Symlinking: /home/pharanguren/TFG/mrpt_ws/install/mrpt_msgs/include/mrpt_msgs/mrpt_msgs/msg/network_of_poses.hpp
-- Symlinking: /home/pharanguren/TFG/mrpt_ws/install/mrpt_msgs/include/mrpt_msgs/mrpt_msgs/msg/node_id_with_laser_scan.hpp
-- Symlinking: /home/pharanguren/TFG/mrpt_ws/install/mrpt_msgs/include/mrpt_msgs/mrpt_msgs/msg/node_id_with_pose.hpp
-- Symlinking: /home/pharanguren/TFG/mrpt_ws/install/mrpt_msgs/include/mrpt_msgs/mrpt_msgs/msg/node_id_with_pose_vec.hpp
-- Symlinking: /home/pharanguren/TFG/mrpt_ws/install/mrpt_msgs/include/mrpt_msgs/mrpt_msgs/msg/observation_object.hpp
-- Symlinking: /home/pharanguren/TFG/mrpt_ws/install/mrpt_msgs/include/mrpt_msgs/mrpt_msgs/msg/observation_range_beacon.hpp
-- Symlinking: /home/pharanguren/TFG/mrpt_ws/install/mrpt_msgs/include/mrpt_msgs/mrpt_msgs/msg/observation_range_bearing.hpp
-- Symlinking: /home/pharanguren/TFG/mrpt_ws/install/mrpt_msgs/include/mrpt_msgs/mrpt_msgs/msg/rosidl_generator_cpp__visibility_control.hpp
-- Symlinking: /home/pharanguren/TFG/mrpt_ws/install/mrpt_msgs/include/mrpt_msgs/mrpt_msgs/msg/single_object_observation.hpp
-- Symlinking: /home/pharanguren/TFG/mrpt_ws/install/mrpt_msgs/include/mrpt_msgs/mrpt_msgs/msg/single_range_beacon_observation.hpp
-- Symlinking: /home/pharanguren/TFG/mrpt_ws/install/mrpt_msgs/include/mrpt_msgs/mrpt_msgs/msg/single_range_bearing_observation.hpp
-- Symlinking: /home/pharanguren/TFG/mrpt_ws/install/mrpt_msgs/include/mrpt_msgs/mrpt_msgs/srv/detail/get_cm_graph__builder.hpp
-- Symlinking: /home/pharanguren/TFG/mrpt_ws/install/mrpt_msgs/include/mrpt_msgs/mrpt_msgs/srv/detail/get_cm_graph__struct.hpp
-- Symlinking: /home/pharanguren/TFG/mrpt_ws/install/mrpt_msgs/include/mrpt_msgs/mrpt_msgs/srv/detail/get_cm_graph__traits.hpp
-- Symlinking: /home/pharanguren/TFG/mrpt_ws/install/mrpt_msgs/include/mrpt_msgs/mrpt_msgs/srv/detail/get_cm_graph__type_support.hpp
-- Symlinking: /home/pharanguren/TFG/mrpt_ws/install/mrpt_msgs/include/mrpt_msgs/mrpt_msgs/srv/get_cm_graph.hpp
-- Symlinking: /home/pharanguren/TFG/mrpt_ws/install/mrpt_msgs/include/mrpt_msgs/mrpt_msgs/msg/detail/generic_observation__rosidl_typesupport_fastrtps_cpp.hpp
-- Symlinking: /home/pharanguren/TFG/mrpt_ws/install/mrpt_msgs/include/mrpt_msgs/mrpt_msgs/msg/detail/graph_constraint__rosidl_typesupport_fastrtps_cpp.hpp
-- Symlinking: /home/pharanguren/TFG/mrpt_ws/install/mrpt_msgs/include/mrpt_msgs/mrpt_msgs/msg/detail/graph_slam_agent__rosidl_typesupport_fastrtps_cpp.hpp
-- Symlinking: /home/pharanguren/TFG/mrpt_ws/install/mrpt_msgs/include/mrpt_msgs/mrpt_msgs/msg/detail/graph_slam_agents__rosidl_typesupport_fastrtps_cpp.hpp
-- Symlinking: /home/pharanguren/TFG/mrpt_ws/install/mrpt_msgs/include/mrpt_msgs/mrpt_msgs/msg/detail/graph_slam_stats__rosidl_typesupport_fastrtps_cpp.hpp
-- Symlinking: /home/pharanguren/TFG/mrpt_ws/install/mrpt_msgs/include/mrpt_msgs/mrpt_msgs/msg/detail/network_of_poses__rosidl_typesupport_fastrtps_cpp.hpp
-- Symlinking: /home/pharanguren/TFG/mrpt_ws/install/mrpt_msgs/include/mrpt_msgs/mrpt_msgs/msg/detail/node_id_with_laser_scan__rosidl_typesupport_fastrtps_cpp.hpp
-- Symlinking: /home/pharanguren/TFG/mrpt_ws/install/mrpt_msgs/include/mrpt_msgs/mrpt_msgs/msg/detail/node_id_with_pose__rosidl_typesupport_fastrtps_cpp.hpp
-- Symlinking: /home/pharanguren/TFG/mrpt_ws/install/mrpt_msgs/include/mrpt_msgs/mrpt_msgs/msg/detail/node_id_with_pose_vec__rosidl_typesupport_fastrtps_cpp.hpp
-- Symlinking: /home/pharanguren/TFG/mrpt_ws/install/mrpt_msgs/include/mrpt_msgs/mrpt_msgs/msg/detail/observation_object__rosidl_typesupport_fastrtps_cpp.hpp
-- Symlinking: /home/pharanguren/TFG/mrpt_ws/install/mrpt_msgs/include/mrpt_msgs/mrpt_msgs/msg/detail/observation_range_beacon__rosidl_typesupport_fastrtps_cpp.hpp
-- Symlinking: /home/pharanguren/TFG/mrpt_ws/install/mrpt_msgs/include/mrpt_msgs/mrpt_msgs/msg/detail/observation_range_bearing__rosidl_typesupport_fastrtps_cpp.hpp
-- Symlinking: /home/pharanguren/TFG/mrpt_ws/install/mrpt_msgs/include/mrpt_msgs/mrpt_msgs/msg/detail/single_object_observation__rosidl_typesupport_fastrtps_cpp.hpp
-- Symlinking: /home/pharanguren/TFG/mrpt_ws/install/mrpt_msgs/include/mrpt_msgs/mrpt_msgs/msg/detail/single_range_beacon_observation__rosidl_typesupport_fastrtps_cpp.hpp
-- Symlinking: /home/pharanguren/TFG/mrpt_ws/install/mrpt_msgs/include/mrpt_msgs/mrpt_msgs/msg/detail/single_range_bearing_observation__rosidl_typesupport_fastrtps_cpp.hpp
-- Symlinking: /home/pharanguren/TFG/mrpt_ws/install/mrpt_msgs/include/mrpt_msgs/mrpt_msgs/msg/rosidl_typesupport_fastrtps_cpp__visibility_control.h
-- Symlinking: /home/pharanguren/TFG/mrpt_ws/install/mrpt_msgs/include/mrpt_msgs/mrpt_msgs/srv/detail/get_cm_graph__rosidl_typesupport_fastrtps_cpp.hpp
-- Symlinking: /home/pharanguren/TFG/mrpt_ws/install/mrpt_msgs/include/mrpt_msgs/mrpt_msgs/msg/detail/generic_observation__rosidl_typesupport_introspection_cpp.hpp
-- Symlinking: /home/pharanguren/TFG/mrpt_ws/install/mrpt_msgs/include/mrpt_msgs/mrpt_msgs/msg/detail/graph_constraint__rosidl_typesupport_introspection_cpp.hpp
-- Symlinking: /home/pharanguren/TFG/mrpt_ws/install/mrpt_msgs/include/mrpt_msgs/mrpt_msgs/msg/detail/graph_slam_agent__rosidl_typesupport_introspection_cpp.hpp
-- Symlinking: /home/pharanguren/TFG/mrpt_ws/install/mrpt_msgs/include/mrpt_msgs/mrpt_msgs/msg/detail/graph_slam_agents__rosidl_typesupport_introspection_cpp.hpp
-- Symlinking: /home/pharanguren/TFG/mrpt_ws/install/mrpt_msgs/include/mrpt_msgs/mrpt_msgs/msg/detail/graph_slam_stats__rosidl_typesupport_introspection_cpp.hpp
-- Symlinking: /home/pharanguren/TFG/mrpt_ws/install/mrpt_msgs/include/mrpt_msgs/mrpt_msgs/msg/detail/network_of_poses__rosidl_typesupport_introspection_cpp.hpp
-- Symlinking: /home/pharanguren/TFG/mrpt_ws/install/mrpt_msgs/include/mrpt_msgs/mrpt_msgs/msg/detail/node_id_with_laser_scan__rosidl_typesupport_introspection_cpp.hpp
-- Symlinking: /home/pharanguren/TFG/mrpt_ws/install/mrpt_msgs/include/mrpt_msgs/mrpt_msgs/msg/detail/node_id_with_pose__rosidl_typesupport_introspection_cpp.hpp
-- Symlinking: /home/pharanguren/TFG/mrpt_ws/install/mrpt_msgs/include/mrpt_msgs/mrpt_msgs/msg/detail/node_id_with_pose_vec__rosidl_typesupport_introspection_cpp.hpp
-- Symlinking: /home/pharanguren/TFG/mrpt_ws/install/mrpt_msgs/include/mrpt_msgs/mrpt_msgs/msg/detail/observation_object__rosidl_typesupport_introspection_cpp.hpp
-- Symlinking: /home/pharanguren/TFG/mrpt_ws/install/mrpt_msgs/include/mrpt_msgs/mrpt_msgs/msg/detail/observation_range_beacon__rosidl_typesupport_introspection_cpp.hpp
-- Symlinking: /home/pharanguren/TFG/mrpt_ws/install/mrpt_msgs/include/mrpt_msgs/mrpt_msgs/msg/detail/observation_range_bearing__rosidl_typesupport_introspection_cpp.hpp
-- Symlinking: /home/pharanguren/TFG/mrpt_ws/install/mrpt_msgs/include/mrpt_msgs/mrpt_msgs/msg/detail/single_object_observation__rosidl_typesupport_introspection_cpp.hpp
-- Symlinking: /home/pharanguren/TFG/mrpt_ws/install/mrpt_msgs/include/mrpt_msgs/mrpt_msgs/msg/detail/single_range_beacon_observation__rosidl_typesupport_introspection_cpp.hpp
-- Symlinking: /home/pharanguren/TFG/mrpt_ws/install/mrpt_msgs/include/mrpt_msgs/mrpt_msgs/msg/detail/single_range_bearing_observation__rosidl_typesupport_introspection_cpp.hpp
-- Symlinking: /home/pharanguren/TFG/mrpt_ws/install/mrpt_msgs/include/mrpt_msgs/mrpt_msgs/srv/detail/get_cm_graph__rosidl_typesupport_introspection_cpp.hpp
-- Symlinking: /home/pharanguren/TFG/mrpt_ws/install/mrpt_msgs/share/mrpt_msgs/environment/pythonpath.sh
-- Symlinking: /home/pharanguren/TFG/mrpt_ws/install/mrpt_msgs/share/mrpt_msgs/environment/pythonpath.dsv
-- Symlinking: /home/pharanguren/TFG/mrpt_ws/install/mrpt_msgs/lib/python3.12/site-packages/mrpt_msgs-0.3.4-py3.12.egg-info/PKG-INFO
-- Symlinking: /home/pharanguren/TFG/mrpt_ws/install/mrpt_msgs/lib/python3.12/site-packages/mrpt_msgs-0.3.4-py3.12.egg-info/SOURCES.txt
-- Symlinking: /home/pharanguren/TFG/mrpt_ws/install/mrpt_msgs/lib/python3.12/site-packages/mrpt_msgs-0.3.4-py3.12.egg-info/dependency_links.txt
-- Symlinking: /home/pharanguren/TFG/mrpt_ws/install/mrpt_msgs/lib/python3.12/site-packages/mrpt_msgs-0.3.4-py3.12.egg-info/top_level.txt
-- Symlinking: /home/pharanguren/TFG/mrpt_ws/install/mrpt_msgs/lib/python3.12/site-packages/mrpt_msgs/__init__.py
-- Symlinking: /home/pharanguren/TFG/mrpt_ws/install/mrpt_msgs/lib/python3.12/site-packages/mrpt_msgs/_mrpt_msgs_s.ep.rosidl_typesupport_c.c
-- Symlinking: /home/pharanguren/TFG/mrpt_ws/install/mrpt_msgs/lib/python3.12/site-packages/mrpt_msgs/_mrpt_msgs_s.ep.rosidl_typesupport_fastrtps_c.c
-- Symlinking: /home/pharanguren/TFG/mrpt_ws/install/mrpt_msgs/lib/python3.12/site-packages/mrpt_msgs/_mrpt_msgs_s.ep.rosidl_typesupport_introspection_c.c
-- Symlinking: /home/pharanguren/TFG/mrpt_ws/install/mrpt_msgs/lib/python3.12/site-packages/mrpt_msgs/mrpt_msgs_s__rosidl_typesupport_c.so
-- Symlinking: /home/pharanguren/TFG/mrpt_ws/install/mrpt_msgs/lib/python3.12/site-packages/mrpt_msgs/mrpt_msgs_s__rosidl_typesupport_fastrtps_c.so
-- Symlinking: /home/pharanguren/TFG/mrpt_ws/install/mrpt_msgs/lib/python3.12/site-packages/mrpt_msgs/mrpt_msgs_s__rosidl_typesupport_introspection_c.so
-- Symlinking: /home/pharanguren/TFG/mrpt_ws/install/mrpt_msgs/lib/python3.12/site-packages/mrpt_msgs/msg/__init__.py
-- Symlinking: /home/pharanguren/TFG/mrpt_ws/install/mrpt_msgs/lib/python3.12/site-packages/mrpt_msgs/msg/_generic_observation.py
-- Symlinking: /home/pharanguren/TFG/mrpt_ws/install/mrpt_msgs/lib/python3.12/site-packages/mrpt_msgs/msg/_generic_observation_s.c
-- Symlinking: /home/pharanguren/TFG/mrpt_ws/install/mrpt_msgs/lib/python3.12/site-packages/mrpt_msgs/msg/_graph_constraint.py
-- Symlinking: /home/pharanguren/TFG/mrpt_ws/install/mrpt_msgs/lib/python3.12/site-packages/mrpt_msgs/msg/_graph_constraint_s.c
-- Symlinking: /home/pharanguren/TFG/mrpt_ws/install/mrpt_msgs/lib/python3.12/site-packages/mrpt_msgs/msg/_graph_slam_agent.py
-- Symlinking: /home/pharanguren/TFG/mrpt_ws/install/mrpt_msgs/lib/python3.12/site-packages/mrpt_msgs/msg/_graph_slam_agent_s.c
-- Symlinking: /home/pharanguren/TFG/mrpt_ws/install/mrpt_msgs/lib/python3.12/site-packages/mrpt_msgs/msg/_graph_slam_agents.py
-- Symlinking: /home/pharanguren/TFG/mrpt_ws/install/mrpt_msgs/lib/python3.12/site-packages/mrpt_msgs/msg/_graph_slam_agents_s.c
-- Symlinking: /home/pharanguren/TFG/mrpt_ws/install/mrpt_msgs/lib/python3.12/site-packages/mrpt_msgs/msg/_graph_slam_stats.py
-- Symlinking: /home/pharanguren/TFG/mrpt_ws/install/mrpt_msgs/lib/python3.12/site-packages/mrpt_msgs/msg/_graph_slam_stats_s.c
-- Symlinking: /home/pharanguren/TFG/mrpt_ws/install/mrpt_msgs/lib/python3.12/site-packages/mrpt_msgs/msg/_network_of_poses.py
-- Symlinking: /home/pharanguren/TFG/mrpt_ws/install/mrpt_msgs/lib/python3.12/site-packages/mrpt_msgs/msg/_network_of_poses_s.c
-- Symlinking: /home/pharanguren/TFG/mrpt_ws/install/mrpt_msgs/lib/python3.12/site-packages/mrpt_msgs/msg/_node_id_with_laser_scan.py
-- Symlinking: /home/pharanguren/TFG/mrpt_ws/install/mrpt_msgs/lib/python3.12/site-packages/mrpt_msgs/msg/_node_id_with_laser_scan_s.c
-- Symlinking: /home/pharanguren/TFG/mrpt_ws/install/mrpt_msgs/lib/python3.12/site-packages/mrpt_msgs/msg/_node_id_with_pose.py
-- Symlinking: /home/pharanguren/TFG/mrpt_ws/install/mrpt_msgs/lib/python3.12/site-packages/mrpt_msgs/msg/_node_id_with_pose_s.c
-- Symlinking: /home/pharanguren/TFG/mrpt_ws/install/mrpt_msgs/lib/python3.12/site-packages/mrpt_msgs/msg/_node_id_with_pose_vec.py
-- Symlinking: /home/pharanguren/TFG/mrpt_ws/install/mrpt_msgs/lib/python3.12/site-packages/mrpt_msgs/msg/_node_id_with_pose_vec_s.c
-- Symlinking: /home/pharanguren/TFG/mrpt_ws/install/mrpt_msgs/lib/python3.12/site-packages/mrpt_msgs/msg/_observation_object.py
-- Symlinking: /home/pharanguren/TFG/mrpt_ws/install/mrpt_msgs/lib/python3.12/site-packages/mrpt_msgs/msg/_observation_object_s.c
-- Symlinking: /home/pharanguren/TFG/mrpt_ws/install/mrpt_msgs/lib/python3.12/site-packages/mrpt_msgs/msg/_observation_range_beacon.py
-- Symlinking: /home/pharanguren/TFG/mrpt_ws/install/mrpt_msgs/lib/python3.12/site-packages/mrpt_msgs/msg/_observation_range_beacon_s.c
-- Symlinking: /home/pharanguren/TFG/mrpt_ws/install/mrpt_msgs/lib/python3.12/site-packages/mrpt_msgs/msg/_observation_range_bearing.py
-- Symlinking: /home/pharanguren/TFG/mrpt_ws/install/mrpt_msgs/lib/python3.12/site-packages/mrpt_msgs/msg/_observation_range_bearing_s.c
-- Symlinking: /home/pharanguren/TFG/mrpt_ws/install/mrpt_msgs/lib/python3.12/site-packages/mrpt_msgs/msg/_single_object_observation.py
-- Symlinking: /home/pharanguren/TFG/mrpt_ws/install/mrpt_msgs/lib/python3.12/site-packages/mrpt_msgs/msg/_single_object_observation_s.c
-- Symlinking: /home/pharanguren/TFG/mrpt_ws/install/mrpt_msgs/lib/python3.12/site-packages/mrpt_msgs/msg/_single_range_beacon_observation.py
-- Symlinking: /home/pharanguren/TFG/mrpt_ws/install/mrpt_msgs/lib/python3.12/site-packages/mrpt_msgs/msg/_single_range_beacon_observation_s.c
-- Symlinking: /home/pharanguren/TFG/mrpt_ws/install/mrpt_msgs/lib/python3.12/site-packages/mrpt_msgs/msg/_single_range_bearing_observation.py
-- Symlinking: /home/pharanguren/TFG/mrpt_ws/install/mrpt_msgs/lib/python3.12/site-packages/mrpt_msgs/msg/_single_range_bearing_observation_s.c
-- Symlinking: /home/pharanguren/TFG/mrpt_ws/install/mrpt_msgs/lib/python3.12/site-packages/mrpt_msgs/srv/__init__.py
-- Symlinking: /home/pharanguren/TFG/mrpt_ws/install/mrpt_msgs/lib/python3.12/site-packages/mrpt_msgs/srv/_get_cm_graph.py
-- Symlinking: /home/pharanguren/TFG/mrpt_ws/install/mrpt_msgs/lib/python3.12/site-packages/mrpt_msgs/srv/_get_cm_graph_s.c
-- Up-to-date symlink: /home/pharanguren/TFG/mrpt_ws/install/mrpt_msgs/lib/python3.12/site-packages/mrpt_msgs/mrpt_msgs_s__rosidl_typesupport_fastrtps_c.so
-- Up-to-date symlink: /home/pharanguren/TFG/mrpt_ws/install/mrpt_msgs/lib/python3.12/site-packages/mrpt_msgs/mrpt_msgs_s__rosidl_typesupport_introspection_c.so
-- Up-to-date symlink: /home/pharanguren/TFG/mrpt_ws/install/mrpt_msgs/lib/python3.12/site-packages/mrpt_msgs/mrpt_msgs_s__rosidl_typesupport_c.so
-- Symlinking: /home/pharanguren/TFG/mrpt_ws/install/mrpt_msgs/share/ament_index/resource_index/rust_packages/mrpt_msgs
-- Symlinking: /home/pharanguren/TFG/mrpt_ws/install/mrpt_msgs/share/mrpt_msgs/rust/Cargo.toml
-- Symlinking: /home/pharanguren/TFG/mrpt_ws/install/mrpt_msgs/share/mrpt_msgs/rust/build.rs
-- Symlinking: /home/pharanguren/TFG/mrpt_ws/install/mrpt_msgs/share/mrpt_msgs/rust/src/lib.rs
-- Symlinking: /home/pharanguren/TFG/mrpt_ws/install/mrpt_msgs/share/mrpt_msgs/rust/src/msg.rs
-- Symlinking: /home/pharanguren/TFG/mrpt_ws/install/mrpt_msgs/share/mrpt_msgs/rust/src/msg/rmw.rs
-- Symlinking: /home/pharanguren/TFG/mrpt_ws/install/mrpt_msgs/share/mrpt_msgs/rust/src/srv.rs
-- Symlinking: /home/pharanguren/TFG/mrpt_ws/install/mrpt_msgs/share/mrpt_msgs/rust/src/srv/rmw.rs
-- Symlinking: /home/pharanguren/TFG/mrpt_ws/install/mrpt_msgs/share/mrpt_msgs/msg/GenericObservation.idl
-- Symlinking: /home/pharanguren/TFG/mrpt_ws/install/mrpt_msgs/share/mrpt_msgs/msg/GraphConstraint.idl
-- Symlinking: /home/pharanguren/TFG/mrpt_ws/install/mrpt_msgs/share/mrpt_msgs/msg/GraphSlamAgent.idl
-- Symlinking: /home/pharanguren/TFG/mrpt_ws/install/mrpt_msgs/share/mrpt_msgs/msg/GraphSlamAgents.idl
-- Symlinking: /home/pharanguren/TFG/mrpt_ws/install/mrpt_msgs/share/mrpt_msgs/msg/GraphSlamStats.idl
-- Symlinking: /home/pharanguren/TFG/mrpt_ws/install/mrpt_msgs/share/mrpt_msgs/msg/NetworkOfPoses.idl
-- Symlinking: /home/pharanguren/TFG/mrpt_ws/install/mrpt_msgs/share/mrpt_msgs/msg/NodeIDWithLaserScan.idl
-- Symlinking: /home/pharanguren/TFG/mrpt_ws/install/mrpt_msgs/share/mrpt_msgs/msg/NodeIDWithPoseVec.idl
-- Symlinking: /home/pharanguren/TFG/mrpt_ws/install/mrpt_msgs/share/mrpt_msgs/msg/NodeIDWithPose.idl
-- Symlinking: /home/pharanguren/TFG/mrpt_ws/install/mrpt_msgs/share/mrpt_msgs/msg/ObservationObject.idl
-- Symlinking: /home/pharanguren/TFG/mrpt_ws/install/mrpt_msgs/share/mrpt_msgs/msg/SingleObjectObservation.idl
-- Symlinking: /home/pharanguren/TFG/mrpt_ws/install/mrpt_msgs/share/mrpt_msgs/msg/ObservationRangeBeacon.idl
-- Symlinking: /home/pharanguren/TFG/mrpt_ws/install/mrpt_msgs/share/mrpt_msgs/msg/ObservationRangeBearing.idl
-- Symlinking: /home/pharanguren/TFG/mrpt_ws/install/mrpt_msgs/share/mrpt_msgs/msg/SingleRangeBeaconObservation.idl
-- Symlinking: /home/pharanguren/TFG/mrpt_ws/install/mrpt_msgs/share/mrpt_msgs/msg/SingleRangeBearingObservation.idl
-- Symlinking: /home/pharanguren/TFG/mrpt_ws/install/mrpt_msgs/share/mrpt_msgs/srv/GetCMGraph.idl
-- Symlinking: /home/pharanguren/TFG/mrpt_ws/install/mrpt_msgs/share/mrpt_msgs/msg/GenericObservation.msg
-- Symlinking: /home/pharanguren/TFG/mrpt_ws/install/mrpt_msgs/share/mrpt_msgs/msg/GraphConstraint.msg
-- Symlinking: /home/pharanguren/TFG/mrpt_ws/install/mrpt_msgs/share/mrpt_msgs/msg/GraphSlamAgent.msg
-- Symlinking: /home/pharanguren/TFG/mrpt_ws/install/mrpt_msgs/share/mrpt_msgs/msg/GraphSlamAgents.msg
-- Symlinking: /home/pharanguren/TFG/mrpt_ws/install/mrpt_msgs/share/mrpt_msgs/msg/GraphSlamStats.msg
-- Symlinking: /home/pharanguren/TFG/mrpt_ws/install/mrpt_msgs/share/mrpt_msgs/msg/NetworkOfPoses.msg
-- Symlinking: /home/pharanguren/TFG/mrpt_ws/install/mrpt_msgs/share/mrpt_msgs/msg/NodeIDWithLaserScan.msg
-- Symlinking: /home/pharanguren/TFG/mrpt_ws/install/mrpt_msgs/share/mrpt_msgs/msg/NodeIDWithPoseVec.msg
-- Symlinking: /home/pharanguren/TFG/mrpt_ws/install/mrpt_msgs/share/mrpt_msgs/msg/NodeIDWithPose.msg
-- Symlinking: /home/pharanguren/TFG/mrpt_ws/install/mrpt_msgs/share/mrpt_msgs/msg/ObservationObject.msg
-- Symlinking: /home/pharanguren/TFG/mrpt_ws/install/mrpt_msgs/share/mrpt_msgs/msg/SingleObjectObservation.msg
-- Symlinking: /home/pharanguren/TFG/mrpt_ws/install/mrpt_msgs/share/mrpt_msgs/msg/ObservationRangeBeacon.msg
-- Symlinking: /home/pharanguren/TFG/mrpt_ws/install/mrpt_msgs/share/mrpt_msgs/msg/ObservationRangeBearing.msg
-- Symlinking: /home/pharanguren/TFG/mrpt_ws/install/mrpt_msgs/share/mrpt_msgs/msg/SingleRangeBeaconObservation.msg
-- Symlinking: /home/pharanguren/TFG/mrpt_ws/install/mrpt_msgs/share/mrpt_msgs/msg/SingleRangeBearingObservation.msg
-- Symlinking: /home/pharanguren/TFG/mrpt_ws/install/mrpt_msgs/share/mrpt_msgs/srv/GetCMGraph.srv
-- Symlinking: /home/pharanguren/TFG/mrpt_ws/install/mrpt_msgs/share/ament_index/resource_index/package_run_dependencies/mrpt_msgs
-- Symlinking: /home/pharanguren/TFG/mrpt_ws/install/mrpt_msgs/share/ament_index/resource_index/parent_prefix_path/mrpt_msgs
-- Symlinking: /home/pharanguren/TFG/mrpt_ws/install/mrpt_msgs/share/mrpt_msgs/environment/ament_prefix_path.sh
-- Symlinking: /home/pharanguren/TFG/mrpt_ws/install/mrpt_msgs/share/mrpt_msgs/environment/ament_prefix_path.dsv
-- Symlinking: /home/pharanguren/TFG/mrpt_ws/install/mrpt_msgs/share/mrpt_msgs/environment/path.sh
-- Symlinking: /home/pharanguren/TFG/mrpt_ws/install/mrpt_msgs/share/mrpt_msgs/environment/path.dsv
-- Symlinking: /home/pharanguren/TFG/mrpt_ws/install/mrpt_msgs/share/mrpt_msgs/local_setup.bash
-- Symlinking: /home/pharanguren/TFG/mrpt_ws/install/mrpt_msgs/share/mrpt_msgs/local_setup.sh
-- Symlinking: /home/pharanguren/TFG/mrpt_ws/install/mrpt_msgs/share/mrpt_msgs/local_setup.zsh
-- Symlinking: /home/pharanguren/TFG/mrpt_ws/install/mrpt_msgs/share/mrpt_msgs/local_setup.dsv
-- Symlinking: /home/pharanguren/TFG/mrpt_ws/install/mrpt_msgs/share/mrpt_msgs/package.dsv
-- Symlinking: /home/pharanguren/TFG/mrpt_ws/install/mrpt_msgs/share/ament_index/resource_index/packages/mrpt_msgs
-- Symlinking: /home/pharanguren/TFG/mrpt_ws/install/mrpt_msgs/share/mrpt_msgs/cmake/rosidl_cmake-extras.cmake
-- Symlinking: /home/pharanguren/TFG/mrpt_ws/install/mrpt_msgs/share/mrpt_msgs/cmake/ament_cmake_export_dependencies-extras.cmake
-- Symlinking: /home/pharanguren/TFG/mrpt_ws/install/mrpt_msgs/share/mrpt_msgs/cmake/ament_cmake_export_include_directories-extras.cmake
-- Symlinking: /home/pharanguren/TFG/mrpt_ws/install/mrpt_msgs/share/mrpt_msgs/cmake/ament_cmake_export_libraries-extras.cmake
-- Symlinking: /home/pharanguren/TFG/mrpt_ws/install/mrpt_msgs/share/mrpt_msgs/cmake/ament_cmake_export_targets-extras.cmake
-- Symlinking: /home/pharanguren/TFG/mrpt_ws/install/mrpt_msgs/share/mrpt_msgs/cmake/rosidl_cmake_export_typesupport_targets-extras.cmake
-- Symlinking: /home/pharanguren/TFG/mrpt_ws/install/mrpt_msgs/share/mrpt_msgs/cmake/rosidl_cmake_export_typesupport_libraries-extras.cmake
-- Symlinking: /home/pharanguren/TFG/mrpt_ws/install/mrpt_msgs/share/mrpt_msgs/cmake/rosidl_cmake_aggregate_target-extras.cmake
-- Symlinking: /home/pharanguren/TFG/mrpt_ws/install/mrpt_msgs/share/mrpt_msgs/cmake/mrpt_msgsConfig.cmake
-- Symlinking: /home/pharanguren/TFG/mrpt_ws/install/mrpt_msgs/share/mrpt_msgs/cmake/mrpt_msgsConfig-version.cmake
-- Symlinking: /home/pharanguren/TFG/mrpt_ws/install/mrpt_msgs/share/mrpt_msgs/package.xml
-- Installing: /home/pharanguren/TFG/mrpt_ws/install/mrpt_msgs/lib/libmrpt_msgs__rosidl_generator_c.so
-- Set non-toolchain portion of runtime path of "/home/pharanguren/TFG/mrpt_ws/install/mrpt_msgs/lib/libmrpt_msgs__rosidl_generator_c.so" to ""
-- Installing: /home/pharanguren/TFG/mrpt_ws/install/mrpt_msgs/lib/libmrpt_msgs__rosidl_typesupport_fastrtps_c.so
-- Set non-toolchain portion of runtime path of "/home/pharanguren/TFG/mrpt_ws/install/mrpt_msgs/lib/libmrpt_msgs__rosidl_typesupport_fastrtps_c.so" to ""
-- Installing: /home/pharanguren/TFG/mrpt_ws/install/mrpt_msgs/lib/libmrpt_msgs__rosidl_typesupport_introspection_c.so
-- Set non-toolchain portion of runtime path of "/home/pharanguren/TFG/mrpt_ws/install/mrpt_msgs/lib/libmrpt_msgs__rosidl_typesupport_introspection_c.so" to ""
-- Installing: /home/pharanguren/TFG/mrpt_ws/install/mrpt_msgs/lib/libmrpt_msgs__rosidl_typesupport_c.so
-- Set non-toolchain portion of runtime path of "/home/pharanguren/TFG/mrpt_ws/install/mrpt_msgs/lib/libmrpt_msgs__rosidl_typesupport_c.so" to ""
-- Installing: /home/pharanguren/TFG/mrpt_ws/install/mrpt_msgs/lib/libmrpt_msgs__rosidl_typesupport_fastrtps_cpp.so
-- Set non-toolchain portion of runtime path of "/home/pharanguren/TFG/mrpt_ws/install/mrpt_msgs/lib/libmrpt_msgs__rosidl_typesupport_fastrtps_cpp.so" to ""
-- Installing: /home/pharanguren/TFG/mrpt_ws/install/mrpt_msgs/lib/libmrpt_msgs__rosidl_typesupport_introspection_cpp.so
-- Set non-toolchain portion of runtime path of "/home/pharanguren/TFG/mrpt_ws/install/mrpt_msgs/lib/libmrpt_msgs__rosidl_typesupport_introspection_cpp.so" to ""
-- Installing: /home/pharanguren/TFG/mrpt_ws/install/mrpt_msgs/lib/libmrpt_msgs__rosidl_typesupport_cpp.so
-- Set non-toolchain portion of runtime path of "/home/pharanguren/TFG/mrpt_ws/install/mrpt_msgs/lib/libmrpt_msgs__rosidl_typesupport_cpp.so" to ""
Listing '/home/pharanguren/TFG/mrpt_ws/install/mrpt_msgs/lib/python3.12/site-packages/mrpt_msgs'...
Compiling '/home/pharanguren/TFG/mrpt_ws/install/mrpt_msgs/lib/python3.12/site-packages/mrpt_msgs/__init__.py'...
Listing '/home/pharanguren/TFG/mrpt_ws/install/mrpt_msgs/lib/python3.12/site-packages/mrpt_msgs/msg'...
Compiling '/home/pharanguren/TFG/mrpt_ws/install/mrpt_msgs/lib/python3.12/site-packages/mrpt_msgs/msg/__init__.py'...
Compiling '/home/pharanguren/TFG/mrpt_ws/install/mrpt_msgs/lib/python3.12/site-packages/mrpt_msgs/msg/_generic_observation.py'...
Compiling '/home/pharanguren/TFG/mrpt_ws/install/mrpt_msgs/lib/python3.12/site-packages/mrpt_msgs/msg/_graph_constraint.py'...
Compiling '/home/pharanguren/TFG/mrpt_ws/install/mrpt_msgs/lib/python3.12/site-packages/mrpt_msgs/msg/_graph_slam_agent.py'...
Compiling '/home/pharanguren/TFG/mrpt_ws/install/mrpt_msgs/lib/python3.12/site-packages/mrpt_msgs/msg/_graph_slam_agents.py'...
Compiling '/home/pharanguren/TFG/mrpt_ws/install/mrpt_msgs/lib/python3.12/site-packages/mrpt_msgs/msg/_graph_slam_stats.py'...
Compiling '/home/pharanguren/TFG/mrpt_ws/install/mrpt_msgs/lib/python3.12/site-packages/mrpt_msgs/msg/_network_of_poses.py'...
Compiling '/home/pharanguren/TFG/mrpt_ws/install/mrpt_msgs/lib/python3.12/site-packages/mrpt_msgs/msg/_node_id_with_laser_scan.py'...
Compiling '/home/pharanguren/TFG/mrpt_ws/install/mrpt_msgs/lib/python3.12/site-packages/mrpt_msgs/msg/_node_id_with_pose.py'...
Compiling '/home/pharanguren/TFG/mrpt_ws/install/mrpt_msgs/lib/python3.12/site-packages/mrpt_msgs/msg/_node_id_with_pose_vec.py'...
Compiling '/home/pharanguren/TFG/mrpt_ws/install/mrpt_msgs/lib/python3.12/site-packages/mrpt_msgs/msg/_observation_object.py'...
Compiling '/home/pharanguren/TFG/mrpt_ws/install/mrpt_msgs/lib/python3.12/site-packages/mrpt_msgs/msg/_observation_range_beacon.py'...
Compiling '/home/pharanguren/TFG/mrpt_ws/install/mrpt_msgs/lib/python3.12/site-packages/mrpt_msgs/msg/_observation_range_bearing.py'...
Compiling '/home/pharanguren/TFG/mrpt_ws/install/mrpt_msgs/lib/python3.12/site-packages/mrpt_msgs/msg/_single_object_observation.py'...
Compiling '/home/pharanguren/TFG/mrpt_ws/install/mrpt_msgs/lib/python3.12/site-packages/mrpt_msgs/msg/_single_range_beacon_observation.py'...
Compiling '/home/pharanguren/TFG/mrpt_ws/install/mrpt_msgs/lib/python3.12/site-packages/mrpt_msgs/msg/_single_range_bearing_observation.py'...
Listing '/home/pharanguren/TFG/mrpt_ws/install/mrpt_msgs/lib/python3.12/site-packages/mrpt_msgs/srv'...
Compiling '/home/pharanguren/TFG/mrpt_ws/install/mrpt_msgs/lib/python3.12/site-packages/mrpt_msgs/srv/__init__.py'...
Compiling '/home/pharanguren/TFG/mrpt_ws/install/mrpt_msgs/lib/python3.12/site-packages/mrpt_msgs/srv/_get_cm_graph.py'...
-- Installing: /home/pharanguren/TFG/mrpt_ws/install/mrpt_msgs/lib/libmrpt_msgs__rosidl_generator_py.so
-- Set non-toolchain portion of runtime path of "/home/pharanguren/TFG/mrpt_ws/install/mrpt_msgs/lib/libmrpt_msgs__rosidl_generator_py.so" to ""
-- Installing: /home/pharanguren/TFG/mrpt_ws/install/mrpt_msgs/share/mrpt_msgs/cmake/export_mrpt_msgs__rosidl_generator_cExport.cmake
-- Installing: /home/pharanguren/TFG/mrpt_ws/install/mrpt_msgs/share/mrpt_msgs/cmake/export_mrpt_msgs__rosidl_generator_cExport-noconfig.cmake
-- Installing: /home/pharanguren/TFG/mrpt_ws/install/mrpt_msgs/share/mrpt_msgs/cmake/export_mrpt_msgs__rosidl_typesupport_fastrtps_cExport.cmake
-- Installing: /home/pharanguren/TFG/mrpt_ws/install/mrpt_msgs/share/mrpt_msgs/cmake/export_mrpt_msgs__rosidl_typesupport_fastrtps_cExport-noconfig.cmake
-- Installing: /home/pharanguren/TFG/mrpt_ws/install/mrpt_msgs/share/mrpt_msgs/cmake/mrpt_msgs__rosidl_typesupport_introspection_cExport.cmake
-- Installing: /home/pharanguren/TFG/mrpt_ws/install/mrpt_msgs/share/mrpt_msgs/cmake/mrpt_msgs__rosidl_typesupport_introspection_cExport-noconfig.cmake
-- Installing: /home/pharanguren/TFG/mrpt_ws/install/mrpt_msgs/share/mrpt_msgs/cmake/mrpt_msgs__rosidl_typesupport_cExport.cmake
-- Installing: /home/pharanguren/TFG/mrpt_ws/install/mrpt_msgs/share/mrpt_msgs/cmake/mrpt_msgs__rosidl_typesupport_cExport-noconfig.cmake
-- Installing: /home/pharanguren/TFG/mrpt_ws/install/mrpt_msgs/share/mrpt_msgs/cmake/export_mrpt_msgs__rosidl_generator_cppExport.cmake
-- Installing: /home/pharanguren/TFG/mrpt_ws/install/mrpt_msgs/share/mrpt_msgs/cmake/export_mrpt_msgs__rosidl_typesupport_fastrtps_cppExport.cmake
-- Installing: /home/pharanguren/TFG/mrpt_ws/install/mrpt_msgs/share/mrpt_msgs/cmake/export_mrpt_msgs__rosidl_typesupport_fastrtps_cppExport-noconfig.cmake
-- Installing: /home/pharanguren/TFG/mrpt_ws/install/mrpt_msgs/share/mrpt_msgs/cmake/mrpt_msgs__rosidl_typesupport_introspection_cppExport.cmake
-- Installing: /home/pharanguren/TFG/mrpt_ws/install/mrpt_msgs/share/mrpt_msgs/cmake/mrpt_msgs__rosidl_typesupport_introspection_cppExport-noconfig.cmake
-- Installing: /home/pharanguren/TFG/mrpt_ws/install/mrpt_msgs/share/mrpt_msgs/cmake/mrpt_msgs__rosidl_typesupport_cppExport.cmake
-- Installing: /home/pharanguren/TFG/mrpt_ws/install/mrpt_msgs/share/mrpt_msgs/cmake/mrpt_msgs__rosidl_typesupport_cppExport-noconfig.cmake
-- Installing: /home/pharanguren/TFG/mrpt_ws/install/mrpt_msgs/share/mrpt_msgs/cmake/export_mrpt_msgs__rosidl_generator_pyExport.cmake
-- Installing: /home/pharanguren/TFG/mrpt_ws/install/mrpt_msgs/share/mrpt_msgs/cmake/export_mrpt_msgs__rosidl_generator_pyExport-noconfig.cmake
