[0.552s] Invoking command in '/home/pharanguren/TFG/mrpt_ws/build/mrpt_graphslam_2d': AMENT_PREFIX_PATH=/home/pharanguren/TFG/mrpt_ws/install/mrpt_msgs:${AMENT_PREFIX_PATH} CMAKE_PREFIX_PATH=/home/pharanguren/TFG/mrpt_ws/install/mrpt_msgs:/home/pharanguren/turtlebot4_ws/install/turtlebot4_simulator:/home/pharanguren/turtlebot4_ws/install/turtlebot4_gz_bringup:/home/pharanguren/turtlebot4_ws/install/turtlebot4_node:/home/pharanguren/turtlebot4_ws/install/turtlebot4_navigation:/home/pharanguren/turtlebot4_ws/install/turtlebot4_gz_toolbox:/home/pharanguren/turtlebot4_ws/install/turtlebot4_msgs:/home/pharanguren/turtlebot4_ws/install/turtlebot4_gz_gui_plugins:/home/pharanguren/turtlebot4_ws/install/turtlebot4_description:/opt/ros/jazzy/opt/gz_sim_vendor:/opt/ros/jazzy/opt/gz_sensors_vendor:/opt/ros/jazzy/opt/gz_physics_vendor:/opt/ros/jazzy/opt/sdformat_vendor:/opt/ros/jazzy/opt/gz_gui_vendor:/opt/ros/jazzy/opt/gz_transport_vendor:/opt/ros/jazzy/opt/gz_rendering_vendor:/opt/ros/jazzy/opt/gz_plugin_vendor:/opt/ros/jazzy/opt/gz_fuel_tools_vendor:/opt/ros/jazzy/opt/gz_msgs_vendor:/opt/ros/jazzy/opt/gz_common_vendor:/opt/ros/jazzy/opt/gz_math_vendor:/opt/ros/jazzy/opt/gz_utils_vendor:/opt/ros/jazzy/opt/gz_tools_vendor:/opt/ros/jazzy/opt/gz_ogre_next_vendor:/opt/ros/jazzy/opt/gz_dartsim_vendor:/opt/ros/jazzy/opt/gz_cmake_vendor:/opt/ros/jazzy DEBUGINFOD_URLS=https://debuginfod.ubuntu.com LD_LIBRARY_PATH=/home/pharanguren/TFG/mrpt_ws/install/mrpt_msgs/lib:${LD_LIBRARY_PATH} PYTHONPATH=/home/pharanguren/TFG/mrpt_ws/install/mrpt_msgs/lib/python3.12/site-packages:${PYTHONPATH} /usr/bin/cmake /home/pharanguren/TFG/mrpt_ws/src/mrpt_slam/mrpt_graphslam_2d -DAMENT_CMAKE_SYMLINK_INSTALL=1 -DCMAKE_INSTALL_PREFIX=/home/pharanguren/TFG/mrpt_ws/install/mrpt_graphslam_2d
[1.814s] -- The C compiler identification is GNU 13.3.0
[2.410s] -- The CXX compiler identification is GNU 13.3.0
[2.959s] -- Detecting C compiler ABI info
[3.449s] -- Detecting C compiler ABI info - done
[3.470s] -- Check for working C compiler: /usr/bin/cc - skipped
[3.480s] -- Detecting C compile features
[3.493s] -- Detecting C compile features - done
[3.575s] -- Detecting CXX compiler ABI info
[3.774s] -- Detecting CXX compiler ABI info - done
[3.796s] -- Check for working CXX compiler: /usr/bin/c++ - skipped
[3.797s] -- Detecting CXX compile features
[3.798s] -- Detecting CXX compile features - done
[5.111s] -- Found ament_cmake: 2.5.6 (/opt/ros/jazzy/share/ament_cmake/cmake)
[5.622s] -- Found Python3: /usr/bin/python3 (found version "3.12.3") found components: Interpreter 
[6.771s] -- Override CMake install command with custom implementation using symlinks instead of copying resources
[7.360s] -- Found rclcpp: 28.1.21 (/opt/ros/jazzy/share/rclcpp/cmake)
[7.664s] -- Found rosidl_generator_c: 4.6.9 (/opt/ros/jazzy/share/rosidl_generator_c/cmake)
[7.746s] -- Found rosidl_generator_cpp: 4.6.9 (/opt/ros/jazzy/share/rosidl_generator_cpp/cmake)
[8.336s] -- Using all available rosidl_typesupport_c: rosidl_typesupport_fastrtps_c;rosidl_typesupport_introspection_c
[8.575s] -- Using all available rosidl_typesupport_cpp: rosidl_typesupport_fastrtps_cpp;rosidl_typesupport_introspection_cpp
[10.168s] -- Found rmw_implementation_cmake: 7.3.3 (/opt/ros/jazzy/share/rmw_implementation_cmake/cmake)
[10.214s] -- Found rmw_fastrtps_cpp: 8.4.4 (/opt/ros/jazzy/share/rmw_fastrtps_cpp/cmake)
[11.760s] -- Found OpenSSL: /usr/lib/x86_64-linux-gnu/libcrypto.so (found version "3.0.13")  
[12.202s] -- Found FastRTPS: /opt/ros/jazzy/include (Required is at least version "2.13") 
[12.242s] -- Using RMW implementation 'rmw_fastrtps_cpp' as default
[13.894s] -- Found tf2: 0.36.21 (/opt/ros/jazzy/share/tf2/cmake)
[14.149s] -- Found tf2_ros: 0.36.21 (/opt/ros/jazzy/share/tf2_ros/cmake)
[14.731s] -- Found tf2_geometry_msgs: 0.36.21 (/opt/ros/jazzy/share/tf2_geometry_msgs/cmake)
[15.074s] -- Found eigen3_cmake_module: 0.3.1 (/opt/ros/jazzy/share/eigen3_cmake_module/cmake)
[15.174s] -- Found Eigen3: TRUE (found version "3.4.0") 
[15.174s] -- Ensuring Eigen3 include directory is part of orocos-kdl CMake target
[15.326s] -- Found nav_msgs: 5.3.8 (/opt/ros/jazzy/share/nav_msgs/cmake)
[15.475s] -- Found sensor_msgs: 5.3.8 (/opt/ros/jazzy/share/sensor_msgs/cmake)
[15.666s] -- Found visualization_msgs: 5.3.8 (/opt/ros/jazzy/share/visualization_msgs/cmake)
[15.789s] -- Found mrpt_msgs: 0.3.4 (/home/pharanguren/TFG/mrpt_ws/install/mrpt_msgs/share/mrpt_msgs/cmake)
[15.920s] -- Found mrpt_libros_bridge: 3.5.3 (/opt/ros/jazzy/share/mrpt_libros_bridge/cmake)
[16.522s] -- Setting yaml-cpp_DIR to: '/opt/ros/jazzy/share/yaml_cpp_vendor/cmake/../../../opt/yaml_cpp_vendor/share/cmake/yaml-cpp'
[17.184s] -- Found mrpt_msgs_bridge: 2.5.0 (/opt/ros/jazzy/share/mrpt_msgs_bridge/cmake)
[17.289s] -- MRPT GraphSLAM: 2.15.18 from /opt/ros/jazzy/lib/cmake/mrpt-graphslam
[17.321s] -- Found ament_lint_auto: 0.17.5 (/opt/ros/jazzy/share/ament_lint_auto/cmake)
[22.080s] -- Added test 'copyright' to check source files copyright and LICENSE
[22.127s] -- Added test 'cppcheck' to perform static code analysis on C / C++ code
[22.127s] -- Configured cppcheck include dirs: /home/pharanguren/TFG/mrpt_ws/src/mrpt_slam/mrpt_graphslam_2d/include
[22.127s] -- Configured cppcheck exclude dirs and/or files: 
[22.145s] -- Added test 'cpplint' to check C / C++ code against the Google style
[22.145s] -- Configured cpplint exclude dirs and/or files: 
[22.157s] -- Added test 'flake8' to check Python code syntax and style conventions
[22.157s] -- Configured 'flake8' exclude dirs and/or files: 
[22.171s] -- Added test 'lint_cmake' to check CMake code style
[22.175s] -- Added test 'pep257' to check Python code against some of the docstring style conventions in PEP 257
[22.188s] -- Added test 'xmllint' to check XML markup files
[22.192s] -- Configuring done (21.6s)
[22.242s] -- Generating done (0.0s)
[22.242s] [31mCMake Error at /opt/ros/jazzy/share/mrpt_msgs_bridge/cmake/mrpt_msgs_bridgeExport.cmake:61 (set_target_properties):
[22.242s]   The link interface of target "mrpt_msgs_bridge::mrpt_msgs_bridge" contains:
[22.242s] 
[22.242s]     mrpt_msgs::mrpt_msgs_library
[22.242s] 
[22.242s]   but the target was not found.  Possible reasons include:
[22.242s] 
[22.242s]     * There is a typo in the target name.
[22.243s]     * A find_package call is missing for an IMPORTED target.
[22.243s]     * An ALIAS target is missing.
[22.243s] 
[22.243s] Call Stack (most recent call first):
[22.243s]   /opt/ros/jazzy/share/mrpt_msgs_bridge/cmake/ament_cmake_export_targets-extras.cmake:9 (include)
[22.243s]   /opt/ros/jazzy/share/mrpt_msgs_bridge/cmake/mrpt_msgs_bridgeConfig.cmake:41 (include)
[22.243s]   CMakeLists.txt:141 (find_package)
[22.243s] 
[22.244s] [0m
[22.245s] [0mCMake Generate step failed.  Build files cannot be regenerated correctly.[0m
[22.263s] Invoked command in '/home/pharanguren/TFG/mrpt_ws/build/mrpt_graphslam_2d' returned '1': AMENT_PREFIX_PATH=/home/pharanguren/TFG/mrpt_ws/install/mrpt_msgs:${AMENT_PREFIX_PATH} CMAKE_PREFIX_PATH=/home/pharanguren/TFG/mrpt_ws/install/mrpt_msgs:/home/pharanguren/turtlebot4_ws/install/turtlebot4_simulator:/home/pharanguren/turtlebot4_ws/install/turtlebot4_gz_bringup:/home/pharanguren/turtlebot4_ws/install/turtlebot4_node:/home/pharanguren/turtlebot4_ws/install/turtlebot4_navigation:/home/pharanguren/turtlebot4_ws/install/turtlebot4_gz_toolbox:/home/pharanguren/turtlebot4_ws/install/turtlebot4_msgs:/home/pharanguren/turtlebot4_ws/install/turtlebot4_gz_gui_plugins:/home/pharanguren/turtlebot4_ws/install/turtlebot4_description:/opt/ros/jazzy/opt/gz_sim_vendor:/opt/ros/jazzy/opt/gz_sensors_vendor:/opt/ros/jazzy/opt/gz_physics_vendor:/opt/ros/jazzy/opt/sdformat_vendor:/opt/ros/jazzy/opt/gz_gui_vendor:/opt/ros/jazzy/opt/gz_transport_vendor:/opt/ros/jazzy/opt/gz_rendering_vendor:/opt/ros/jazzy/opt/gz_plugin_vendor:/opt/ros/jazzy/opt/gz_fuel_tools_vendor:/opt/ros/jazzy/opt/gz_msgs_vendor:/opt/ros/jazzy/opt/gz_common_vendor:/opt/ros/jazzy/opt/gz_math_vendor:/opt/ros/jazzy/opt/gz_utils_vendor:/opt/ros/jazzy/opt/gz_tools_vendor:/opt/ros/jazzy/opt/gz_ogre_next_vendor:/opt/ros/jazzy/opt/gz_dartsim_vendor:/opt/ros/jazzy/opt/gz_cmake_vendor:/opt/ros/jazzy DEBUGINFOD_URLS=https://debuginfod.ubuntu.com LD_LIBRARY_PATH=/home/pharanguren/TFG/mrpt_ws/install/mrpt_msgs/lib:${LD_LIBRARY_PATH} PYTHONPATH=/home/pharanguren/TFG/mrpt_ws/install/mrpt_msgs/lib/python3.12/site-packages:${PYTHONPATH} /usr/bin/cmake /home/pharanguren/TFG/mrpt_ws/src/mrpt_slam/mrpt_graphslam_2d -DAMENT_CMAKE_SYMLINK_INSTALL=1 -DCMAKE_INSTALL_PREFIX=/home/pharanguren/TFG/mrpt_ws/install/mrpt_graphslam_2d
