[100%] Built target mrpt_rbpf_slam
-- Install configuration: ""
-- Execute custom install script
-- Up-to-date symlink: /home/pharanguren/TFG/mrpt_ws/install/mrpt_rbpf_slam/lib/mrpt_rbpf_slam/mrpt_rbpf_slam
-- Up-to-date symlink: /home/pharanguren/TFG/mrpt_ws/install/mrpt_rbpf_slam/share/mrpt_rbpf_slam/config/default.yaml
-- Up-to-date symlink: /home/pharanguren/TFG/mrpt_ws/install/mrpt_rbpf_slam/share/mrpt_rbpf_slam/config/rosconsole.config
-- Up-to-date symlink: /home/pharanguren/TFG/mrpt_ws/install/mrpt_rbpf_slam/share/mrpt_rbpf_slam/launch/mvsim_slam.launch.py
-- Up-to-date symlink: /home/pharanguren/TFG/mrpt_ws/install/mrpt_rbpf_slam/share/mrpt_rbpf_slam/launch/rbpf_slam.launch.py
-- Up-to-date symlink: /home/pharanguren/TFG/mrpt_ws/install/mrpt_rbpf_slam/share/mrpt_rbpf_slam/launch/rbpf_slam_rawlog.launch.py
-- Up-to-date symlink: /home/pharanguren/TFG/mrpt_ws/install/mrpt_rbpf_slam/share/mrpt_rbpf_slam/launch/rbpf_slam_turtlebot3.launch.py
-- Up-to-date symlink: /home/pharanguren/TFG/mrpt_ws/install/mrpt_rbpf_slam/share/mrpt_rbpf_slam/launch/ro_slam.launch.py
-- Up-to-date symlink: /home/pharanguren/TFG/mrpt_ws/install/mrpt_rbpf_slam/share/mrpt_rbpf_slam/launch/ro_slam_rawlog.launch.py
-- Up-to-date symlink: /home/pharanguren/TFG/mrpt_ws/install/mrpt_rbpf_slam/share/mrpt_rbpf_slam/launch/rviz.launch.py
-- Up-to-date symlink: /home/pharanguren/TFG/mrpt_ws/install/mrpt_rbpf_slam/share/mrpt_rbpf_slam/tutorial/RO-SLAM_demo.ini
-- Up-to-date symlink: /home/pharanguren/TFG/mrpt_ws/install/mrpt_rbpf_slam/share/mrpt_rbpf_slam/tutorial/RO-SLAM_demo.rawlog
-- Up-to-date symlink: /home/pharanguren/TFG/mrpt_ws/install/mrpt_rbpf_slam/share/mrpt_rbpf_slam/tutorial/grid_slam_demo.ini
-- Up-to-date symlink: /home/pharanguren/TFG/mrpt_ws/install/mrpt_rbpf_slam/share/mrpt_rbpf_slam/tutorial/grid_slam_demo.rawlog
-- Up-to-date symlink: /home/pharanguren/TFG/mrpt_ws/install/mrpt_rbpf_slam/share/mrpt_rbpf_slam/tutorial/grid_slam_demo2.rawlog
-- Up-to-date symlink: /home/pharanguren/TFG/mrpt_ws/install/mrpt_rbpf_slam/share/mrpt_rbpf_slam/rviz/rviz_conf.rviz
-- Up-to-date symlink: /home/pharanguren/TFG/mrpt_ws/install/mrpt_rbpf_slam/share/ament_index/resource_index/package_run_dependencies/mrpt_rbpf_slam
-- Up-to-date symlink: /home/pharanguren/TFG/mrpt_ws/install/mrpt_rbpf_slam/share/ament_index/resource_index/parent_prefix_path/mrpt_rbpf_slam
-- Up-to-date symlink: /home/pharanguren/TFG/mrpt_ws/install/mrpt_rbpf_slam/share/mrpt_rbpf_slam/environment/ament_prefix_path.sh
-- Up-to-date symlink: /home/pharanguren/TFG/mrpt_ws/install/mrpt_rbpf_slam/share/mrpt_rbpf_slam/environment/ament_prefix_path.dsv
-- Up-to-date symlink: /home/pharanguren/TFG/mrpt_ws/install/mrpt_rbpf_slam/share/mrpt_rbpf_slam/environment/path.sh
-- Up-to-date symlink: /home/pharanguren/TFG/mrpt_ws/install/mrpt_rbpf_slam/share/mrpt_rbpf_slam/environment/path.dsv
-- Up-to-date symlink: /home/pharanguren/TFG/mrpt_ws/install/mrpt_rbpf_slam/share/mrpt_rbpf_slam/local_setup.bash
-- Up-to-date symlink: /home/pharanguren/TFG/mrpt_ws/install/mrpt_rbpf_slam/share/mrpt_rbpf_slam/local_setup.sh
-- Up-to-date symlink: /home/pharanguren/TFG/mrpt_ws/install/mrpt_rbpf_slam/share/mrpt_rbpf_slam/local_setup.zsh
-- Up-to-date symlink: /home/pharanguren/TFG/mrpt_ws/install/mrpt_rbpf_slam/share/mrpt_rbpf_slam/local_setup.dsv
-- Symlinking: /home/pharanguren/TFG/mrpt_ws/install/mrpt_rbpf_slam/share/mrpt_rbpf_slam/package.dsv
-- Up-to-date symlink: /home/pharanguren/TFG/mrpt_ws/install/mrpt_rbpf_slam/share/ament_index/resource_index/packages/mrpt_rbpf_slam
-- Up-to-date symlink: /home/pharanguren/TFG/mrpt_ws/install/mrpt_rbpf_slam/share/mrpt_rbpf_slam/cmake/mrpt_rbpf_slamConfig.cmake
-- Up-to-date symlink: /home/pharanguren/TFG/mrpt_ws/install/mrpt_rbpf_slam/share/mrpt_rbpf_slam/cmake/mrpt_rbpf_slamConfig-version.cmake
-- Up-to-date symlink: /home/pharanguren/TFG/mrpt_ws/install/mrpt_rbpf_slam/share/mrpt_rbpf_slam/package.xml
