-- The C compiler identification is GNU 13.3.0
-- The CXX compiler identification is GNU 13.3.0
-- Detecting C compiler ABI info
-- Detecting C compiler ABI info - done
-- Check for working C compiler: /usr/bin/cc - skipped
-- Detecting C compile features
-- Detecting C compile features - done
-- Detecting CXX compiler ABI info
-- Detecting CXX compiler ABI info - done
-- Check for working CXX compiler: /usr/bin/c++ - skipped
-- Detecting CXX compile features
-- Detecting CXX compile features - done
-- Found ament_cmake_ros: 0.12.1 (/opt/ros/jazzy/share/ament_cmake_ros/cmake)
-- Found Python3: /usr/bin/python3 (found version "3.12.3") found components: Interpreter 
-- Override CMake install command with custom implementation using symlinks instead of copying resources
-- Found tf2_ros: 0.36.21 (/opt/ros/jazzy/share/tf2_ros/cmake)
-- Found rosidl_generator_c: 4.6.9 (/opt/ros/jazzy/share/rosidl_generator_c/cmake)
-- Found rosidl_generator_cpp: 4.6.9 (/opt/ros/jazzy/share/rosidl_generator_cpp/cmake)
-- Using all available rosidl_typesupport_c: rosidl_typesupport_fastrtps_c;rosidl_typesupport_introspection_c
-- Using all available rosidl_typesupport_cpp: rosidl_typesupport_fastrtps_cpp;rosidl_typesupport_introspection_cpp
-- Found rmw_implementation_cmake: 7.3.3 (/opt/ros/jazzy/share/rmw_implementation_cmake/cmake)
-- Found rmw_fastrtps_cpp: 8.4.4 (/opt/ros/jazzy/share/rmw_fastrtps_cpp/cmake)
-- Found OpenSSL: /usr/lib/x86_64-linux-gnu/libcrypto.so (found version "3.0.13")  
-- Found FastRTPS: /opt/ros/jazzy/include (Required is at least version "2.13") 
-- Using RMW implementation 'rmw_fastrtps_cpp' as default
-- Found tf2_geometry_msgs: 0.36.21 (/opt/ros/jazzy/share/tf2_geometry_msgs/cmake)
-- Found eigen3_cmake_module: 0.3.1 (/opt/ros/jazzy/share/eigen3_cmake_module/cmake)
-- Found Eigen3: TRUE (found version "3.4.0") 
-- Ensuring Eigen3 include directory is part of orocos-kdl CMake target
-- Found nav_msgs: 5.3.8 (/opt/ros/jazzy/share/nav_msgs/cmake)
-- Found sensor_msgs: 5.3.8 (/opt/ros/jazzy/share/sensor_msgs/cmake)
-- Found visualization_msgs: 5.3.8 (/opt/ros/jazzy/share/visualization_msgs/cmake)
-- Found rosbag2: 0.26.11 (/opt/ros/jazzy/share/rosbag2/cmake)
-- Found tf2_sensor_msgs: 0.36.21 (/opt/ros/jazzy/share/tf2_sensor_msgs/cmake)
-- Found ament_lint_auto: 0.17.5 (/opt/ros/jazzy/share/ament_lint_auto/cmake)
-- Added test 'copyright' to check source files copyright and LICENSE
-- Added test 'cppcheck' to perform static code analysis on C / C++ code
-- Configured cppcheck include dirs: /home/pharanguren/TFG/lama_ws/src/iris_lama_ros/include
-- Configured cppcheck exclude dirs and/or files: 
-- Added test 'cpplint' to check C / C++ code against the Google style
-- Configured cpplint exclude dirs and/or files: 
-- Added test 'flake8' to check Python code syntax and style conventions
-- Configured 'flake8' exclude dirs and/or files: 
-- Added test 'lint_cmake' to check CMake code style
-- Added test 'pep257' to check Python code against some of the docstring style conventions in PEP 257
-- Added test 'uncrustify' to check C / C++ code style
-- Configured uncrustify additional arguments: 
-- Added test 'xmllint' to check XML markup files
-- Configuring done (2.1s)
-- Generating done (0.0s)
-- Build files have been written to: /home/pharanguren/TFG/lama_ws/build/iris_lama_ros2
[ 50%] [32mBuilding CXX object src/CMakeFiles/loc2d_ros.dir/loc2d_ros.cpp.o[0m
[ 50%] [32mBuilding CXX object src/CMakeFiles/slam2d_ros.dir/slam2d_ros.cpp.o[0m
[ 50%] [32mBuilding CXX object src/CMakeFiles/pf_slam2d_ros.dir/pf_slam2d_ros.cpp.o[0m
[ 66%] [32m[1mLinking CXX executable slam2d_ros[0m
[ 83%] [32m[1mLinking CXX executable loc2d_ros[0m
[100%] [32m[1mLinking CXX executable pf_slam2d_ros[0m
[100%] Built target slam2d_ros
[100%] Built target loc2d_ros
[100%] Built target pf_slam2d_ros
-- Install configuration: ""
-- Execute custom install script
-- Symlinking: /home/pharanguren/TFG/lama_ws/install/iris_lama_ros2/lib/iris_lama_ros2/loc2d_ros
-- Symlinking: /home/pharanguren/TFG/lama_ws/install/iris_lama_ros2/lib/iris_lama_ros2/pf_slam2d_ros
-- Symlinking: /home/pharanguren/TFG/lama_ws/install/iris_lama_ros2/lib/iris_lama_ros2/slam2d_ros
-- Symlinking: /home/pharanguren/TFG/lama_ws/install/iris_lama_ros2/share/iris_lama_ros2//launch/loc2d_launch.py
-- Symlinking: /home/pharanguren/TFG/lama_ws/install/iris_lama_ros2/share/iris_lama_ros2//launch/pf_slam2d_live_launch.py
-- Symlinking: /home/pharanguren/TFG/lama_ws/install/iris_lama_ros2/share/iris_lama_ros2//launch/pf_slam2d_offline_launch.py
-- Symlinking: /home/pharanguren/TFG/lama_ws/install/iris_lama_ros2/share/iris_lama_ros2//launch/slam2d_live_launch.py
-- Symlinking: /home/pharanguren/TFG/lama_ws/install/iris_lama_ros2/share/iris_lama_ros2//launch/slam2d_offline_launch.py
-- Symlinking: /home/pharanguren/TFG/lama_ws/install/iris_lama_ros2/share/iris_lama_ros2//config/live.yaml
-- Symlinking: /home/pharanguren/TFG/lama_ws/install/iris_lama_ros2/share/iris_lama_ros2//config/offline_mode.yaml
-- Symlinking: /home/pharanguren/TFG/lama_ws/install/iris_lama_ros2/share/ament_index/resource_index/package_run_dependencies/iris_lama_ros2
-- Symlinking: /home/pharanguren/TFG/lama_ws/install/iris_lama_ros2/share/ament_index/resource_index/parent_prefix_path/iris_lama_ros2
-- Symlinking: /home/pharanguren/TFG/lama_ws/install/iris_lama_ros2/share/iris_lama_ros2/environment/ament_prefix_path.sh
-- Symlinking: /home/pharanguren/TFG/lama_ws/install/iris_lama_ros2/share/iris_lama_ros2/environment/ament_prefix_path.dsv
-- Symlinking: /home/pharanguren/TFG/lama_ws/install/iris_lama_ros2/share/iris_lama_ros2/environment/path.sh
-- Symlinking: /home/pharanguren/TFG/lama_ws/install/iris_lama_ros2/share/iris_lama_ros2/environment/path.dsv
-- Symlinking: /home/pharanguren/TFG/lama_ws/install/iris_lama_ros2/share/iris_lama_ros2/local_setup.bash
-- Symlinking: /home/pharanguren/TFG/lama_ws/install/iris_lama_ros2/share/iris_lama_ros2/local_setup.sh
-- Symlinking: /home/pharanguren/TFG/lama_ws/install/iris_lama_ros2/share/iris_lama_ros2/local_setup.zsh
-- Symlinking: /home/pharanguren/TFG/lama_ws/install/iris_lama_ros2/share/iris_lama_ros2/local_setup.dsv
-- Symlinking: /home/pharanguren/TFG/lama_ws/install/iris_lama_ros2/share/iris_lama_ros2/package.dsv
-- Symlinking: /home/pharanguren/TFG/lama_ws/install/iris_lama_ros2/share/ament_index/resource_index/packages/iris_lama_ros2
-- Symlinking: /home/pharanguren/TFG/lama_ws/install/iris_lama_ros2/share/iris_lama_ros2/cmake/iris_lama_ros2Config.cmake
-- Symlinking: /home/pharanguren/TFG/lama_ws/install/iris_lama_ros2/share/iris_lama_ros2/cmake/iris_lama_ros2Config-version.cmake
-- Symlinking: /home/pharanguren/TFG/lama_ws/install/iris_lama_ros2/share/iris_lama_ros2/package.xml
