[0.015s] Invoking command in '/home/pharanguren/TFG/lama_ws/build/iris_lama_ros2': CMAKE_PREFIX_PATH=/home/pharanguren/TFG/lama_ws/install/iris_lama:/home/pharanguren/turtlebot4_ws/install/turtlebot4_simulator:/home/pharanguren/turtlebot4_ws/install/turtlebot4_gz_bringup:/home/pharanguren/turtlebot4_ws/install/turtlebot4_node:/home/pharanguren/turtlebot4_ws/install/turtlebot4_navigation:/home/pharanguren/turtlebot4_ws/install/turtlebot4_gz_toolbox:/home/pharanguren/turtlebot4_ws/install/turtlebot4_msgs:/home/pharanguren/turtlebot4_ws/install/turtlebot4_gz_gui_plugins:/home/pharanguren/turtlebot4_ws/install/turtlebot4_description:/opt/ros/jazzy/opt/gz_sim_vendor:/opt/ros/jazzy/opt/gz_sensors_vendor:/opt/ros/jazzy/opt/gz_physics_vendor:/opt/ros/jazzy/opt/sdformat_vendor:/opt/ros/jazzy/opt/gz_gui_vendor:/opt/ros/jazzy/opt/gz_transport_vendor:/opt/ros/jazzy/opt/gz_rendering_vendor:/opt/ros/jazzy/opt/gz_plugin_vendor:/opt/ros/jazzy/opt/gz_fuel_tools_vendor:/opt/ros/jazzy/opt/gz_msgs_vendor:/opt/ros/jazzy/opt/gz_common_vendor:/opt/ros/jazzy/opt/gz_math_vendor:/opt/ros/jazzy/opt/gz_utils_vendor:/opt/ros/jazzy/opt/gz_tools_vendor:/opt/ros/jazzy/opt/gz_ogre_next_vendor:/opt/ros/jazzy/opt/gz_dartsim_vendor:/opt/ros/jazzy/opt/gz_cmake_vendor:/opt/ros/jazzy DEBUGINFOD_URLS=https://debuginfod.ubuntu.com PKG_CONFIG_PATH=/home/pharanguren/TFG/lama_ws/install/iris_lama/lib/x86_64-linux-gnu/pkgconfig:/home/pharanguren/TFG/lama_ws/install/iris_lama/lib/pkgconfig /usr/bin/cmake /home/pharanguren/TFG/lama_ws/src/iris_lama_ros -DAMENT_CMAKE_SYMLINK_INSTALL=1 -DCMAKE_INSTALL_PREFIX=/home/pharanguren/TFG/lama_ws/install/iris_lama_ros2
[0.078s] -- The C compiler identification is GNU 13.3.0
[0.139s] -- The CXX compiler identification is GNU 13.3.0
[0.158s] -- Detecting C compiler ABI info
[0.265s] -- Detecting C compiler ABI info - done
[0.275s] -- Check for working C compiler: /usr/bin/cc - skipped
[0.275s] -- Detecting C compile features
[0.276s] -- Detecting C compile features - done
[0.285s] -- Detecting CXX compiler ABI info
[0.394s] -- Detecting CXX compiler ABI info - done
[0.404s] -- Check for working CXX compiler: /usr/bin/c++ - skipped
[0.405s] -- Detecting CXX compile features
[0.405s] -- Detecting CXX compile features - done
[0.420s] -- Found ament_cmake_ros: 0.12.1 (/opt/ros/jazzy/share/ament_cmake_ros/cmake)
[0.660s] -- Found Python3: /usr/bin/python3 (found version "3.12.3") found components: Interpreter 
[0.745s] -- Override CMake install command with custom implementation using symlinks instead of copying resources
[0.832s] -- Found tf2_ros: 0.36.21 (/opt/ros/jazzy/share/tf2_ros/cmake)
[0.907s] -- Found rosidl_generator_c: 4.6.9 (/opt/ros/jazzy/share/rosidl_generator_c/cmake)
[0.931s] -- Found rosidl_generator_cpp: 4.6.9 (/opt/ros/jazzy/share/rosidl_generator_cpp/cmake)
[0.960s] -- Using all available rosidl_typesupport_c: rosidl_typesupport_fastrtps_c;rosidl_typesupport_introspection_c
[0.988s] -- Using all available rosidl_typesupport_cpp: rosidl_typesupport_fastrtps_cpp;rosidl_typesupport_introspection_cpp
[1.174s] -- Found rmw_implementation_cmake: 7.3.3 (/opt/ros/jazzy/share/rmw_implementation_cmake/cmake)
[1.181s] -- Found rmw_fastrtps_cpp: 8.4.4 (/opt/ros/jazzy/share/rmw_fastrtps_cpp/cmake)
[1.291s] -- Found OpenSSL: /usr/lib/x86_64-linux-gnu/libcrypto.so (found version "3.0.13")  
[1.327s] -- Found FastRTPS: /opt/ros/jazzy/include (Required is at least version "2.13") 
[1.357s] -- Using RMW implementation 'rmw_fastrtps_cpp' as default
[1.631s] -- Found tf2_geometry_msgs: 0.36.21 (/opt/ros/jazzy/share/tf2_geometry_msgs/cmake)
[1.710s] -- Found eigen3_cmake_module: 0.3.1 (/opt/ros/jazzy/share/eigen3_cmake_module/cmake)
[1.712s] -- Found Eigen3: TRUE (found version "3.4.0") 
[1.712s] -- Ensuring Eigen3 include directory is part of orocos-kdl CMake target
[1.718s] -- Found nav_msgs: 5.3.8 (/opt/ros/jazzy/share/nav_msgs/cmake)
[1.754s] -- Found sensor_msgs: 5.3.8 (/opt/ros/jazzy/share/sensor_msgs/cmake)
[1.786s] -- Found visualization_msgs: 5.3.8 (/opt/ros/jazzy/share/visualization_msgs/cmake)
[1.873s] -- Found rosbag2: 0.26.11 (/opt/ros/jazzy/share/rosbag2/cmake)
[1.894s] -- Found tf2_sensor_msgs: 0.36.21 (/opt/ros/jazzy/share/tf2_sensor_msgs/cmake)
[1.905s] -- Found ament_lint_auto: 0.17.5 (/opt/ros/jazzy/share/ament_lint_auto/cmake)
[2.084s] -- Added test 'copyright' to check source files copyright and LICENSE
[2.088s] -- Added test 'cppcheck' to perform static code analysis on C / C++ code
[2.088s] -- Configured cppcheck include dirs: /home/pharanguren/TFG/lama_ws/src/iris_lama_ros/include
[2.089s] -- Configured cppcheck exclude dirs and/or files: 
[2.093s] -- Added test 'cpplint' to check C / C++ code against the Google style
[2.093s] -- Configured cpplint exclude dirs and/or files: 
[2.094s] -- Added test 'flake8' to check Python code syntax and style conventions
[2.094s] -- Configured 'flake8' exclude dirs and/or files: 
[2.096s] -- Added test 'lint_cmake' to check CMake code style
[2.097s] -- Added test 'pep257' to check Python code against some of the docstring style conventions in PEP 257
[2.110s] -- Added test 'uncrustify' to check C / C++ code style
[2.111s] -- Configured uncrustify additional arguments: 
[2.112s] -- Added test 'xmllint' to check XML markup files
[2.114s] -- Configuring done (2.1s)
[2.160s] -- Generating done (0.0s)
[2.168s] -- Build files have been written to: /home/pharanguren/TFG/lama_ws/build/iris_lama_ros2
[2.182s] Invoked command in '/home/pharanguren/TFG/lama_ws/build/iris_lama_ros2' returned '0': CMAKE_PREFIX_PATH=/home/pharanguren/TFG/lama_ws/install/iris_lama:/home/pharanguren/turtlebot4_ws/install/turtlebot4_simulator:/home/pharanguren/turtlebot4_ws/install/turtlebot4_gz_bringup:/home/pharanguren/turtlebot4_ws/install/turtlebot4_node:/home/pharanguren/turtlebot4_ws/install/turtlebot4_navigation:/home/pharanguren/turtlebot4_ws/install/turtlebot4_gz_toolbox:/home/pharanguren/turtlebot4_ws/install/turtlebot4_msgs:/home/pharanguren/turtlebot4_ws/install/turtlebot4_gz_gui_plugins:/home/pharanguren/turtlebot4_ws/install/turtlebot4_description:/opt/ros/jazzy/opt/gz_sim_vendor:/opt/ros/jazzy/opt/gz_sensors_vendor:/opt/ros/jazzy/opt/gz_physics_vendor:/opt/ros/jazzy/opt/sdformat_vendor:/opt/ros/jazzy/opt/gz_gui_vendor:/opt/ros/jazzy/opt/gz_transport_vendor:/opt/ros/jazzy/opt/gz_rendering_vendor:/opt/ros/jazzy/opt/gz_plugin_vendor:/opt/ros/jazzy/opt/gz_fuel_tools_vendor:/opt/ros/jazzy/opt/gz_msgs_vendor:/opt/ros/jazzy/opt/gz_common_vendor:/opt/ros/jazzy/opt/gz_math_vendor:/opt/ros/jazzy/opt/gz_utils_vendor:/opt/ros/jazzy/opt/gz_tools_vendor:/opt/ros/jazzy/opt/gz_ogre_next_vendor:/opt/ros/jazzy/opt/gz_dartsim_vendor:/opt/ros/jazzy/opt/gz_cmake_vendor:/opt/ros/jazzy DEBUGINFOD_URLS=https://debuginfod.ubuntu.com PKG_CONFIG_PATH=/home/pharanguren/TFG/lama_ws/install/iris_lama/lib/x86_64-linux-gnu/pkgconfig:/home/pharanguren/TFG/lama_ws/install/iris_lama/lib/pkgconfig /usr/bin/cmake /home/pharanguren/TFG/lama_ws/src/iris_lama_ros -DAMENT_CMAKE_SYMLINK_INSTALL=1 -DCMAKE_INSTALL_PREFIX=/home/pharanguren/TFG/lama_ws/install/iris_lama_ros2
[2.183s] Invoking command in '/home/pharanguren/TFG/lama_ws/build/iris_lama_ros2': CMAKE_PREFIX_PATH=/home/pharanguren/TFG/lama_ws/install/iris_lama:/home/pharanguren/turtlebot4_ws/install/turtlebot4_simulator:/home/pharanguren/turtlebot4_ws/install/turtlebot4_gz_bringup:/home/pharanguren/turtlebot4_ws/install/turtlebot4_node:/home/pharanguren/turtlebot4_ws/install/turtlebot4_navigation:/home/pharanguren/turtlebot4_ws/install/turtlebot4_gz_toolbox:/home/pharanguren/turtlebot4_ws/install/turtlebot4_msgs:/home/pharanguren/turtlebot4_ws/install/turtlebot4_gz_gui_plugins:/home/pharanguren/turtlebot4_ws/install/turtlebot4_description:/opt/ros/jazzy/opt/gz_sim_vendor:/opt/ros/jazzy/opt/gz_sensors_vendor:/opt/ros/jazzy/opt/gz_physics_vendor:/opt/ros/jazzy/opt/sdformat_vendor:/opt/ros/jazzy/opt/gz_gui_vendor:/opt/ros/jazzy/opt/gz_transport_vendor:/opt/ros/jazzy/opt/gz_rendering_vendor:/opt/ros/jazzy/opt/gz_plugin_vendor:/opt/ros/jazzy/opt/gz_fuel_tools_vendor:/opt/ros/jazzy/opt/gz_msgs_vendor:/opt/ros/jazzy/opt/gz_common_vendor:/opt/ros/jazzy/opt/gz_math_vendor:/opt/ros/jazzy/opt/gz_utils_vendor:/opt/ros/jazzy/opt/gz_tools_vendor:/opt/ros/jazzy/opt/gz_ogre_next_vendor:/opt/ros/jazzy/opt/gz_dartsim_vendor:/opt/ros/jazzy/opt/gz_cmake_vendor:/opt/ros/jazzy DEBUGINFOD_URLS=https://debuginfod.ubuntu.com PKG_CONFIG_PATH=/home/pharanguren/TFG/lama_ws/install/iris_lama/lib/x86_64-linux-gnu/pkgconfig:/home/pharanguren/TFG/lama_ws/install/iris_lama/lib/pkgconfig /usr/bin/cmake --build /home/pharanguren/TFG/lama_ws/build/iris_lama_ros2 -- -j12 -l12
[2.246s] [ 50%] [32mBuilding CXX object src/CMakeFiles/loc2d_ros.dir/loc2d_ros.cpp.o[0m
[2.246s] [ 50%] [32mBuilding CXX object src/CMakeFiles/slam2d_ros.dir/slam2d_ros.cpp.o[0m
[2.246s] [ 50%] [32mBuilding CXX object src/CMakeFiles/pf_slam2d_ros.dir/pf_slam2d_ros.cpp.o[0m
[23.339s] [ 66%] [32m[1mLinking CXX executable slam2d_ros[0m
[24.615s] [ 83%] [32m[1mLinking CXX executable loc2d_ros[0m
[25.426s] [100%] [32m[1mLinking CXX executable pf_slam2d_ros[0m
[26.938s] [100%] Built target slam2d_ros
[27.490s] [100%] Built target loc2d_ros
[27.979s] [100%] Built target pf_slam2d_ros
[27.991s] Invoked command in '/home/pharanguren/TFG/lama_ws/build/iris_lama_ros2' returned '0': CMAKE_PREFIX_PATH=/home/pharanguren/TFG/lama_ws/install/iris_lama:/home/pharanguren/turtlebot4_ws/install/turtlebot4_simulator:/home/pharanguren/turtlebot4_ws/install/turtlebot4_gz_bringup:/home/pharanguren/turtlebot4_ws/install/turtlebot4_node:/home/pharanguren/turtlebot4_ws/install/turtlebot4_navigation:/home/pharanguren/turtlebot4_ws/install/turtlebot4_gz_toolbox:/home/pharanguren/turtlebot4_ws/install/turtlebot4_msgs:/home/pharanguren/turtlebot4_ws/install/turtlebot4_gz_gui_plugins:/home/pharanguren/turtlebot4_ws/install/turtlebot4_description:/opt/ros/jazzy/opt/gz_sim_vendor:/opt/ros/jazzy/opt/gz_sensors_vendor:/opt/ros/jazzy/opt/gz_physics_vendor:/opt/ros/jazzy/opt/sdformat_vendor:/opt/ros/jazzy/opt/gz_gui_vendor:/opt/ros/jazzy/opt/gz_transport_vendor:/opt/ros/jazzy/opt/gz_rendering_vendor:/opt/ros/jazzy/opt/gz_plugin_vendor:/opt/ros/jazzy/opt/gz_fuel_tools_vendor:/opt/ros/jazzy/opt/gz_msgs_vendor:/opt/ros/jazzy/opt/gz_common_vendor:/opt/ros/jazzy/opt/gz_math_vendor:/opt/ros/jazzy/opt/gz_utils_vendor:/opt/ros/jazzy/opt/gz_tools_vendor:/opt/ros/jazzy/opt/gz_ogre_next_vendor:/opt/ros/jazzy/opt/gz_dartsim_vendor:/opt/ros/jazzy/opt/gz_cmake_vendor:/opt/ros/jazzy DEBUGINFOD_URLS=https://debuginfod.ubuntu.com PKG_CONFIG_PATH=/home/pharanguren/TFG/lama_ws/install/iris_lama/lib/x86_64-linux-gnu/pkgconfig:/home/pharanguren/TFG/lama_ws/install/iris_lama/lib/pkgconfig /usr/bin/cmake --build /home/pharanguren/TFG/lama_ws/build/iris_lama_ros2 -- -j12 -l12
[27.993s] Invoking command in '/home/pharanguren/TFG/lama_ws/build/iris_lama_ros2': CMAKE_PREFIX_PATH=/home/pharanguren/TFG/lama_ws/install/iris_lama:/home/pharanguren/turtlebot4_ws/install/turtlebot4_simulator:/home/pharanguren/turtlebot4_ws/install/turtlebot4_gz_bringup:/home/pharanguren/turtlebot4_ws/install/turtlebot4_node:/home/pharanguren/turtlebot4_ws/install/turtlebot4_navigation:/home/pharanguren/turtlebot4_ws/install/turtlebot4_gz_toolbox:/home/pharanguren/turtlebot4_ws/install/turtlebot4_msgs:/home/pharanguren/turtlebot4_ws/install/turtlebot4_gz_gui_plugins:/home/pharanguren/turtlebot4_ws/install/turtlebot4_description:/opt/ros/jazzy/opt/gz_sim_vendor:/opt/ros/jazzy/opt/gz_sensors_vendor:/opt/ros/jazzy/opt/gz_physics_vendor:/opt/ros/jazzy/opt/sdformat_vendor:/opt/ros/jazzy/opt/gz_gui_vendor:/opt/ros/jazzy/opt/gz_transport_vendor:/opt/ros/jazzy/opt/gz_rendering_vendor:/opt/ros/jazzy/opt/gz_plugin_vendor:/opt/ros/jazzy/opt/gz_fuel_tools_vendor:/opt/ros/jazzy/opt/gz_msgs_vendor:/opt/ros/jazzy/opt/gz_common_vendor:/opt/ros/jazzy/opt/gz_math_vendor:/opt/ros/jazzy/opt/gz_utils_vendor:/opt/ros/jazzy/opt/gz_tools_vendor:/opt/ros/jazzy/opt/gz_ogre_next_vendor:/opt/ros/jazzy/opt/gz_dartsim_vendor:/opt/ros/jazzy/opt/gz_cmake_vendor:/opt/ros/jazzy DEBUGINFOD_URLS=https://debuginfod.ubuntu.com PKG_CONFIG_PATH=/home/pharanguren/TFG/lama_ws/install/iris_lama/lib/x86_64-linux-gnu/pkgconfig:/home/pharanguren/TFG/lama_ws/install/iris_lama/lib/pkgconfig /usr/bin/cmake --install /home/pharanguren/TFG/lama_ws/build/iris_lama_ros2
[28.001s] -- Install configuration: ""
[28.002s] -- Execute custom install script
[28.002s] -- Symlinking: /home/pharanguren/TFG/lama_ws/install/iris_lama_ros2/lib/iris_lama_ros2/loc2d_ros
[28.012s] -- Symlinking: /home/pharanguren/TFG/lama_ws/install/iris_lama_ros2/lib/iris_lama_ros2/pf_slam2d_ros
[28.027s] -- Symlinking: /home/pharanguren/TFG/lama_ws/install/iris_lama_ros2/lib/iris_lama_ros2/slam2d_ros
[28.038s] -- Symlinking: /home/pharanguren/TFG/lama_ws/install/iris_lama_ros2/share/iris_lama_ros2//launch/loc2d_launch.py
[28.049s] -- Symlinking: /home/pharanguren/TFG/lama_ws/install/iris_lama_ros2/share/iris_lama_ros2//launch/pf_slam2d_live_launch.py
[28.060s] -- Symlinking: /home/pharanguren/TFG/lama_ws/install/iris_lama_ros2/share/iris_lama_ros2//launch/pf_slam2d_offline_launch.py
[28.069s] -- Symlinking: /home/pharanguren/TFG/lama_ws/install/iris_lama_ros2/share/iris_lama_ros2//launch/slam2d_live_launch.py
[28.080s] -- Symlinking: /home/pharanguren/TFG/lama_ws/install/iris_lama_ros2/share/iris_lama_ros2//launch/slam2d_offline_launch.py
[28.091s] -- Symlinking: /home/pharanguren/TFG/lama_ws/install/iris_lama_ros2/share/iris_lama_ros2//config/live.yaml
[28.101s] -- Symlinking: /home/pharanguren/TFG/lama_ws/install/iris_lama_ros2/share/iris_lama_ros2//config/offline_mode.yaml
[28.111s] -- Symlinking: /home/pharanguren/TFG/lama_ws/install/iris_lama_ros2/share/ament_index/resource_index/package_run_dependencies/iris_lama_ros2
[28.126s] -- Symlinking: /home/pharanguren/TFG/lama_ws/install/iris_lama_ros2/share/ament_index/resource_index/parent_prefix_path/iris_lama_ros2
[28.138s] -- Symlinking: /home/pharanguren/TFG/lama_ws/install/iris_lama_ros2/share/iris_lama_ros2/environment/ament_prefix_path.sh
[28.150s] -- Symlinking: /home/pharanguren/TFG/lama_ws/install/iris_lama_ros2/share/iris_lama_ros2/environment/ament_prefix_path.dsv
[28.162s] -- Symlinking: /home/pharanguren/TFG/lama_ws/install/iris_lama_ros2/share/iris_lama_ros2/environment/path.sh
[28.174s] -- Symlinking: /home/pharanguren/TFG/lama_ws/install/iris_lama_ros2/share/iris_lama_ros2/environment/path.dsv
[28.185s] -- Symlinking: /home/pharanguren/TFG/lama_ws/install/iris_lama_ros2/share/iris_lama_ros2/local_setup.bash
[28.195s] -- Symlinking: /home/pharanguren/TFG/lama_ws/install/iris_lama_ros2/share/iris_lama_ros2/local_setup.sh
[28.208s] -- Symlinking: /home/pharanguren/TFG/lama_ws/install/iris_lama_ros2/share/iris_lama_ros2/local_setup.zsh
[28.223s] -- Symlinking: /home/pharanguren/TFG/lama_ws/install/iris_lama_ros2/share/iris_lama_ros2/local_setup.dsv
[28.234s] -- Symlinking: /home/pharanguren/TFG/lama_ws/install/iris_lama_ros2/share/iris_lama_ros2/package.dsv
[28.244s] -- Symlinking: /home/pharanguren/TFG/lama_ws/install/iris_lama_ros2/share/ament_index/resource_index/packages/iris_lama_ros2
[28.254s] -- Symlinking: /home/pharanguren/TFG/lama_ws/install/iris_lama_ros2/share/iris_lama_ros2/cmake/iris_lama_ros2Config.cmake
[28.264s] -- Symlinking: /home/pharanguren/TFG/lama_ws/install/iris_lama_ros2/share/iris_lama_ros2/cmake/iris_lama_ros2Config-version.cmake
[28.274s] -- Symlinking: /home/pharanguren/TFG/lama_ws/install/iris_lama_ros2/share/iris_lama_ros2/package.xml
[28.286s] Invoked command in '/home/pharanguren/TFG/lama_ws/build/iris_lama_ros2' returned '0': CMAKE_PREFIX_PATH=/home/pharanguren/TFG/lama_ws/install/iris_lama:/home/pharanguren/turtlebot4_ws/install/turtlebot4_simulator:/home/pharanguren/turtlebot4_ws/install/turtlebot4_gz_bringup:/home/pharanguren/turtlebot4_ws/install/turtlebot4_node:/home/pharanguren/turtlebot4_ws/install/turtlebot4_navigation:/home/pharanguren/turtlebot4_ws/install/turtlebot4_gz_toolbox:/home/pharanguren/turtlebot4_ws/install/turtlebot4_msgs:/home/pharanguren/turtlebot4_ws/install/turtlebot4_gz_gui_plugins:/home/pharanguren/turtlebot4_ws/install/turtlebot4_description:/opt/ros/jazzy/opt/gz_sim_vendor:/opt/ros/jazzy/opt/gz_sensors_vendor:/opt/ros/jazzy/opt/gz_physics_vendor:/opt/ros/jazzy/opt/sdformat_vendor:/opt/ros/jazzy/opt/gz_gui_vendor:/opt/ros/jazzy/opt/gz_transport_vendor:/opt/ros/jazzy/opt/gz_rendering_vendor:/opt/ros/jazzy/opt/gz_plugin_vendor:/opt/ros/jazzy/opt/gz_fuel_tools_vendor:/opt/ros/jazzy/opt/gz_msgs_vendor:/opt/ros/jazzy/opt/gz_common_vendor:/opt/ros/jazzy/opt/gz_math_vendor:/opt/ros/jazzy/opt/gz_utils_vendor:/opt/ros/jazzy/opt/gz_tools_vendor:/opt/ros/jazzy/opt/gz_ogre_next_vendor:/opt/ros/jazzy/opt/gz_dartsim_vendor:/opt/ros/jazzy/opt/gz_cmake_vendor:/opt/ros/jazzy DEBUGINFOD_URLS=https://debuginfod.ubuntu.com PKG_CONFIG_PATH=/home/pharanguren/TFG/lama_ws/install/iris_lama/lib/x86_64-linux-gnu/pkgconfig:/home/pharanguren/TFG/lama_ws/install/iris_lama/lib/pkgconfig /usr/bin/cmake --install /home/pharanguren/TFG/lama_ws/build/iris_lama_ros2
