[0.031s] Invoking command in '/home/pharanguren/TFG/mrpt_ws/build/mrpt_icp_slam_2d': CMAKE_PREFIX_PATH=${CMAKE_PREFIX_PATH}:/opt/ros/jazzy DEBUGINFOD_URLS=https://debuginfod.ubuntu.com /usr/bin/cmake /home/pharanguren/TFG/mrpt_ws/src/mrpt_slam/mrpt_icp_slam_2d -DAMENT_CMAKE_SYMLINK_INSTALL=1 -DCMAKE_INSTALL_PREFIX=/home/pharanguren/TFG/mrpt_ws/install/mrpt_icp_slam_2d
[0.158s] -- The C compiler identification is GNU 13.3.0
[0.288s] -- The CXX compiler identification is GNU 13.3.0
[0.327s] -- Detecting C compiler ABI info
[0.504s] -- Detecting C compiler ABI info - done
[0.522s] -- Check for working C compiler: /usr/bin/cc - skipped
[0.522s] -- Detecting C compile features
[0.523s] -- Detecting C compile features - done
[0.539s] -- Detecting CXX compiler ABI info
[0.729s] -- Detecting CXX compiler ABI info - done
[0.746s] -- Check for working CXX compiler: /usr/bin/c++ - skipped
[0.747s] -- Detecting CXX compile features
[0.748s] -- Detecting CXX compile features - done
[0.757s] -- Found ament_cmake: 2.5.6 (/opt/ros/jazzy/share/ament_cmake/cmake)
[1.106s] -- Found Python3: /usr/bin/python3 (found version "3.12.3") found components: Interpreter 
[1.262s] -- Override CMake install command with custom implementation using symlinks instead of copying resources
[1.361s] -- Found rclcpp: 28.1.21 (/opt/ros/jazzy/share/rclcpp/cmake)
[1.466s] -- Found rosidl_generator_c: 4.6.9 (/opt/ros/jazzy/share/rosidl_generator_c/cmake)
[1.504s] -- Found rosidl_generator_cpp: 4.6.9 (/opt/ros/jazzy/share/rosidl_generator_cpp/cmake)
[1.546s] -- Using all available rosidl_typesupport_c: rosidl_typesupport_fastrtps_c;rosidl_typesupport_introspection_c
[1.588s] -- Using all available rosidl_typesupport_cpp: rosidl_typesupport_fastrtps_cpp;rosidl_typesupport_introspection_cpp
[1.750s] -- Found rmw_implementation_cmake: 7.3.3 (/opt/ros/jazzy/share/rmw_implementation_cmake/cmake)
[1.758s] -- Found rmw_fastrtps_cpp: 8.4.4 (/opt/ros/jazzy/share/rmw_fastrtps_cpp/cmake)
[1.931s] -- Found OpenSSL: /usr/lib/x86_64-linux-gnu/libcrypto.so (found version "3.0.13")  
[1.985s] -- Found FastRTPS: /opt/ros/jazzy/include (Required is at least version "2.13") 
[2.030s] -- Using RMW implementation 'rmw_fastrtps_cpp' as default
[2.219s] -- Found rclcpp_components: 28.1.21 (/opt/ros/jazzy/share/rclcpp_components/cmake)
[2.299s] -- Found tf2: 0.36.21 (/opt/ros/jazzy/share/tf2/cmake)
[2.376s] -- Found tf2_ros: 0.36.21 (/opt/ros/jazzy/share/tf2_ros/cmake)
[2.571s] -- Found tf2_geometry_msgs: 0.36.21 (/opt/ros/jazzy/share/tf2_geometry_msgs/cmake)
[2.619s] -- Found eigen3_cmake_module: 0.3.1 (/opt/ros/jazzy/share/eigen3_cmake_module/cmake)
[2.621s] -- Found Eigen3: TRUE (found version "3.4.0") 
[2.621s] -- Ensuring Eigen3 include directory is part of orocos-kdl CMake target
[2.634s] -- Found nav_msgs: 5.3.8 (/opt/ros/jazzy/share/nav_msgs/cmake)
[2.704s] -- Found sensor_msgs: 5.3.8 (/opt/ros/jazzy/share/sensor_msgs/cmake)
[2.757s] -- Found visualization_msgs: 5.3.8 (/opt/ros/jazzy/share/visualization_msgs/cmake)
[2.902s] -- Performing Test CMAKE_HAVE_LIBC_PTHREAD
[3.080s] -- Performing Test CMAKE_HAVE_LIBC_PTHREAD - Success
[3.082s] -- Found Threads: TRUE  
[3.200s] -- Found mrpt_libros_bridge: 3.5.3 (/opt/ros/jazzy/share/mrpt_libros_bridge/cmake)
[3.467s] -- Setting yaml-cpp_DIR to: '/opt/ros/jazzy/share/yaml_cpp_vendor/cmake/../../../opt/yaml_cpp_vendor/share/cmake/yaml-cpp'
[3.489s] -- Found ament_lint_auto: 0.17.5 (/opt/ros/jazzy/share/ament_lint_auto/cmake)
[3.517s] -- Found ament_cmake_pytest: 2.5.6 (/opt/ros/jazzy/share/ament_cmake_pytest/cmake)
[3.552s] -- Found launch_testing_ament_cmake: 3.4.11 (/opt/ros/jazzy/share/launch_testing_ament_cmake/cmake)
[3.585s] -- Found python_cmake_module: 0.11.1 (/opt/ros/jazzy/share/python_cmake_module/cmake)
[3.833s] -- Found PythonExtra: /usr/bin/python3  
[7.370s] -- Added test 'copyright' to check source files copyright and LICENSE
[7.374s] -- Added test 'cppcheck' to perform static code analysis on C / C++ code
[7.374s] -- Configured cppcheck include dirs: /home/pharanguren/TFG/mrpt_ws/src/mrpt_slam/mrpt_icp_slam_2d/include
[7.375s] -- Configured cppcheck exclude dirs and/or files: 
[7.392s] -- Added test 'cpplint' to check C / C++ code against the Google style
[7.392s] -- Configured cpplint exclude dirs and/or files: 
[7.396s] -- Added test 'flake8' to check Python code syntax and style conventions
[7.396s] -- Configured 'flake8' exclude dirs and/or files: 
[7.399s] -- Added test 'lint_cmake' to check CMake code style
[7.401s] -- Added test 'pep257' to check Python code against some of the docstring style conventions in PEP 257
[7.404s] -- Added test 'xmllint' to check XML markup files
[7.410s] -- Configuring done (7.4s)
[7.480s] -- Generating done (0.0s)
[7.545s] -- Build files have been written to: /home/pharanguren/TFG/mrpt_ws/build/mrpt_icp_slam_2d
[7.575s] Invoked command in '/home/pharanguren/TFG/mrpt_ws/build/mrpt_icp_slam_2d' returned '0': CMAKE_PREFIX_PATH=${CMAKE_PREFIX_PATH}:/opt/ros/jazzy DEBUGINFOD_URLS=https://debuginfod.ubuntu.com /usr/bin/cmake /home/pharanguren/TFG/mrpt_ws/src/mrpt_slam/mrpt_icp_slam_2d -DAMENT_CMAKE_SYMLINK_INSTALL=1 -DCMAKE_INSTALL_PREFIX=/home/pharanguren/TFG/mrpt_ws/install/mrpt_icp_slam_2d
[7.579s] Invoking command in '/home/pharanguren/TFG/mrpt_ws/build/mrpt_icp_slam_2d': CMAKE_PREFIX_PATH=${CMAKE_PREFIX_PATH}:/opt/ros/jazzy DEBUGINFOD_URLS=https://debuginfod.ubuntu.com /usr/bin/cmake --build /home/pharanguren/TFG/mrpt_ws/build/mrpt_icp_slam_2d -- -j12 -l12
[7.694s] [ 33%] [32mBuilding CXX object CMakeFiles/mrpt_icp_slam_2d.dir/src/mrpt_icp_slam_2d_wrapper.cpp.o[0m
[7.695s] [ 66%] [32mBuilding CXX object CMakeFiles/mrpt_icp_slam_2d.dir/src/mrpt_icp_slam_2d_app.cpp.o[0m
